
> claimshark-dashboard@0.1.0 build
> next build

  Ôû▓ Next.js 14.2.6

   Creating an optimized production build ...
npm :  ÔÜá Compiled with warnings
Au caractère Ligne:1 : 1
+ npm run build > build-output.txt 2>&1
+ ~~~~~~~~~~~~~~~~~~~~~~~~~~~~~~~~~~~~~
    + CategoryInfo          : NotSpecified: ( ÔÜá Compiled with warnings:String) [], RemoteException
    + FullyQualifiedErrorId : NativeCommandError
 

./node_modules/next/dist/build/deployment-id.js
There are multiple modules with names that only differ in casing.
This can lead to unexpected behavior when compiling on a filesystem with other case-semantic.
Use equal casing. Compare these module identifiers:
* C:\Users\zacan\Desktop\Dev\claimshark-dashboard\node_modules\next\dist\build\deployment-id.js
    Used by 1 module(s), i. e.
    C:\Users\zacan\Desktop\Dev\claimshark-dashboard\node_modules\next\dist\build\webpack\loaders\next-swc-loader.js??ruleSet[1].rules[15].oneOf[7].use[0]!C:\Users\zacan\D
esktop\Dev\claimshark-dashboard\node_modules\next\dist\client\route-loader.js
* C:\Users\zacan\desktop\dev\claimshark-dashboard\node_modules\next\dist\build\deployment-id.js
    Used by 2 module(s), i. e.
    C:\Users\zacan\Desktop\Dev\claimshark-dashboard\node_modules\next\dist\build\webpack\loaders\next-swc-loader.js??ruleSet[1].rules[15].oneOf[7].use[0]!C:\Users\zacan\d
esktop\dev\claimshark-dashboard\node_modules\next\dist\client\webpack.js

Import trace for requested module:
./node_modules/next/dist/build/deployment-id.js
./node_modules/next/dist/client/route-loader.js
./node_modules/next/dist/shared/lib/router/router.js

./node_modules/next/dist/client/add-base-path.js
There are multiple modules with names that only differ in casing.
This can lead to unexpected behavior when compiling on a filesystem with other case-semantic.
Use equal casing. Compare these module identifiers:
* C:\Users\zacan\Desktop\Dev\claimshark-dashboard\node_modules\next\dist\build\webpack\loaders\next-swc-loader.js??ruleSet[1].rules[15].oneOf[7].use[0]!C:\Users\zacan\Des
ktop\Dev\claimshark-dashboard\node_modules\next\dist\client\add-base-path.js
    Used by 2 module(s), i. e.
    C:\Users\zacan\Desktop\Dev\claimshark-dashboard\node_modules\next\dist\build\webpack\loaders\next-swc-loader.js??ruleSet[1].rules[15].oneOf[7].use[0]!C:\Users\zacan\D
esktop\Dev\claimshark-dashboard\node_modules\next\dist\shared\lib\router\router.js
* C:\Users\zacan\Desktop\Dev\claimshark-dashboard\node_modules\next\dist\build\webpack\loaders\next-swc-loader.js??ruleSet[1].rules[15].oneOf[7].use[0]!C:\Users\zacan\des
ktop\dev\claimshark-dashboard\node_modules\next\dist\client\add-base-path.js
    Used by 3 module(s), i. e.
    C:\Users\zacan\Desktop\Dev\claimshark-dashboard\node_modules\next\dist\build\webpack\loaders\next-swc-loader.js??ruleSet[1].rules[15].oneOf[7].use[0]!C:\Users\zacan\d
esktop\dev\claimshark-dashboard\node_modules\next\dist\client\page-loader.js

Import trace for requested module:
./node_modules/next/dist/client/add-base-path.js
./node_modules/next/dist/shared/lib/router/router.js

./node_modules/next/dist/client/add-locale.js
There are multiple modules with names that only differ in casing.
This can lead to unexpected behavior when compiling on a filesystem with other case-semantic.
Use equal casing. Compare these module identifiers:
* C:\Users\zacan\Desktop\Dev\claimshark-dashboard\node_modules\next\dist\build\webpack\loaders\next-swc-loader.js??ruleSet[1].rules[15].oneOf[7].use[0]!C:\Users\zacan\Des
ktop\Dev\claimshark-dashboard\node_modules\next\dist\client\add-locale.js
    Used by 2 module(s), i. e.
    C:\Users\zacan\Desktop\Dev\claimshark-dashboard\node_modules\next\dist\build\webpack\loaders\next-swc-loader.js??ruleSet[1].rules[15].oneOf[7].use[0]!C:\Users\zacan\D
esktop\Dev\claimshark-dashboard\node_modules\next\dist\shared\lib\router\router.js
* C:\Users\zacan\Desktop\Dev\claimshark-dashboard\node_modules\next\dist\build\webpack\loaders\next-swc-loader.js??ruleSet[1].rules[15].oneOf[7].use[0]!C:\Users\zacan\des
ktop\dev\claimshark-dashboard\node_modules\next\dist\client\add-locale.js
    Used by 3 module(s), i. e.
    C:\Users\zacan\Desktop\Dev\claimshark-dashboard\node_modules\next\dist\build\webpack\loaders\next-swc-loader.js??ruleSet[1].rules[15].oneOf[7].use[0]!C:\Users\zacan\d
esktop\dev\claimshark-dashboard\node_modules\next\dist\client\page-loader.js

Import trace for requested module:
./node_modules/next/dist/client/add-locale.js
./node_modules/next/dist/shared/lib/router/router.js

./node_modules/next/dist/client/detect-domain-locale.js
There are multiple modules with names that only differ in casing.
This can lead to unexpected behavior when compiling on a filesystem with other case-semantic.
Use equal casing. Compare these module identifiers:
* C:\Users\zacan\Desktop\Dev\claimshark-dashboard\node_modules\next\dist\build\webpack\loaders\next-swc-loader.js??ruleSet[1].rules[15].oneOf[7].use[0]!C:\Users\zacan\Des
ktop\Dev\claimshark-dashboard\node_modules\next\dist\client\detect-domain-locale.js
    Used by 2 module(s), i. e.
    C:\Users\zacan\Desktop\Dev\claimshark-dashboard\node_modules\next\dist\build\webpack\loaders\next-swc-loader.js??ruleSet[1].rules[15].oneOf[7].use[0]!C:\Users\zacan\D
esktop\Dev\claimshark-dashboard\node_modules\next\dist\shared\lib\router\router.js
* C:\Users\zacan\Desktop\Dev\claimshark-dashboard\node_modules\next\dist\build\webpack\loaders\next-swc-loader.js??ruleSet[1].rules[15].oneOf[7].use[0]!C:\Users\zacan\des
ktop\dev\claimshark-dashboard\node_modules\next\dist\client\detect-domain-locale.js
    Used by 2 module(s), i. e.
    C:\Users\zacan\Desktop\Dev\claimshark-dashboard\node_modules\next\dist\build\webpack\loaders\next-swc-loader.js??ruleSet[1].rules[15].oneOf[7].use[0]!C:\Users\zacan\d
esktop\dev\claimshark-dashboard\node_modules\next\dist\shared\lib\router\router.js

Import trace for requested module:
./node_modules/next/dist/client/detect-domain-locale.js
./node_modules/next/dist/shared/lib/router/router.js

./node_modules/next/dist/client/has-base-path.js
There are multiple modules with names that only differ in casing.
This can lead to unexpected behavior when compiling on a filesystem with other case-semantic.
Use equal casing. Compare these module identifiers:
* C:\Users\zacan\Desktop\Dev\claimshark-dashboard\node_modules\next\dist\build\webpack\loaders\next-swc-loader.js??ruleSet[1].rules[15].oneOf[7].use[0]!C:\Users\zacan\Des
ktop\Dev\claimshark-dashboard\node_modules\next\dist\client\has-base-path.js
    Used by 4 module(s), i. e.
    C:\Users\zacan\Desktop\Dev\claimshark-dashboard\node_modules\next\dist\build\webpack\loaders\next-swc-loader.js??ruleSet[1].rules[15].oneOf[7].use[0]!C:\Users\zacan\D
esktop\Dev\claimshark-dashboard\node_modules\next\dist\shared\lib\router\router.js
* C:\Users\zacan\Desktop\Dev\claimshark-dashboard\node_modules\next\dist\build\webpack\loaders\next-swc-loader.js??ruleSet[1].rules[15].oneOf[7].use[0]!C:\Users\zacan\des
ktop\dev\claimshark-dashboard\node_modules\next\dist\client\has-base-path.js
    Used by 5 module(s), i. e.
    C:\Users\zacan\Desktop\Dev\claimshark-dashboard\node_modules\next\dist\build\webpack\loaders\next-swc-loader.js??ruleSet[1].rules[15].oneOf[7].use[0]!C:\Users\zacan\d
esktop\dev\claimshark-dashboard\node_modules\next\dist\client\index.js

Import trace for requested module:
./node_modules/next/dist/client/has-base-path.js
./node_modules/next/dist/shared/lib/router/router.js

./node_modules/next/dist/client/head-manager.js
There are multiple modules with names that only differ in casing.
This can lead to unexpected behavior when compiling on a filesystem with other case-semantic.
Use equal casing. Compare these module identifiers:
* C:\Users\zacan\Desktop\Dev\claimshark-dashboard\node_modules\next\dist\build\webpack\loaders\next-swc-loader.js??ruleSet[1].rules[15].oneOf[7].use[0]!C:\Users\zacan\Des
ktop\Dev\claimshark-dashboard\node_modules\next\dist\client\head-manager.js
    Used by 2 module(s), i. e.
    C:\Users\zacan\Desktop\Dev\claimshark-dashboard\node_modules\next\dist\build\webpack\loaders\next-swc-loader.js??ruleSet[1].rules[15].oneOf[7].use[0]!C:\Users\zacan\D
esktop\Dev\claimshark-dashboard\node_modules\next\dist\client\script.js
* C:\Users\zacan\Desktop\Dev\claimshark-dashboard\node_modules\next\dist\build\webpack\loaders\next-swc-loader.js??ruleSet[1].rules[15].oneOf[7].use[0]!C:\Users\zacan\des
ktop\dev\claimshark-dashboard\node_modules\next\dist\client\head-manager.js
    Used by 3 module(s), i. e.
    C:\Users\zacan\Desktop\Dev\claimshark-dashboard\node_modules\next\dist\build\webpack\loaders\next-swc-loader.js??ruleSet[1].rules[15].oneOf[7].use[0]!C:\Users\zacan\d
esktop\dev\claimshark-dashboard\node_modules\next\dist\client\index.js

Import trace for requested module:
./node_modules/next/dist/client/head-manager.js
./node_modules/next/dist/client/script.js
./node_modules/next/dist/shared/lib/router/router.js

./node_modules/next/dist/client/normalize-trailing-slash.js
There are multiple modules with names that only differ in casing.
This can lead to unexpected behavior when compiling on a filesystem with other case-semantic.
Use equal casing. Compare these module identifiers:
* C:\Users\zacan\Desktop\Dev\claimshark-dashboard\node_modules\next\dist\build\webpack\loaders\next-swc-loader.js??ruleSet[1].rules[15].oneOf[7].use[0]!C:\Users\zacan\Des
ktop\Dev\claimshark-dashboard\node_modules\next\dist\client\normalize-trailing-slash.js
    Used by 4 module(s), i. e.
    C:\Users\zacan\Desktop\Dev\claimshark-dashboard\node_modules\next\dist\build\webpack\loaders\next-swc-loader.js??ruleSet[1].rules[15].oneOf[7].use[0]!C:\Users\zacan\D
esktop\Dev\claimshark-dashboard\node_modules\next\dist\client\add-locale.js
* C:\Users\zacan\Desktop\Dev\claimshark-dashboard\node_modules\next\dist\build\webpack\loaders\next-swc-loader.js??ruleSet[1].rules[15].oneOf[7].use[0]!C:\Users\zacan\des
ktop\dev\claimshark-dashboard\node_modules\next\dist\client\normalize-trailing-slash.js
    Used by 4 module(s), i. e.
    C:\Users\zacan\Desktop\Dev\claimshark-dashboard\node_modules\next\dist\build\webpack\loaders\next-swc-loader.js??ruleSet[1].rules[15].oneOf[7].use[0]!C:\Users\zacan\d
esktop\dev\claimshark-dashboard\node_modules\next\dist\client\add-base-path.js

Import trace for requested module:
./node_modules/next/dist/client/normalize-trailing-slash.js
./node_modules/next/dist/client/add-locale.js
./node_modules/next/dist/shared/lib/router/router.js

./node_modules/next/dist/client/remove-base-path.js
There are multiple modules with names that only differ in casing.
This can lead to unexpected behavior when compiling on a filesystem with other case-semantic.
Use equal casing. Compare these module identifiers:
* C:\Users\zacan\Desktop\Dev\claimshark-dashboard\node_modules\next\dist\build\webpack\loaders\next-swc-loader.js??ruleSet[1].rules[15].oneOf[7].use[0]!C:\Users\zacan\Des
ktop\Dev\claimshark-dashboard\node_modules\next\dist\client\remove-base-path.js
    Used by 2 module(s), i. e.
    C:\Users\zacan\Desktop\Dev\claimshark-dashboard\node_modules\next\dist\build\webpack\loaders\next-swc-loader.js??ruleSet[1].rules[15].oneOf[7].use[0]!C:\Users\zacan\D
esktop\Dev\claimshark-dashboard\node_modules\next\dist\shared\lib\router\router.js
* C:\Users\zacan\Desktop\Dev\claimshark-dashboard\node_modules\next\dist\build\webpack\loaders\next-swc-loader.js??ruleSet[1].rules[15].oneOf[7].use[0]!C:\Users\zacan\des
ktop\dev\claimshark-dashboard\node_modules\next\dist\client\remove-base-path.js
    Used by 4 module(s), i. e.
    C:\Users\zacan\Desktop\Dev\claimshark-dashboard\node_modules\next\dist\build\webpack\loaders\next-swc-loader.js??ruleSet[1].rules[15].oneOf[7].use[0]!C:\Users\zacan\d
esktop\dev\claimshark-dashboard\node_modules\next\dist\client\index.js

Import trace for requested module:
./node_modules/next/dist/client/remove-base-path.js
./node_modules/next/dist/shared/lib/router/router.js

./node_modules/next/dist/client/remove-locale.js
There are multiple modules with names that only differ in casing.
This can lead to unexpected behavior when compiling on a filesystem with other case-semantic.
Use equal casing. Compare these module identifiers:
* C:\Users\zacan\Desktop\Dev\claimshark-dashboard\node_modules\next\dist\build\webpack\loaders\next-swc-loader.js??ruleSet[1].rules[15].oneOf[7].use[0]!C:\Users\zacan\Des
ktop\Dev\claimshark-dashboard\node_modules\next\dist\client\remove-locale.js
    Used by 2 module(s), i. e.
    C:\Users\zacan\Desktop\Dev\claimshark-dashboard\node_modules\next\dist\build\webpack\loaders\next-swc-loader.js??ruleSet[1].rules[15].oneOf[7].use[0]!C:\Users\zacan\D
esktop\Dev\claimshark-dashboard\node_modules\next\dist\shared\lib\router\router.js
* C:\Users\zacan\Desktop\Dev\claimshark-dashboard\node_modules\next\dist\build\webpack\loaders\next-swc-loader.js??ruleSet[1].rules[15].oneOf[7].use[0]!C:\Users\zacan\des
ktop\dev\claimshark-dashboard\node_modules\next\dist\client\remove-locale.js
    Used by 2 module(s), i. e.
    C:\Users\zacan\Desktop\Dev\claimshark-dashboard\node_modules\next\dist\build\webpack\loaders\next-swc-loader.js??ruleSet[1].rules[15].oneOf[7].use[0]!C:\Users\zacan\d
esktop\dev\claimshark-dashboard\node_modules\next\dist\shared\lib\router\router.js

Import trace for requested module:
./node_modules/next/dist/client/remove-locale.js
./node_modules/next/dist/shared/lib/router/router.js

./node_modules/next/dist/client/request-idle-callback.js
There are multiple modules with names that only differ in casing.
This can lead to unexpected behavior when compiling on a filesystem with other case-semantic.
Use equal casing. Compare these module identifiers:
* C:\Users\zacan\Desktop\Dev\claimshark-dashboard\node_modules\next\dist\build\webpack\loaders\next-swc-loader.js??ruleSet[1].rules[15].oneOf[7].use[0]!C:\Users\zacan\Des
ktop\Dev\claimshark-dashboard\node_modules\next\dist\client\request-idle-callback.js
    Used by 3 module(s), i. e.
    C:\Users\zacan\Desktop\Dev\claimshark-dashboard\node_modules\next\dist\build\webpack\loaders\next-swc-loader.js??ruleSet[1].rules[15].oneOf[7].use[0]!C:\Users\zacan\D
esktop\Dev\claimshark-dashboard\node_modules\next\dist\client\route-loader.js
* C:\Users\zacan\Desktop\Dev\claimshark-dashboard\node_modules\next\dist\build\webpack\loaders\next-swc-loader.js??ruleSet[1].rules[15].oneOf[7].use[0]!C:\Users\zacan\des
ktop\dev\claimshark-dashboard\node_modules\next\dist\client\request-idle-callback.js
    Used by 3 module(s), i. e.
    C:\Users\zacan\Desktop\Dev\claimshark-dashboard\node_modules\next\dist\build\webpack\loaders\next-swc-loader.js??ruleSet[1].rules[15].oneOf[7].use[0]!C:\Users\zacan\d
esktop\dev\claimshark-dashboard\node_modules\next\dist\client\script.js

Import trace for requested module:
./node_modules/next/dist/client/request-idle-callback.js
./node_modules/next/dist/client/route-loader.js
./node_modules/next/dist/shared/lib/router/router.js

./node_modules/next/dist/client/resolve-href.js
There are multiple modules with names that only differ in casing.
This can lead to unexpected behavior when compiling on a filesystem with other case-semantic.
Use equal casing. Compare these module identifiers:
* C:\Users\zacan\Desktop\Dev\claimshark-dashboard\node_modules\next\dist\build\webpack\loaders\next-swc-loader.js??ruleSet[1].rules[15].oneOf[7].use[0]!C:\Users\zacan\Des
ktop\Dev\claimshark-dashboard\node_modules\next\dist\client\resolve-href.js
    Used by 2 module(s), i. e.
    C:\Users\zacan\Desktop\Dev\claimshark-dashboard\node_modules\next\dist\build\webpack\loaders\next-swc-loader.js??ruleSet[1].rules[15].oneOf[7].use[0]!C:\Users\zacan\D
esktop\Dev\claimshark-dashboard\node_modules\next\dist\shared\lib\router\router.js
* C:\Users\zacan\Desktop\Dev\claimshark-dashboard\node_modules\next\dist\build\webpack\loaders\next-swc-loader.js??ruleSet[1].rules[15].oneOf[7].use[0]!C:\Users\zacan\des
ktop\dev\claimshark-dashboard\node_modules\next\dist\client\resolve-href.js
    Used by 2 module(s), i. e.
    C:\Users\zacan\Desktop\Dev\claimshark-dashboard\node_modules\next\dist\build\webpack\loaders\next-swc-loader.js??ruleSet[1].rules[15].oneOf[7].use[0]!C:\Users\zacan\d
esktop\dev\claimshark-dashboard\node_modules\next\dist\shared\lib\router\router.js

Import trace for requested module:
./node_modules/next/dist/client/resolve-href.js
./node_modules/next/dist/shared/lib/router/router.js

./node_modules/next/dist/client/route-loader.js
There are multiple modules with names that only differ in casing.
This can lead to unexpected behavior when compiling on a filesystem with other case-semantic.
Use equal casing. Compare these module identifiers:
* C:\Users\zacan\Desktop\Dev\claimshark-dashboard\node_modules\next\dist\build\webpack\loaders\next-swc-loader.js??ruleSet[1].rules[15].oneOf[7].use[0]!C:\Users\zacan\Des
ktop\Dev\claimshark-dashboard\node_modules\next\dist\client\route-loader.js
    Used by 2 module(s), i. e.
    C:\Users\zacan\Desktop\Dev\claimshark-dashboard\node_modules\next\dist\build\webpack\loaders\next-swc-loader.js??ruleSet[1].rules[15].oneOf[7].use[0]!C:\Users\zacan\D
esktop\Dev\claimshark-dashboard\node_modules\next\dist\shared\lib\router\router.js
* C:\Users\zacan\Desktop\Dev\claimshark-dashboard\node_modules\next\dist\build\webpack\loaders\next-swc-loader.js??ruleSet[1].rules[15].oneOf[7].use[0]!C:\Users\zacan\des
ktop\dev\claimshark-dashboard\node_modules\next\dist\client\route-loader.js
    Used by 3 module(s), i. e.
    C:\Users\zacan\Desktop\Dev\claimshark-dashboard\node_modules\next\dist\build\webpack\loaders\next-swc-loader.js??ruleSet[1].rules[15].oneOf[7].use[0]!C:\Users\zacan\d
esktop\dev\claimshark-dashboard\node_modules\next\dist\client\page-loader.js

Import trace for requested module:
./node_modules/next/dist/client/route-loader.js
./node_modules/next/dist/shared/lib/router/router.js

./node_modules/next/dist/client/router.js
There are multiple modules with names that only differ in casing.
This can lead to unexpected behavior when compiling on a filesystem with other case-semantic.
Use equal casing. Compare these module identifiers:
* C:\Users\zacan\Desktop\Dev\claimshark-dashboard\node_modules\next\dist\build\webpack\loaders\next-swc-loader.js??ruleSet[1].rules[15].oneOf[7].use[0]!C:\Users\zacan\Des
ktop\Dev\claimshark-dashboard\node_modules\next\dist\client\router.js
    Used by 2 module(s), i. e.
    C:\Users\zacan\Desktop\Dev\claimshark-dashboard\node_modules\next\dist\build\webpack\loaders\next-swc-loader.js??ruleSet[1].rules[15].oneOf[7].use[0]!C:\Users\zacan\D
esktop\Dev\claimshark-dashboard\node_modules\next\dist\client\router.js
* C:\Users\zacan\Desktop\Dev\claimshark-dashboard\node_modules\next\dist\build\webpack\loaders\next-swc-loader.js??ruleSet[1].rules[15].oneOf[7].use[0]!C:\Users\zacan\des
ktop\dev\claimshark-dashboard\node_modules\next\dist\client\router.js
    Used by 4 module(s), i. e.
    C:\Users\zacan\Desktop\Dev\claimshark-dashboard\node_modules\next\dist\build\webpack\loaders\next-swc-loader.js??ruleSet[1].rules[15].oneOf[7].use[0]!C:\Users\zacan\d
esktop\dev\claimshark-dashboard\node_modules\next\dist\client\index.js

./node_modules/next/dist/client/script.js
There are multiple modules with names that only differ in casing.
This can lead to unexpected behavior when compiling on a filesystem with other case-semantic.
Use equal casing. Compare these module identifiers:
* C:\Users\zacan\Desktop\Dev\claimshark-dashboard\node_modules\next\dist\build\webpack\loaders\next-swc-loader.js??ruleSet[1].rules[15].oneOf[7].use[0]!C:\Users\zacan\Des
ktop\Dev\claimshark-dashboard\node_modules\next\dist\client\script.js
    Used by 2 module(s), i. e.
    C:\Users\zacan\Desktop\Dev\claimshark-dashboard\node_modules\next\dist\build\webpack\loaders\next-swc-loader.js??ruleSet[1].rules[15].oneOf[7].use[0]!C:\Users\zacan\D
esktop\Dev\claimshark-dashboard\node_modules\next\dist\shared\lib\router\router.js
* C:\Users\zacan\Desktop\Dev\claimshark-dashboard\node_modules\next\dist\build\webpack\loaders\next-swc-loader.js??ruleSet[1].rules[15].oneOf[7].use[0]!C:\Users\zacan\des
ktop\dev\claimshark-dashboard\node_modules\next\dist\client\script.js
    Used by 3 module(s), i. e.
    C:\Users\zacan\Desktop\Dev\claimshark-dashboard\node_modules\next\dist\build\webpack\loaders\next-swc-loader.js??ruleSet[1].rules[15].oneOf[7].use[0]!C:\Users\zacan\d
esktop\dev\claimshark-dashboard\node_modules\next\dist\client\index.js

Import trace for requested module:
./node_modules/next/dist/client/script.js
./node_modules/next/dist/shared/lib/router/router.js

./node_modules/next/dist/client/trusted-types.js
There are multiple modules with names that only differ in casing.
This can lead to unexpected behavior when compiling on a filesystem with other case-semantic.
Use equal casing. Compare these module identifiers:
* C:\Users\zacan\Desktop\Dev\claimshark-dashboard\node_modules\next\dist\build\webpack\loaders\next-swc-loader.js??ruleSet[1].rules[15].oneOf[7].use[0]!C:\Users\zacan\Des
ktop\Dev\claimshark-dashboard\node_modules\next\dist\client\trusted-types.js
    Used by 2 module(s), i. e.
    C:\Users\zacan\Desktop\Dev\claimshark-dashboard\node_modules\next\dist\build\webpack\loaders\next-swc-loader.js??ruleSet[1].rules[15].oneOf[7].use[0]!C:\Users\zacan\D
esktop\Dev\claimshark-dashboard\node_modules\next\dist\client\route-loader.js
* C:\Users\zacan\Desktop\Dev\claimshark-dashboard\node_modules\next\dist\build\webpack\loaders\next-swc-loader.js??ruleSet[1].rules[15].oneOf[7].use[0]!C:\Users\zacan\des
ktop\dev\claimshark-dashboard\node_modules\next\dist\client\trusted-types.js
    Used by 2 module(s), i. e.
    C:\Users\zacan\Desktop\Dev\claimshark-dashboard\node_modules\next\dist\build\webpack\loaders\next-swc-loader.js??ruleSet[1].rules[15].oneOf[7].use[0]!C:\Users\zacan\d
esktop\dev\claimshark-dashboard\node_modules\next\dist\client\route-loader.js

Import trace for requested module:
./node_modules/next/dist/client/trusted-types.js
./node_modules/next/dist/client/route-loader.js
./node_modules/next/dist/shared/lib/router/router.js

./node_modules/next/dist/client/with-router.js
There are multiple modules with names that only differ in casing.
This can lead to unexpected behavior when compiling on a filesystem with other case-semantic.
Use equal casing. Compare these module identifiers:
* C:\Users\zacan\Desktop\Dev\claimshark-dashboard\node_modules\next\dist\build\webpack\loaders\next-swc-loader.js??ruleSet[1].rules[15].oneOf[7].use[0]!C:\Users\zacan\Des
ktop\Dev\claimshark-dashboard\node_modules\next\dist\client\with-router.js
    Used by 2 module(s), i. e.
    C:\Users\zacan\Desktop\Dev\claimshark-dashboard\node_modules\next\dist\build\webpack\loaders\next-swc-loader.js??ruleSet[1].rules[15].oneOf[7].use[0]!C:\Users\zacan\D
esktop\Dev\claimshark-dashboard\node_modules\next\dist\client\router.js
* C:\Users\zacan\Desktop\Dev\claimshark-dashboard\node_modules\next\dist\build\webpack\loaders\next-swc-loader.js??ruleSet[1].rules[15].oneOf[7].use[0]!C:\Users\zacan\des
ktop\dev\claimshark-dashboard\node_modules\next\dist\client\with-router.js
    Used by 2 module(s), i. e.
    C:\Users\zacan\Desktop\Dev\claimshark-dashboard\node_modules\next\dist\build\webpack\loaders\next-swc-loader.js??ruleSet[1].rules[15].oneOf[7].use[0]!C:\Users\zacan\d
esktop\dev\claimshark-dashboard\node_modules\next\dist\client\router.js

Import trace for requested module:
./node_modules/next/dist/client/with-router.js

./node_modules/next/dist/pages/_app.js
There are multiple modules with names that only differ in casing.
This can lead to unexpected behavior when compiling on a filesystem with other case-semantic.
Use equal casing. Compare these module identifiers:
* C:\Users\zacan\Desktop\Dev\claimshark-dashboard\node_modules\next\dist\build\webpack\loaders\next-swc-loader.js??ruleSet[1].rules[15].oneOf[7].use[0]!C:\Users\zacan\Des
ktop\Dev\claimshark-dashboard\node_modules\next\dist\pages\_app.js
    Used by 2 module(s), i. e.
    C:\Users\zacan\Desktop\Dev\claimshark-dashboard\node_modules\next\dist\build\webpack\loaders\next-client-pages-loader.js?absolutePagePath=next%2Fdist%2Fpages%2F_app&p
age=%2F_app!
* C:\Users\zacan\Desktop\Dev\claimshark-dashboard\node_modules\next\dist\build\webpack\loaders\next-swc-loader.js??ruleSet[1].rules[15].oneOf[7].use[0]!C:\Users\zacan\des
ktop\dev\claimshark-dashboard\node_modules\next\dist\pages\_app.js
    Used by 2 module(s), i. e.
    C:\Users\zacan\Desktop\Dev\claimshark-dashboard\node_modules\next\dist\build\webpack\loaders\next-swc-loader.js??ruleSet[1].rules[15].oneOf[7].use[0]!C:\Users\zacan\d
esktop\dev\claimshark-dashboard\node_modules\next\dist\client\index.js

./node_modules/next/dist/pages/_error.js
There are multiple modules with names that only differ in casing.
This can lead to unexpected behavior when compiling on a filesystem with other case-semantic.
Use equal casing. Compare these module identifiers:
* C:\Users\zacan\Desktop\Dev\claimshark-dashboard\node_modules\next\dist\build\webpack\loaders\next-swc-loader.js??ruleSet[1].rules[15].oneOf[7].use[0]!C:\Users\zacan\Des
ktop\Dev\claimshark-dashboard\node_modules\next\dist\pages\_error.js
    Used by 2 module(s), i. e.
    C:\Users\zacan\Desktop\Dev\claimshark-dashboard\node_modules\next\dist\build\webpack\loaders\next-client-pages-loader.js?absolutePagePath=next%2Fdist%2Fpages%2F_error
&page=%2F_error!
* C:\Users\zacan\Desktop\Dev\claimshark-dashboard\node_modules\next\dist\build\webpack\loaders\next-swc-loader.js??ruleSet[1].rules[15].oneOf[7].use[0]!C:\Users\zacan\des
ktop\dev\claimshark-dashboard\node_modules\next\dist\pages\_error.js
    Used by 2 module(s), i. e.
    C:\Users\zacan\Desktop\Dev\claimshark-dashboard\node_modules\next\dist\build\webpack\loaders\next-swc-loader.js??ruleSet[1].rules[15].oneOf[7].use[0]!C:\Users\zacan\d
esktop\dev\claimshark-dashboard\node_modules\next\dist\client\index.js

./node_modules/next/dist/shared/lib/amp-context.shared-runtime.js
There are multiple modules with names that only differ in casing.
This can lead to unexpected behavior when compiling on a filesystem with other case-semantic.
Use equal casing. Compare these module identifiers:
* C:\Users\zacan\Desktop\Dev\claimshark-dashboard\node_modules\next\dist\build\webpack\loaders\next-swc-loader.js??ruleSet[1].rules[15].oneOf[7].use[0]!C:\Users\zacan\Des
ktop\Dev\claimshark-dashboard\node_modules\next\dist\shared\lib\amp-context.shared-runtime.js
    Used by 1 module(s), i. e.
    C:\Users\zacan\Desktop\Dev\claimshark-dashboard\node_modules\next\dist\build\webpack\loaders\next-swc-loader.js??ruleSet[1].rules[15].oneOf[7].use[0]!C:\Users\zacan\D
esktop\Dev\claimshark-dashboard\node_modules\next\dist\shared\lib\head.js
* C:\Users\zacan\Desktop\Dev\claimshark-dashboard\node_modules\next\dist\build\webpack\loaders\next-swc-loader.js??ruleSet[1].rules[15].oneOf[7].use[0]!C:\Users\zacan\des
ktop\dev\claimshark-dashboard\node_modules\next\dist\shared\lib\amp-context.shared-runtime.js
    Used by 1 module(s), i. e.
    C:\Users\zacan\Desktop\Dev\claimshark-dashboard\node_modules\next\dist\build\webpack\loaders\next-swc-loader.js??ruleSet[1].rules[15].oneOf[7].use[0]!C:\Users\zacan\d
esktop\dev\claimshark-dashboard\node_modules\next\dist\shared\lib\head.js

Import trace for requested module:
./node_modules/next/dist/shared/lib/amp-context.shared-runtime.js
./node_modules/next/dist/shared/lib/head.js

./node_modules/next/dist/shared/lib/amp-mode.js
There are multiple modules with names that only differ in casing.
This can lead to unexpected behavior when compiling on a filesystem with other case-semantic.
Use equal casing. Compare these module identifiers:
* C:\Users\zacan\Desktop\Dev\claimshark-dashboard\node_modules\next\dist\build\webpack\loaders\next-swc-loader.js??ruleSet[1].rules[15].oneOf[7].use[0]!C:\Users\zacan\Des
ktop\Dev\claimshark-dashboard\node_modules\next\dist\shared\lib\amp-mode.js
    Used by 1 module(s), i. e.
    C:\Users\zacan\Desktop\Dev\claimshark-dashboard\node_modules\next\dist\build\webpack\loaders\next-swc-loader.js??ruleSet[1].rules[15].oneOf[7].use[0]!C:\Users\zacan\D
esktop\Dev\claimshark-dashboard\node_modules\next\dist\shared\lib\head.js
* C:\Users\zacan\Desktop\Dev\claimshark-dashboard\node_modules\next\dist\build\webpack\loaders\next-swc-loader.js??ruleSet[1].rules[15].oneOf[7].use[0]!C:\Users\zacan\des
ktop\dev\claimshark-dashboard\node_modules\next\dist\shared\lib\amp-mode.js
    Used by 1 module(s), i. e.
    C:\Users\zacan\Desktop\Dev\claimshark-dashboard\node_modules\next\dist\build\webpack\loaders\next-swc-loader.js??ruleSet[1].rules[15].oneOf[7].use[0]!C:\Users\zacan\d
esktop\dev\claimshark-dashboard\node_modules\next\dist\shared\lib\head.js

Import trace for requested module:
./node_modules/next/dist/shared/lib/amp-mode.js
./node_modules/next/dist/shared/lib/head.js

./node_modules/next/dist/shared/lib/bloom-filter.js
There are multiple modules with names that only differ in casing.
This can lead to unexpected behavior when compiling on a filesystem with other case-semantic.
Use equal casing. Compare these module identifiers:
* C:\Users\zacan\Desktop\Dev\claimshark-dashboard\node_modules\next\dist\build\webpack\loaders\next-swc-loader.js??ruleSet[1].rules[15].oneOf[7].use[0]!C:\Users\zacan\Des
ktop\Dev\claimshark-dashboard\node_modules\next\dist\shared\lib\bloom-filter.js
    Used by 1 module(s), i. e.
    C:\Users\zacan\Desktop\Dev\claimshark-dashboard\node_modules\next\dist\build\webpack\loaders\next-swc-loader.js??ruleSet[1].rules[15].oneOf[7].use[0]!C:\Users\zacan\D
esktop\Dev\claimshark-dashboard\node_modules\next\dist\shared\lib\router\router.js
* C:\Users\zacan\Desktop\Dev\claimshark-dashboard\node_modules\next\dist\build\webpack\loaders\next-swc-loader.js??ruleSet[1].rules[15].oneOf[7].use[0]!C:\Users\zacan\des
ktop\dev\claimshark-dashboard\node_modules\next\dist\shared\lib\bloom-filter.js
    Used by 1 module(s), i. e.
    C:\Users\zacan\Desktop\Dev\claimshark-dashboard\node_modules\next\dist\build\webpack\loaders\next-swc-loader.js??ruleSet[1].rules[15].oneOf[7].use[0]!C:\Users\zacan\d
esktop\dev\claimshark-dashboard\node_modules\next\dist\shared\lib\router\router.js

Import trace for requested module:
./node_modules/next/dist/shared/lib/bloom-filter.js
./node_modules/next/dist/shared/lib/router/router.js

./node_modules/next/dist/shared/lib/escape-regexp.js
There are multiple modules with names that only differ in casing.
This can lead to unexpected behavior when compiling on a filesystem with other case-semantic.
Use equal casing. Compare these module identifiers:
* C:\Users\zacan\Desktop\Dev\claimshark-dashboard\node_modules\next\dist\build\webpack\loaders\next-swc-loader.js??ruleSet[1].rules[15].oneOf[7].use[0]!C:\Users\zacan\Des
ktop\Dev\claimshark-dashboard\node_modules\next\dist\shared\lib\escape-regexp.js
    Used by 1 module(s), i. e.
    C:\Users\zacan\Desktop\Dev\claimshark-dashboard\node_modules\next\dist\build\webpack\loaders\next-swc-loader.js??ruleSet[1].rules[15].oneOf[7].use[0]!C:\Users\zacan\D
esktop\Dev\claimshark-dashboard\node_modules\next\dist\shared\lib\router\utils\route-regex.js
* C:\Users\zacan\Desktop\Dev\claimshark-dashboard\node_modules\next\dist\build\webpack\loaders\next-swc-loader.js??ruleSet[1].rules[15].oneOf[7].use[0]!C:\Users\zacan\des
ktop\dev\claimshark-dashboard\node_modules\next\dist\shared\lib\escape-regexp.js
    Used by 2 module(s), i. e.
    C:\Users\zacan\Desktop\Dev\claimshark-dashboard\node_modules\next\dist\build\webpack\loaders\next-swc-loader.js??ruleSet[1].rules[15].oneOf[7].use[0]!C:\Users\zacan\d
esktop\dev\claimshark-dashboard\node_modules\next\dist\shared\lib\router\utils\route-regex.js

Import trace for requested module:
./node_modules/next/dist/shared/lib/escape-regexp.js
./node_modules/next/dist/shared/lib/router/utils/route-regex.js
./node_modules/next/dist/shared/lib/router/router.js

./node_modules/next/dist/shared/lib/head-manager-context.shared-runtime.js
There are multiple modules with names that only differ in casing.
This can lead to unexpected behavior when compiling on a filesystem with other case-semantic.
Use equal casing. Compare these module identifiers:
* C:\Users\zacan\Desktop\Dev\claimshark-dashboard\node_modules\next\dist\build\webpack\loaders\next-swc-loader.js??ruleSet[1].rules[15].oneOf[7].use[0]!C:\Users\zacan\Des
ktop\Dev\claimshark-dashboard\node_modules\next\dist\shared\lib\head-manager-context.shared-runtime.js
    Used by 2 module(s), i. e.
    C:\Users\zacan\Desktop\Dev\claimshark-dashboard\node_modules\next\dist\build\webpack\loaders\next-swc-loader.js??ruleSet[1].rules[15].oneOf[7].use[0]!C:\Users\zacan\D
esktop\Dev\claimshark-dashboard\node_modules\next\dist\shared\lib\head.js
* C:\Users\zacan\Desktop\Dev\claimshark-dashboard\node_modules\next\dist\build\webpack\loaders\next-swc-loader.js??ruleSet[1].rules[15].oneOf[7].use[0]!C:\Users\zacan\des
ktop\dev\claimshark-dashboard\node_modules\next\dist\shared\lib\head-manager-context.shared-runtime.js
    Used by 3 module(s), i. e.
    C:\Users\zacan\Desktop\Dev\claimshark-dashboard\node_modules\next\dist\build\webpack\loaders\next-swc-loader.js??ruleSet[1].rules[15].oneOf[7].use[0]!C:\Users\zacan\d
esktop\dev\claimshark-dashboard\node_modules\next\dist\client\index.js

Import trace for requested module:
./node_modules/next/dist/shared/lib/head-manager-context.shared-runtime.js
./node_modules/next/dist/shared/lib/head.js

./node_modules/next/dist/shared/lib/head.js
There are multiple modules with names that only differ in casing.
This can lead to unexpected behavior when compiling on a filesystem with other case-semantic.
Use equal casing. Compare these module identifiers:
* C:\Users\zacan\Desktop\Dev\claimshark-dashboard\node_modules\next\dist\build\webpack\loaders\next-swc-loader.js??ruleSet[1].rules[15].oneOf[7].use[0]!C:\Users\zacan\Des
ktop\Dev\claimshark-dashboard\node_modules\next\dist\shared\lib\head.js
    Used by 2 module(s), i. e.
    C:\Users\zacan\Desktop\Dev\claimshark-dashboard\node_modules\next\dist\build\webpack\loaders\next-swc-loader.js??ruleSet[1].rules[15].oneOf[7].use[0]!C:\Users\zacan\D
esktop\Dev\claimshark-dashboard\node_modules\next\dist\pages\_error.js
* C:\Users\zacan\Desktop\Dev\claimshark-dashboard\node_modules\next\dist\build\webpack\loaders\next-swc-loader.js??ruleSet[1].rules[15].oneOf[7].use[0]!C:\Users\zacan\des
ktop\dev\claimshark-dashboard\node_modules\next\dist\shared\lib\head.js
    Used by 2 module(s), i. e.
    C:\Users\zacan\Desktop\Dev\claimshark-dashboard\node_modules\next\dist\build\webpack\loaders\next-swc-loader.js??ruleSet[1].rules[15].oneOf[7].use[0]!C:\Users\zacan\d
esktop\dev\claimshark-dashboard\node_modules\next\dist\pages\_error.js

Import trace for requested module:
./node_modules/next/dist/shared/lib/head.js

./node_modules/next/dist/shared/lib/is-plain-object.js
There are multiple modules with names that only differ in casing.
This can lead to unexpected behavior when compiling on a filesystem with other case-semantic.
Use equal casing. Compare these module identifiers:
* C:\Users\zacan\Desktop\Dev\claimshark-dashboard\node_modules\next\dist\build\webpack\loaders\next-swc-loader.js??ruleSet[1].rules[15].oneOf[7].use[0]!C:\Users\zacan\Des
ktop\Dev\claimshark-dashboard\node_modules\next\dist\shared\lib\is-plain-object.js
    Used by 2 module(s), i. e.
    C:\Users\zacan\Desktop\Dev\claimshark-dashboard\node_modules\next\dist\lib\is-error.js
* C:\Users\zacan\Desktop\Dev\claimshark-dashboard\node_modules\next\dist\build\webpack\loaders\next-swc-loader.js??ruleSet[1].rules[15].oneOf[7].use[0]!C:\Users\zacan\des
ktop\dev\claimshark-dashboard\node_modules\next\dist\shared\lib\is-plain-object.js
    Used by 2 module(s), i. e.
    C:\Users\zacan\desktop\dev\claimshark-dashboard\node_modules\next\dist\lib\is-error.js

Import trace for requested module:
./node_modules/next/dist/shared/lib/is-plain-object.js
./node_modules/next/dist/lib/is-error.js

./node_modules/next/dist/shared/lib/i18n/normalize-locale-path.js
There are multiple modules with names that only differ in casing.
This can lead to unexpected behavior when compiling on a filesystem with other case-semantic.
Use equal casing. Compare these module identifiers:
* C:\Users\zacan\Desktop\Dev\claimshark-dashboard\node_modules\next\dist\build\webpack\loaders\next-swc-loader.js??ruleSet[1].rules[15].oneOf[7].use[0]!C:\Users\zacan\Des
ktop\Dev\claimshark-dashboard\node_modules\next\dist\shared\lib\i18n\normalize-locale-path.js
    Used by 2 module(s), i. e.
    C:\Users\zacan\Desktop\Dev\claimshark-dashboard\node_modules\next\dist\build\webpack\loaders\next-swc-loader.js??ruleSet[1].rules[15].oneOf[7].use[0]!C:\Users\zacan\D
esktop\Dev\claimshark-dashboard\node_modules\next\dist\shared\lib\router\router.js
* C:\Users\zacan\Desktop\Dev\claimshark-dashboard\node_modules\next\dist\build\webpack\loaders\next-swc-loader.js??ruleSet[1].rules[15].oneOf[7].use[0]!C:\Users\zacan\des
ktop\dev\claimshark-dashboard\node_modules\next\dist\shared\lib\i18n\normalize-locale-path.js
    Used by 3 module(s), i. e.
    C:\Users\zacan\Desktop\Dev\claimshark-dashboard\node_modules\next\dist\build\webpack\loaders\next-swc-loader.js??ruleSet[1].rules[15].oneOf[7].use[0]!C:\Users\zacan\d
esktop\dev\claimshark-dashboard\node_modules\next\dist\shared\lib\router\router.js

Import trace for requested module:
./node_modules/next/dist/shared/lib/i18n/normalize-locale-path.js
./node_modules/next/dist/shared/lib/router/router.js

./node_modules/next/dist/shared/lib/mitt.js
There are multiple modules with names that only differ in casing.
This can lead to unexpected behavior when compiling on a filesystem with other case-semantic.
Use equal casing. Compare these module identifiers:
* C:\Users\zacan\Desktop\Dev\claimshark-dashboard\node_modules\next\dist\build\webpack\loaders\next-swc-loader.js??ruleSet[1].rules[15].oneOf[7].use[0]!C:\Users\zacan\Des
ktop\Dev\claimshark-dashboard\node_modules\next\dist\shared\lib\mitt.js
    Used by 1 module(s), i. e.
    C:\Users\zacan\Desktop\Dev\claimshark-dashboard\node_modules\next\dist\build\webpack\loaders\next-swc-loader.js??ruleSet[1].rules[15].oneOf[7].use[0]!C:\Users\zacan\D
esktop\Dev\claimshark-dashboard\node_modules\next\dist\shared\lib\router\router.js
* C:\Users\zacan\Desktop\Dev\claimshark-dashboard\node_modules\next\dist\build\webpack\loaders\next-swc-loader.js??ruleSet[1].rules[15].oneOf[7].use[0]!C:\Users\zacan\des
ktop\dev\claimshark-dashboard\node_modules\next\dist\shared\lib\mitt.js
    Used by 3 module(s), i. e.
    C:\Users\zacan\Desktop\Dev\claimshark-dashboard\node_modules\next\dist\build\webpack\loaders\next-swc-loader.js??ruleSet[1].rules[15].oneOf[7].use[0]!C:\Users\zacan\d
esktop\dev\claimshark-dashboard\node_modules\next\dist\client\index.js

Import trace for requested module:
./node_modules/next/dist/shared/lib/mitt.js
./node_modules/next/dist/shared/lib/router/router.js

./node_modules/next/dist/shared/lib/page-path/denormalize-page-path.js
There are multiple modules with names that only differ in casing.
This can lead to unexpected behavior when compiling on a filesystem with other case-semantic.
Use equal casing. Compare these module identifiers:
* C:\Users\zacan\Desktop\Dev\claimshark-dashboard\node_modules\next\dist\build\webpack\loaders\next-swc-loader.js??ruleSet[1].rules[15].oneOf[7].use[0]!C:\Users\zacan\Des
ktop\Dev\claimshark-dashboard\node_modules\next\dist\shared\lib\page-path\denormalize-page-path.js
    Used by 1 module(s), i. e.
    C:\Users\zacan\Desktop\Dev\claimshark-dashboard\node_modules\next\dist\build\webpack\loaders\next-swc-loader.js??ruleSet[1].rules[15].oneOf[7].use[0]!C:\Users\zacan\D
esktop\Dev\claimshark-dashboard\node_modules\next\dist\shared\lib\router\router.js
* C:\Users\zacan\Desktop\Dev\claimshark-dashboard\node_modules\next\dist\build\webpack\loaders\next-swc-loader.js??ruleSet[1].rules[15].oneOf[7].use[0]!C:\Users\zacan\des
ktop\dev\claimshark-dashboard\node_modules\next\dist\shared\lib\page-path\denormalize-page-path.js
    Used by 1 module(s), i. e.
    C:\Users\zacan\Desktop\Dev\claimshark-dashboard\node_modules\next\dist\build\webpack\loaders\next-swc-loader.js??ruleSet[1].rules[15].oneOf[7].use[0]!C:\Users\zacan\d
esktop\dev\claimshark-dashboard\node_modules\next\dist\shared\lib\router\router.js

Import trace for requested module:
./node_modules/next/dist/shared/lib/page-path/denormalize-page-path.js
./node_modules/next/dist/shared/lib/router/router.js

./node_modules/next/dist/shared/lib/page-path/ensure-leading-slash.js
There are multiple modules with names that only differ in casing.
This can lead to unexpected behavior when compiling on a filesystem with other case-semantic.
Use equal casing. Compare these module identifiers:
* C:\Users\zacan\Desktop\Dev\claimshark-dashboard\node_modules\next\dist\build\webpack\loaders\next-swc-loader.js??ruleSet[1].rules[15].oneOf[7].use[0]!C:\Users\zacan\Des
ktop\Dev\claimshark-dashboard\node_modules\next\dist\shared\lib\page-path\ensure-leading-slash.js
    Used by 1 module(s), i. e.
    C:\Users\zacan\Desktop\Dev\claimshark-dashboard\node_modules\next\dist\build\webpack\loaders\next-swc-loader.js??ruleSet[1].rules[15].oneOf[7].use[0]!C:\Users\zacan\D
esktop\Dev\claimshark-dashboard\node_modules\next\dist\shared\lib\router\utils\app-paths.js
* C:\Users\zacan\Desktop\Dev\claimshark-dashboard\node_modules\next\dist\build\webpack\loaders\next-swc-loader.js??ruleSet[1].rules[15].oneOf[7].use[0]!C:\Users\zacan\des
ktop\dev\claimshark-dashboard\node_modules\next\dist\shared\lib\page-path\ensure-leading-slash.js
    Used by 1 module(s), i. e.
    C:\Users\zacan\Desktop\Dev\claimshark-dashboard\node_modules\next\dist\build\webpack\loaders\next-swc-loader.js??ruleSet[1].rules[15].oneOf[7].use[0]!C:\Users\zacan\d
esktop\dev\claimshark-dashboard\node_modules\next\dist\shared\lib\router\utils\app-paths.js

Import trace for requested module:
./node_modules/next/dist/shared/lib/page-path/ensure-leading-slash.js
./node_modules/next/dist/shared/lib/router/utils/app-paths.js
./node_modules/next/dist/server/future/helpers/interception-routes.js
./node_modules/next/dist/shared/lib/router/utils/is-dynamic.js
./node_modules/next/dist/shared/lib/router/router.js

./node_modules/next/dist/shared/lib/page-path/normalize-path-sep.js
There are multiple modules with names that only differ in casing.
This can lead to unexpected behavior when compiling on a filesystem with other case-semantic.
Use equal casing. Compare these module identifiers:
* C:\Users\zacan\Desktop\Dev\claimshark-dashboard\node_modules\next\dist\build\webpack\loaders\next-swc-loader.js??ruleSet[1].rules[15].oneOf[7].use[0]!C:\Users\zacan\Des
ktop\Dev\claimshark-dashboard\node_modules\next\dist\shared\lib\page-path\normalize-path-sep.js
    Used by 1 module(s), i. e.
    C:\Users\zacan\Desktop\Dev\claimshark-dashboard\node_modules\next\dist\build\webpack\loaders\next-swc-loader.js??ruleSet[1].rules[15].oneOf[7].use[0]!C:\Users\zacan\D
esktop\Dev\claimshark-dashboard\node_modules\next\dist\shared\lib\page-path\denormalize-page-path.js
* C:\Users\zacan\Desktop\Dev\claimshark-dashboard\node_modules\next\dist\build\webpack\loaders\next-swc-loader.js??ruleSet[1].rules[15].oneOf[7].use[0]!C:\Users\zacan\des
ktop\dev\claimshark-dashboard\node_modules\next\dist\shared\lib\page-path\normalize-path-sep.js
    Used by 1 module(s), i. e.
    C:\Users\zacan\Desktop\Dev\claimshark-dashboard\node_modules\next\dist\build\webpack\loaders\next-swc-loader.js??ruleSet[1].rules[15].oneOf[7].use[0]!C:\Users\zacan\d
esktop\dev\claimshark-dashboard\node_modules\next\dist\shared\lib\page-path\denormalize-page-path.js

Import trace for requested module:
./node_modules/next/dist/shared/lib/page-path/normalize-path-sep.js
./node_modules/next/dist/shared/lib/page-path/denormalize-page-path.js
./node_modules/next/dist/shared/lib/router/router.js

./node_modules/next/dist/shared/lib/router-context.shared-runtime.js
There are multiple modules with names that only differ in casing.
This can lead to unexpected behavior when compiling on a filesystem with other case-semantic.
Use equal casing. Compare these module identifiers:
* C:\Users\zacan\Desktop\Dev\claimshark-dashboard\node_modules\next\dist\build\webpack\loaders\next-swc-loader.js??ruleSet[1].rules[15].oneOf[7].use[0]!C:\Users\zacan\Des
ktop\Dev\claimshark-dashboard\node_modules\next\dist\shared\lib\router-context.shared-runtime.js
    Used by 1 module(s), i. e.
    C:\Users\zacan\Desktop\Dev\claimshark-dashboard\node_modules\next\dist\build\webpack\loaders\next-swc-loader.js??ruleSet[1].rules[15].oneOf[7].use[0]!C:\Users\zacan\D
esktop\Dev\claimshark-dashboard\node_modules\next\dist\client\router.js
* C:\Users\zacan\Desktop\Dev\claimshark-dashboard\node_modules\next\dist\build\webpack\loaders\next-swc-loader.js??ruleSet[1].rules[15].oneOf[7].use[0]!C:\Users\zacan\des
ktop\dev\claimshark-dashboard\node_modules\next\dist\shared\lib\router-context.shared-runtime.js
    Used by 2 module(s), i. e.
    C:\Users\zacan\Desktop\Dev\claimshark-dashboard\node_modules\next\dist\build\webpack\loaders\next-swc-loader.js??ruleSet[1].rules[15].oneOf[7].use[0]!C:\Users\zacan\d
esktop\dev\claimshark-dashboard\node_modules\next\dist\client\index.js

Import trace for requested module:
./node_modules/next/dist/shared/lib/router-context.shared-runtime.js

./node_modules/next/dist/shared/lib/router/router.js
There are multiple modules with names that only differ in casing.
This can lead to unexpected behavior when compiling on a filesystem with other case-semantic.
Use equal casing. Compare these module identifiers:
* C:\Users\zacan\Desktop\Dev\claimshark-dashboard\node_modules\next\dist\build\webpack\loaders\next-swc-loader.js??ruleSet[1].rules[15].oneOf[7].use[0]!C:\Users\zacan\Des
ktop\Dev\claimshark-dashboard\node_modules\next\dist\shared\lib\router\router.js
    Used by 2 module(s), i. e.
    C:\Users\zacan\Desktop\Dev\claimshark-dashboard\node_modules\next\dist\build\webpack\loaders\next-swc-loader.js??ruleSet[1].rules[15].oneOf[7].use[0]!C:\Users\zacan\D
esktop\Dev\claimshark-dashboard\node_modules\next\dist\client\router.js
* C:\Users\zacan\Desktop\Dev\claimshark-dashboard\node_modules\next\dist\build\webpack\loaders\next-swc-loader.js??ruleSet[1].rules[15].oneOf[7].use[0]!C:\Users\zacan\des
ktop\dev\claimshark-dashboard\node_modules\next\dist\shared\lib\router\router.js
    Used by 2 module(s), i. e.
    C:\Users\zacan\Desktop\Dev\claimshark-dashboard\node_modules\next\dist\build\webpack\loaders\next-swc-loader.js??ruleSet[1].rules[15].oneOf[7].use[0]!C:\Users\zacan\d
esktop\dev\claimshark-dashboard\node_modules\next\dist\client\router.js

Import trace for requested module:
./node_modules/next/dist/shared/lib/router/router.js

./node_modules/next/dist/shared/lib/router/utils/add-locale.js
There are multiple modules with names that only differ in casing.
This can lead to unexpected behavior when compiling on a filesystem with other case-semantic.
Use equal casing. Compare these module identifiers:
* C:\Users\zacan\Desktop\Dev\claimshark-dashboard\node_modules\next\dist\build\webpack\loaders\next-swc-loader.js??ruleSet[1].rules[15].oneOf[7].use[0]!C:\Users\zacan\Des
ktop\Dev\claimshark-dashboard\node_modules\next\dist\shared\lib\router\utils\add-locale.js
    Used by 1 module(s), i. e.
    C:\Users\zacan\Desktop\Dev\claimshark-dashboard\node_modules\next\dist\build\webpack\loaders\next-swc-loader.js??ruleSet[1].rules[15].oneOf[7].use[0]!C:\Users\zacan\D
esktop\Dev\claimshark-dashboard\node_modules\next\dist\shared\lib\router\utils\format-next-pathname-info.js
* C:\Users\zacan\Desktop\Dev\claimshark-dashboard\node_modules\next\dist\build\webpack\loaders\next-swc-loader.js??ruleSet[1].rules[15].oneOf[7].use[0]!C:\Users\zacan\des
ktop\dev\claimshark-dashboard\node_modules\next\dist\shared\lib\router\utils\add-locale.js
    Used by 1 module(s), i. e.
    C:\Users\zacan\Desktop\Dev\claimshark-dashboard\node_modules\next\dist\build\webpack\loaders\next-swc-loader.js??ruleSet[1].rules[15].oneOf[7].use[0]!C:\Users\zacan\d
esktop\dev\claimshark-dashboard\node_modules\next\dist\shared\lib\router\utils\format-next-pathname-info.js

Import trace for requested module:
./node_modules/next/dist/shared/lib/router/utils/add-locale.js
./node_modules/next/dist/shared/lib/router/utils/format-next-pathname-info.js
./node_modules/next/dist/shared/lib/router/router.js

./node_modules/next/dist/shared/lib/router/utils/add-path-prefix.js
There are multiple modules with names that only differ in casing.
This can lead to unexpected behavior when compiling on a filesystem with other case-semantic.
Use equal casing. Compare these module identifiers:
* C:\Users\zacan\Desktop\Dev\claimshark-dashboard\node_modules\next\dist\build\webpack\loaders\next-swc-loader.js??ruleSet[1].rules[15].oneOf[7].use[0]!C:\Users\zacan\Des
ktop\Dev\claimshark-dashboard\node_modules\next\dist\shared\lib\router\utils\add-path-prefix.js
    Used by 3 module(s), i. e.
    C:\Users\zacan\Desktop\Dev\claimshark-dashboard\node_modules\next\dist\build\webpack\loaders\next-swc-loader.js??ruleSet[1].rules[15].oneOf[7].use[0]!C:\Users\zacan\D
esktop\Dev\claimshark-dashboard\node_modules\next\dist\client\add-base-path.js
* C:\Users\zacan\Desktop\Dev\claimshark-dashboard\node_modules\next\dist\build\webpack\loaders\next-swc-loader.js??ruleSet[1].rules[15].oneOf[7].use[0]!C:\Users\zacan\des
ktop\dev\claimshark-dashboard\node_modules\next\dist\shared\lib\router\utils\add-path-prefix.js
    Used by 3 module(s), i. e.
    C:\Users\zacan\Desktop\Dev\claimshark-dashboard\node_modules\next\dist\build\webpack\loaders\next-swc-loader.js??ruleSet[1].rules[15].oneOf[7].use[0]!C:\Users\zacan\d
esktop\dev\claimshark-dashboard\node_modules\next\dist\client\add-base-path.js

Import trace for requested module:
./node_modules/next/dist/shared/lib/router/utils/add-path-prefix.js
./node_modules/next/dist/client/add-base-path.js
./node_modules/next/dist/shared/lib/router/router.js

./node_modules/next/dist/shared/lib/router/utils/add-path-suffix.js
There are multiple modules with names that only differ in casing.
This can lead to unexpected behavior when compiling on a filesystem with other case-semantic.
Use equal casing. Compare these module identifiers:
* C:\Users\zacan\Desktop\Dev\claimshark-dashboard\node_modules\next\dist\build\webpack\loaders\next-swc-loader.js??ruleSet[1].rules[15].oneOf[7].use[0]!C:\Users\zacan\Des
ktop\Dev\claimshark-dashboard\node_modules\next\dist\shared\lib\router\utils\add-path-suffix.js
    Used by 1 module(s), i. e.
    C:\Users\zacan\Desktop\Dev\claimshark-dashboard\node_modules\next\dist\build\webpack\loaders\next-swc-loader.js??ruleSet[1].rules[15].oneOf[7].use[0]!C:\Users\zacan\D
esktop\Dev\claimshark-dashboard\node_modules\next\dist\shared\lib\router\utils\format-next-pathname-info.js
* C:\Users\zacan\Desktop\Dev\claimshark-dashboard\node_modules\next\dist\build\webpack\loaders\next-swc-loader.js??ruleSet[1].rules[15].oneOf[7].use[0]!C:\Users\zacan\des
ktop\dev\claimshark-dashboard\node_modules\next\dist\shared\lib\router\utils\add-path-suffix.js
    Used by 1 module(s), i. e.
    C:\Users\zacan\Desktop\Dev\claimshark-dashboard\node_modules\next\dist\build\webpack\loaders\next-swc-loader.js??ruleSet[1].rules[15].oneOf[7].use[0]!C:\Users\zacan\d
esktop\dev\claimshark-dashboard\node_modules\next\dist\shared\lib\router\utils\format-next-pathname-info.js

Import trace for requested module:
./node_modules/next/dist/shared/lib/router/utils/add-path-suffix.js
./node_modules/next/dist/shared/lib/router/utils/format-next-pathname-info.js
./node_modules/next/dist/shared/lib/router/router.js

./node_modules/next/dist/shared/lib/router/utils/app-paths.js
There are multiple modules with names that only differ in casing.
This can lead to unexpected behavior when compiling on a filesystem with other case-semantic.
Use equal casing. Compare these module identifiers:
* C:\Users\zacan\Desktop\Dev\claimshark-dashboard\node_modules\next\dist\build\webpack\loaders\next-swc-loader.js??ruleSet[1].rules[15].oneOf[7].use[0]!C:\Users\zacan\Des
ktop\Dev\claimshark-dashboard\node_modules\next\dist\shared\lib\router\utils\app-paths.js
    Used by 2 module(s), i. e.
    C:\Users\zacan\Desktop\Dev\claimshark-dashboard\node_modules\next\dist\server\future\helpers\interception-routes.js
* C:\Users\zacan\Desktop\Dev\claimshark-dashboard\node_modules\next\dist\build\webpack\loaders\next-swc-loader.js??ruleSet[1].rules[15].oneOf[7].use[0]!C:\Users\zacan\des
ktop\dev\claimshark-dashboard\node_modules\next\dist\shared\lib\router\utils\app-paths.js
    Used by 2 module(s), i. e.
    C:\Users\zacan\desktop\dev\claimshark-dashboard\node_modules\next\dist\server\future\helpers\interception-routes.js

Import trace for requested module:
./node_modules/next/dist/shared/lib/router/utils/app-paths.js
./node_modules/next/dist/server/future/helpers/interception-routes.js
./node_modules/next/dist/shared/lib/router/utils/is-dynamic.js
./node_modules/next/dist/shared/lib/router/router.js

./node_modules/next/dist/shared/lib/router/utils/compare-states.js
There are multiple modules with names that only differ in casing.
This can lead to unexpected behavior when compiling on a filesystem with other case-semantic.
Use equal casing. Compare these module identifiers:
* C:\Users\zacan\Desktop\Dev\claimshark-dashboard\node_modules\next\dist\build\webpack\loaders\next-swc-loader.js??ruleSet[1].rules[15].oneOf[7].use[0]!C:\Users\zacan\Des
ktop\Dev\claimshark-dashboard\node_modules\next\dist\shared\lib\router\utils\compare-states.js
    Used by 1 module(s), i. e.
    C:\Users\zacan\Desktop\Dev\claimshark-dashboard\node_modules\next\dist\build\webpack\loaders\next-swc-loader.js??ruleSet[1].rules[15].oneOf[7].use[0]!C:\Users\zacan\D
esktop\Dev\claimshark-dashboard\node_modules\next\dist\shared\lib\router\router.js
* C:\Users\zacan\Desktop\Dev\claimshark-dashboard\node_modules\next\dist\build\webpack\loaders\next-swc-loader.js??ruleSet[1].rules[15].oneOf[7].use[0]!C:\Users\zacan\des
ktop\dev\claimshark-dashboard\node_modules\next\dist\shared\lib\router\utils\compare-states.js
    Used by 1 module(s), i. e.
    C:\Users\zacan\Desktop\Dev\claimshark-dashboard\node_modules\next\dist\build\webpack\loaders\next-swc-loader.js??ruleSet[1].rules[15].oneOf[7].use[0]!C:\Users\zacan\d
esktop\dev\claimshark-dashboard\node_modules\next\dist\shared\lib\router\router.js

Import trace for requested module:
./node_modules/next/dist/shared/lib/router/utils/compare-states.js
./node_modules/next/dist/shared/lib/router/router.js

./node_modules/next/dist/shared/lib/router/utils/format-next-pathname-info.js
There are multiple modules with names that only differ in casing.
This can lead to unexpected behavior when compiling on a filesystem with other case-semantic.
Use equal casing. Compare these module identifiers:
* C:\Users\zacan\Desktop\Dev\claimshark-dashboard\node_modules\next\dist\build\webpack\loaders\next-swc-loader.js??ruleSet[1].rules[15].oneOf[7].use[0]!C:\Users\zacan\Des
ktop\Dev\claimshark-dashboard\node_modules\next\dist\shared\lib\router\utils\format-next-pathname-info.js
    Used by 1 module(s), i. e.
    C:\Users\zacan\Desktop\Dev\claimshark-dashboard\node_modules\next\dist\build\webpack\loaders\next-swc-loader.js??ruleSet[1].rules[15].oneOf[7].use[0]!C:\Users\zacan\D
esktop\Dev\claimshark-dashboard\node_modules\next\dist\shared\lib\router\router.js
* C:\Users\zacan\Desktop\Dev\claimshark-dashboard\node_modules\next\dist\build\webpack\loaders\next-swc-loader.js??ruleSet[1].rules[15].oneOf[7].use[0]!C:\Users\zacan\des
ktop\dev\claimshark-dashboard\node_modules\next\dist\shared\lib\router\utils\format-next-pathname-info.js
    Used by 1 module(s), i. e.
    C:\Users\zacan\Desktop\Dev\claimshark-dashboard\node_modules\next\dist\build\webpack\loaders\next-swc-loader.js??ruleSet[1].rules[15].oneOf[7].use[0]!C:\Users\zacan\d
esktop\dev\claimshark-dashboard\node_modules\next\dist\shared\lib\router\router.js

Import trace for requested module:
./node_modules/next/dist/shared/lib/router/utils/format-next-pathname-info.js
./node_modules/next/dist/shared/lib/router/router.js

./node_modules/next/dist/shared/lib/router/utils/format-url.js
There are multiple modules with names that only differ in casing.
This can lead to unexpected behavior when compiling on a filesystem with other case-semantic.
Use equal casing. Compare these module identifiers:
* C:\Users\zacan\Desktop\Dev\claimshark-dashboard\node_modules\next\dist\build\webpack\loaders\next-swc-loader.js??ruleSet[1].rules[15].oneOf[7].use[0]!C:\Users\zacan\Des
ktop\Dev\claimshark-dashboard\node_modules\next\dist\shared\lib\router\utils\format-url.js
    Used by 3 module(s), i. e.
    C:\Users\zacan\Desktop\Dev\claimshark-dashboard\node_modules\next\dist\build\webpack\loaders\next-swc-loader.js??ruleSet[1].rules[15].oneOf[7].use[0]!C:\Users\zacan\D
esktop\Dev\claimshark-dashboard\node_modules\next\dist\shared\lib\router\router.js
* C:\Users\zacan\Desktop\Dev\claimshark-dashboard\node_modules\next\dist\build\webpack\loaders\next-swc-loader.js??ruleSet[1].rules[15].oneOf[7].use[0]!C:\Users\zacan\des
ktop\dev\claimshark-dashboard\node_modules\next\dist\shared\lib\router\utils\format-url.js
    Used by 3 module(s), i. e.
    C:\Users\zacan\Desktop\Dev\claimshark-dashboard\node_modules\next\dist\build\webpack\loaders\next-swc-loader.js??ruleSet[1].rules[15].oneOf[7].use[0]!C:\Users\zacan\d
esktop\dev\claimshark-dashboard\node_modules\next\dist\shared\lib\router\router.js

Import trace for requested module:
./node_modules/next/dist/shared/lib/router/utils/format-url.js
./node_modules/next/dist/shared/lib/router/router.js

./node_modules/next/dist/shared/lib/router/utils/get-asset-path-from-route.js
There are multiple modules with names that only differ in casing.
This can lead to unexpected behavior when compiling on a filesystem with other case-semantic.
Use equal casing. Compare these module identifiers:
* C:\Users\zacan\Desktop\Dev\claimshark-dashboard\node_modules\next\dist\build\webpack\loaders\next-swc-loader.js??ruleSet[1].rules[15].oneOf[7].use[0]!C:\Users\zacan\Des
ktop\Dev\claimshark-dashboard\node_modules\next\dist\shared\lib\router\utils\get-asset-path-from-route.js
    Used by 1 module(s), i. e.
    C:\Users\zacan\Desktop\Dev\claimshark-dashboard\node_modules\next\dist\build\webpack\loaders\next-swc-loader.js??ruleSet[1].rules[15].oneOf[7].use[0]!C:\Users\zacan\D
esktop\Dev\claimshark-dashboard\node_modules\next\dist\client\route-loader.js
* C:\Users\zacan\Desktop\Dev\claimshark-dashboard\node_modules\next\dist\build\webpack\loaders\next-swc-loader.js??ruleSet[1].rules[15].oneOf[7].use[0]!C:\Users\zacan\des
ktop\dev\claimshark-dashboard\node_modules\next\dist\shared\lib\router\utils\get-asset-path-from-route.js
    Used by 2 module(s), i. e.
    C:\Users\zacan\Desktop\Dev\claimshark-dashboard\node_modules\next\dist\build\webpack\loaders\next-swc-loader.js??ruleSet[1].rules[15].oneOf[7].use[0]!C:\Users\zacan\d
esktop\dev\claimshark-dashboard\node_modules\next\dist\client\page-loader.js

Import trace for requested module:
./node_modules/next/dist/shared/lib/router/utils/get-asset-path-from-route.js
./node_modules/next/dist/client/route-loader.js
./node_modules/next/dist/shared/lib/router/router.js

./node_modules/next/dist/shared/lib/router/utils/get-next-pathname-info.js
There are multiple modules with names that only differ in casing.
This can lead to unexpected behavior when compiling on a filesystem with other case-semantic.
Use equal casing. Compare these module identifiers:
* C:\Users\zacan\Desktop\Dev\claimshark-dashboard\node_modules\next\dist\build\webpack\loaders\next-swc-loader.js??ruleSet[1].rules[15].oneOf[7].use[0]!C:\Users\zacan\Des
ktop\Dev\claimshark-dashboard\node_modules\next\dist\shared\lib\router\utils\get-next-pathname-info.js
    Used by 1 module(s), i. e.
    C:\Users\zacan\Desktop\Dev\claimshark-dashboard\node_modules\next\dist\build\webpack\loaders\next-swc-loader.js??ruleSet[1].rules[15].oneOf[7].use[0]!C:\Users\zacan\D
esktop\Dev\claimshark-dashboard\node_modules\next\dist\shared\lib\router\router.js
* C:\Users\zacan\Desktop\Dev\claimshark-dashboard\node_modules\next\dist\build\webpack\loaders\next-swc-loader.js??ruleSet[1].rules[15].oneOf[7].use[0]!C:\Users\zacan\des
ktop\dev\claimshark-dashboard\node_modules\next\dist\shared\lib\router\utils\get-next-pathname-info.js
    Used by 1 module(s), i. e.
    C:\Users\zacan\Desktop\Dev\claimshark-dashboard\node_modules\next\dist\build\webpack\loaders\next-swc-loader.js??ruleSet[1].rules[15].oneOf[7].use[0]!C:\Users\zacan\d
esktop\dev\claimshark-dashboard\node_modules\next\dist\shared\lib\router\router.js

Import trace for requested module:
./node_modules/next/dist/shared/lib/router/utils/get-next-pathname-info.js
./node_modules/next/dist/shared/lib/router/router.js

./node_modules/next/dist/shared/lib/router/utils/handle-smooth-scroll.js
There are multiple modules with names that only differ in casing.
This can lead to unexpected behavior when compiling on a filesystem with other case-semantic.
Use equal casing. Compare these module identifiers:
* C:\Users\zacan\Desktop\Dev\claimshark-dashboard\node_modules\next\dist\build\webpack\loaders\next-swc-loader.js??ruleSet[1].rules[15].oneOf[7].use[0]!C:\Users\zacan\Des
ktop\Dev\claimshark-dashboard\node_modules\next\dist\shared\lib\router\utils\handle-smooth-scroll.js
    Used by 1 module(s), i. e.
    C:\Users\zacan\Desktop\Dev\claimshark-dashboard\node_modules\next\dist\build\webpack\loaders\next-swc-loader.js??ruleSet[1].rules[15].oneOf[7].use[0]!C:\Users\zacan\D
esktop\Dev\claimshark-dashboard\node_modules\next\dist\shared\lib\router\router.js
* C:\Users\zacan\Desktop\Dev\claimshark-dashboard\node_modules\next\dist\build\webpack\loaders\next-swc-loader.js??ruleSet[1].rules[15].oneOf[7].use[0]!C:\Users\zacan\des
ktop\dev\claimshark-dashboard\node_modules\next\dist\shared\lib\router\utils\handle-smooth-scroll.js
    Used by 2 module(s), i. e.
    C:\Users\zacan\Desktop\Dev\claimshark-dashboard\node_modules\next\dist\build\webpack\loaders\next-swc-loader.js??ruleSet[1].rules[15].oneOf[7].use[0]!C:\Users\zacan\d
esktop\dev\claimshark-dashboard\node_modules\next\dist\client\index.js

Import trace for requested module:
./node_modules/next/dist/shared/lib/router/utils/handle-smooth-scroll.js
./node_modules/next/dist/shared/lib/router/router.js

./node_modules/next/dist/shared/lib/router/utils/index.js
There are multiple modules with names that only differ in casing.
This can lead to unexpected behavior when compiling on a filesystem with other case-semantic.
Use equal casing. Compare these module identifiers:
* C:\Users\zacan\Desktop\Dev\claimshark-dashboard\node_modules\next\dist\build\webpack\loaders\next-swc-loader.js??ruleSet[1].rules[15].oneOf[7].use[0]!C:\Users\zacan\Des
ktop\Dev\claimshark-dashboard\node_modules\next\dist\shared\lib\router\utils\index.js
    Used by 3 module(s), i. e.
    C:\Users\zacan\Desktop\Dev\claimshark-dashboard\node_modules\next\dist\build\webpack\loaders\next-swc-loader.js??ruleSet[1].rules[15].oneOf[7].use[0]!C:\Users\zacan\D
esktop\Dev\claimshark-dashboard\node_modules\next\dist\shared\lib\page-path\denormalize-page-path.js
* C:\Users\zacan\Desktop\Dev\claimshark-dashboard\node_modules\next\dist\build\webpack\loaders\next-swc-loader.js??ruleSet[1].rules[15].oneOf[7].use[0]!C:\Users\zacan\des
ktop\dev\claimshark-dashboard\node_modules\next\dist\shared\lib\router\utils\index.js
    Used by 4 module(s), i. e.
    C:\Users\zacan\Desktop\Dev\claimshark-dashboard\node_modules\next\dist\build\webpack\loaders\next-swc-loader.js??ruleSet[1].rules[15].oneOf[7].use[0]!C:\Users\zacan\d
esktop\dev\claimshark-dashboard\node_modules\next\dist\shared\lib\router\adapters.js

Import trace for requested module:
./node_modules/next/dist/shared/lib/router/utils/index.js
./node_modules/next/dist/shared/lib/page-path/denormalize-page-path.js
./node_modules/next/dist/shared/lib/router/router.js

./node_modules/next/dist/shared/lib/router/utils/interpolate-as.js
There are multiple modules with names that only differ in casing.
This can lead to unexpected behavior when compiling on a filesystem with other case-semantic.
Use equal casing. Compare these module identifiers:
* C:\Users\zacan\Desktop\Dev\claimshark-dashboard\node_modules\next\dist\build\webpack\loaders\next-swc-loader.js??ruleSet[1].rules[15].oneOf[7].use[0]!C:\Users\zacan\Des
ktop\Dev\claimshark-dashboard\node_modules\next\dist\shared\lib\router\utils\interpolate-as.js
    Used by 2 module(s), i. e.
    C:\Users\zacan\Desktop\Dev\claimshark-dashboard\node_modules\next\dist\build\webpack\loaders\next-swc-loader.js??ruleSet[1].rules[15].oneOf[7].use[0]!C:\Users\zacan\D
esktop\Dev\claimshark-dashboard\node_modules\next\dist\shared\lib\router\router.js
* C:\Users\zacan\Desktop\Dev\claimshark-dashboard\node_modules\next\dist\build\webpack\loaders\next-swc-loader.js??ruleSet[1].rules[15].oneOf[7].use[0]!C:\Users\zacan\des
ktop\dev\claimshark-dashboard\node_modules\next\dist\shared\lib\router\utils\interpolate-as.js
    Used by 3 module(s), i. e.
    C:\Users\zacan\Desktop\Dev\claimshark-dashboard\node_modules\next\dist\build\webpack\loaders\next-swc-loader.js??ruleSet[1].rules[15].oneOf[7].use[0]!C:\Users\zacan\d
esktop\dev\claimshark-dashboard\node_modules\next\dist\client\page-loader.js

Import trace for requested module:
./node_modules/next/dist/shared/lib/router/utils/interpolate-as.js
./node_modules/next/dist/shared/lib/router/router.js

./node_modules/next/dist/shared/lib/router/utils/is-bot.js
There are multiple modules with names that only differ in casing.
This can lead to unexpected behavior when compiling on a filesystem with other case-semantic.
Use equal casing. Compare these module identifiers:
* C:\Users\zacan\Desktop\Dev\claimshark-dashboard\node_modules\next\dist\build\webpack\loaders\next-swc-loader.js??ruleSet[1].rules[15].oneOf[7].use[0]!C:\Users\zacan\Des
ktop\Dev\claimshark-dashboard\node_modules\next\dist\shared\lib\router\utils\is-bot.js
    Used by 1 module(s), i. e.
    C:\Users\zacan\Desktop\Dev\claimshark-dashboard\node_modules\next\dist\build\webpack\loaders\next-swc-loader.js??ruleSet[1].rules[15].oneOf[7].use[0]!C:\Users\zacan\D
esktop\Dev\claimshark-dashboard\node_modules\next\dist\shared\lib\router\router.js
* C:\Users\zacan\Desktop\Dev\claimshark-dashboard\node_modules\next\dist\build\webpack\loaders\next-swc-loader.js??ruleSet[1].rules[15].oneOf[7].use[0]!C:\Users\zacan\des
ktop\dev\claimshark-dashboard\node_modules\next\dist\shared\lib\router\utils\is-bot.js
    Used by 1 module(s), i. e.
    C:\Users\zacan\Desktop\Dev\claimshark-dashboard\node_modules\next\dist\build\webpack\loaders\next-swc-loader.js??ruleSet[1].rules[15].oneOf[7].use[0]!C:\Users\zacan\d
esktop\dev\claimshark-dashboard\node_modules\next\dist\shared\lib\router\router.js

Import trace for requested module:
./node_modules/next/dist/shared/lib/router/utils/is-bot.js
./node_modules/next/dist/shared/lib/router/router.js

./node_modules/next/dist/shared/lib/router/utils/is-dynamic.js
There are multiple modules with names that only differ in casing.
This can lead to unexpected behavior when compiling on a filesystem with other case-semantic.
Use equal casing. Compare these module identifiers:
* C:\Users\zacan\Desktop\Dev\claimshark-dashboard\node_modules\next\dist\build\webpack\loaders\next-swc-loader.js??ruleSet[1].rules[15].oneOf[7].use[0]!C:\Users\zacan\Des
ktop\Dev\claimshark-dashboard\node_modules\next\dist\shared\lib\router\utils\is-dynamic.js
    Used by 2 module(s), i. e.
    C:\Users\zacan\Desktop\Dev\claimshark-dashboard\node_modules\next\dist\build\webpack\loaders\next-swc-loader.js??ruleSet[1].rules[15].oneOf[7].use[0]!C:\Users\zacan\D
esktop\Dev\claimshark-dashboard\node_modules\next\dist\shared\lib\router\router.js
* C:\Users\zacan\Desktop\Dev\claimshark-dashboard\node_modules\next\dist\build\webpack\loaders\next-swc-loader.js??ruleSet[1].rules[15].oneOf[7].use[0]!C:\Users\zacan\des
ktop\dev\claimshark-dashboard\node_modules\next\dist\shared\lib\router\utils\is-dynamic.js
    Used by 4 module(s), i. e.
    C:\Users\zacan\Desktop\Dev\claimshark-dashboard\node_modules\next\dist\build\webpack\loaders\next-swc-loader.js??ruleSet[1].rules[15].oneOf[7].use[0]!C:\Users\zacan\d
esktop\dev\claimshark-dashboard\node_modules\next\dist\client\index.js

Import trace for requested module:
./node_modules/next/dist/shared/lib/router/utils/is-dynamic.js
./node_modules/next/dist/shared/lib/router/router.js

./node_modules/next/dist/shared/lib/router/utils/is-local-url.js
There are multiple modules with names that only differ in casing.
This can lead to unexpected behavior when compiling on a filesystem with other case-semantic.
Use equal casing. Compare these module identifiers:
* C:\Users\zacan\Desktop\Dev\claimshark-dashboard\node_modules\next\dist\build\webpack\loaders\next-swc-loader.js??ruleSet[1].rules[15].oneOf[7].use[0]!C:\Users\zacan\Des
ktop\Dev\claimshark-dashboard\node_modules\next\dist\shared\lib\router\utils\is-local-url.js
    Used by 2 module(s), i. e.
    C:\Users\zacan\Desktop\Dev\claimshark-dashboard\node_modules\next\dist\build\webpack\loaders\next-swc-loader.js??ruleSet[1].rules[15].oneOf[7].use[0]!C:\Users\zacan\D
esktop\Dev\claimshark-dashboard\node_modules\next\dist\shared\lib\router\router.js
* C:\Users\zacan\Desktop\Dev\claimshark-dashboard\node_modules\next\dist\build\webpack\loaders\next-swc-loader.js??ruleSet[1].rules[15].oneOf[7].use[0]!C:\Users\zacan\des
ktop\dev\claimshark-dashboard\node_modules\next\dist\shared\lib\router\utils\is-local-url.js
    Used by 2 module(s), i. e.
    C:\Users\zacan\Desktop\Dev\claimshark-dashboard\node_modules\next\dist\build\webpack\loaders\next-swc-loader.js??ruleSet[1].rules[15].oneOf[7].use[0]!C:\Users\zacan\d
esktop\dev\claimshark-dashboard\node_modules\next\dist\shared\lib\router\router.js

Import trace for requested module:
./node_modules/next/dist/shared/lib/router/utils/is-local-url.js
./node_modules/next/dist/shared/lib/router/router.js

./node_modules/next/dist/shared/lib/router/utils/omit.js
There are multiple modules with names that only differ in casing.
This can lead to unexpected behavior when compiling on a filesystem with other case-semantic.
Use equal casing. Compare these module identifiers:
* C:\Users\zacan\Desktop\Dev\claimshark-dashboard\node_modules\next\dist\build\webpack\loaders\next-swc-loader.js??ruleSet[1].rules[15].oneOf[7].use[0]!C:\Users\zacan\Des
ktop\Dev\claimshark-dashboard\node_modules\next\dist\shared\lib\router\utils\omit.js
    Used by 2 module(s), i. e.
    C:\Users\zacan\Desktop\Dev\claimshark-dashboard\node_modules\next\dist\build\webpack\loaders\next-swc-loader.js??ruleSet[1].rules[15].oneOf[7].use[0]!C:\Users\zacan\D
esktop\Dev\claimshark-dashboard\node_modules\next\dist\shared\lib\router\router.js
* C:\Users\zacan\Desktop\Dev\claimshark-dashboard\node_modules\next\dist\build\webpack\loaders\next-swc-loader.js??ruleSet[1].rules[15].oneOf[7].use[0]!C:\Users\zacan\des
ktop\dev\claimshark-dashboard\node_modules\next\dist\shared\lib\router\utils\omit.js
    Used by 2 module(s), i. e.
    C:\Users\zacan\Desktop\Dev\claimshark-dashboard\node_modules\next\dist\build\webpack\loaders\next-swc-loader.js??ruleSet[1].rules[15].oneOf[7].use[0]!C:\Users\zacan\d
esktop\dev\claimshark-dashboard\node_modules\next\dist\shared\lib\router\router.js

Import trace for requested module:
./node_modules/next/dist/shared/lib/router/utils/omit.js
./node_modules/next/dist/shared/lib/router/router.js

./node_modules/next/dist/shared/lib/router/utils/parse-path.js
There are multiple modules with names that only differ in casing.
This can lead to unexpected behavior when compiling on a filesystem with other case-semantic.
Use equal casing. Compare these module identifiers:
* C:\Users\zacan\Desktop\Dev\claimshark-dashboard\node_modules\next\dist\build\webpack\loaders\next-swc-loader.js??ruleSet[1].rules[15].oneOf[7].use[0]!C:\Users\zacan\Des
ktop\Dev\claimshark-dashboard\node_modules\next\dist\shared\lib\router\utils\parse-path.js
    Used by 6 module(s), i. e.
    C:\Users\zacan\Desktop\Dev\claimshark-dashboard\node_modules\next\dist\build\webpack\loaders\next-swc-loader.js??ruleSet[1].rules[15].oneOf[7].use[0]!C:\Users\zacan\D
esktop\Dev\claimshark-dashboard\node_modules\next\dist\shared\lib\router\router.js
* C:\Users\zacan\Desktop\Dev\claimshark-dashboard\node_modules\next\dist\build\webpack\loaders\next-swc-loader.js??ruleSet[1].rules[15].oneOf[7].use[0]!C:\Users\zacan\des
ktop\dev\claimshark-dashboard\node_modules\next\dist\shared\lib\router\utils\parse-path.js
    Used by 6 module(s), i. e.
    C:\Users\zacan\Desktop\Dev\claimshark-dashboard\node_modules\next\dist\build\webpack\loaders\next-swc-loader.js??ruleSet[1].rules[15].oneOf[7].use[0]!C:\Users\zacan\d
esktop\dev\claimshark-dashboard\node_modules\next\dist\shared\lib\router\router.js

Import trace for requested module:
./node_modules/next/dist/shared/lib/router/utils/parse-path.js
./node_modules/next/dist/shared/lib/router/router.js

./node_modules/next/dist/shared/lib/router/utils/parse-relative-url.js
There are multiple modules with names that only differ in casing.
This can lead to unexpected behavior when compiling on a filesystem with other case-semantic.
Use equal casing. Compare these module identifiers:
* C:\Users\zacan\Desktop\Dev\claimshark-dashboard\node_modules\next\dist\build\webpack\loaders\next-swc-loader.js??ruleSet[1].rules[15].oneOf[7].use[0]!C:\Users\zacan\Des
ktop\Dev\claimshark-dashboard\node_modules\next\dist\shared\lib\router\utils\parse-relative-url.js
    Used by 1 module(s), i. e.
    C:\Users\zacan\Desktop\Dev\claimshark-dashboard\node_modules\next\dist\build\webpack\loaders\next-swc-loader.js??ruleSet[1].rules[15].oneOf[7].use[0]!C:\Users\zacan\D
esktop\Dev\claimshark-dashboard\node_modules\next\dist\shared\lib\router\router.js
* C:\Users\zacan\Desktop\Dev\claimshark-dashboard\node_modules\next\dist\build\webpack\loaders\next-swc-loader.js??ruleSet[1].rules[15].oneOf[7].use[0]!C:\Users\zacan\des
ktop\dev\claimshark-dashboard\node_modules\next\dist\shared\lib\router\utils\parse-relative-url.js
    Used by 4 module(s), i. e.
    C:\Users\zacan\Desktop\Dev\claimshark-dashboard\node_modules\next\dist\build\webpack\loaders\next-swc-loader.js??ruleSet[1].rules[15].oneOf[7].use[0]!C:\Users\zacan\d
esktop\dev\claimshark-dashboard\node_modules\next\dist\client\page-loader.js

Import trace for requested module:
./node_modules/next/dist/shared/lib/router/utils/parse-relative-url.js
./node_modules/next/dist/shared/lib/router/router.js

./node_modules/next/dist/shared/lib/router/utils/path-has-prefix.js
There are multiple modules with names that only differ in casing.
This can lead to unexpected behavior when compiling on a filesystem with other case-semantic.
Use equal casing. Compare these module identifiers:
* C:\Users\zacan\Desktop\Dev\claimshark-dashboard\node_modules\next\dist\build\webpack\loaders\next-swc-loader.js??ruleSet[1].rules[15].oneOf[7].use[0]!C:\Users\zacan\Des
ktop\Dev\claimshark-dashboard\node_modules\next\dist\shared\lib\router\utils\path-has-prefix.js
    Used by 4 module(s), i. e.
    C:\Users\zacan\Desktop\Dev\claimshark-dashboard\node_modules\next\dist\build\webpack\loaders\next-swc-loader.js??ruleSet[1].rules[15].oneOf[7].use[0]!C:\Users\zacan\D
esktop\Dev\claimshark-dashboard\node_modules\next\dist\client\has-base-path.js
* C:\Users\zacan\Desktop\Dev\claimshark-dashboard\node_modules\next\dist\build\webpack\loaders\next-swc-loader.js??ruleSet[1].rules[15].oneOf[7].use[0]!C:\Users\zacan\des
ktop\dev\claimshark-dashboard\node_modules\next\dist\shared\lib\router\utils\path-has-prefix.js
    Used by 4 module(s), i. e.
    C:\Users\zacan\Desktop\Dev\claimshark-dashboard\node_modules\next\dist\build\webpack\loaders\next-swc-loader.js??ruleSet[1].rules[15].oneOf[7].use[0]!C:\Users\zacan\d
esktop\dev\claimshark-dashboard\node_modules\next\dist\client\has-base-path.js

Import trace for requested module:
./node_modules/next/dist/shared/lib/router/utils/path-has-prefix.js
./node_modules/next/dist/client/has-base-path.js
./node_modules/next/dist/shared/lib/router/router.js

./node_modules/next/dist/shared/lib/router/utils/querystring.js
There are multiple modules with names that only differ in casing.
This can lead to unexpected behavior when compiling on a filesystem with other case-semantic.
Use equal casing. Compare these module identifiers:
* C:\Users\zacan\Desktop\Dev\claimshark-dashboard\node_modules\next\dist\build\webpack\loaders\next-swc-loader.js??ruleSet[1].rules[15].oneOf[7].use[0]!C:\Users\zacan\Des
ktop\Dev\claimshark-dashboard\node_modules\next\dist\shared\lib\router\utils\querystring.js
    Used by 4 module(s), i. e.
    C:\Users\zacan\Desktop\Dev\claimshark-dashboard\node_modules\next\dist\build\webpack\loaders\next-swc-loader.js??ruleSet[1].rules[15].oneOf[7].use[0]!C:\Users\zacan\D
esktop\Dev\claimshark-dashboard\node_modules\next\dist\shared\lib\router\utils\parse-relative-url.js
* C:\Users\zacan\Desktop\Dev\claimshark-dashboard\node_modules\next\dist\build\webpack\loaders\next-swc-loader.js??ruleSet[1].rules[15].oneOf[7].use[0]!C:\Users\zacan\des
ktop\dev\claimshark-dashboard\node_modules\next\dist\shared\lib\router\utils\querystring.js
    Used by 6 module(s), i. e.
    C:\Users\zacan\Desktop\Dev\claimshark-dashboard\node_modules\next\dist\build\webpack\loaders\next-swc-loader.js??ruleSet[1].rules[15].oneOf[7].use[0]!C:\Users\zacan\d
esktop\dev\claimshark-dashboard\node_modules\next\dist\client\index.js

Import trace for requested module:
./node_modules/next/dist/shared/lib/router/utils/querystring.js
./node_modules/next/dist/shared/lib/router/utils/parse-relative-url.js
./node_modules/next/dist/shared/lib/router/router.js

./node_modules/next/dist/shared/lib/router/utils/remove-path-prefix.js
There are multiple modules with names that only differ in casing.
This can lead to unexpected behavior when compiling on a filesystem with other case-semantic.
Use equal casing. Compare these module identifiers:
* C:\Users\zacan\Desktop\Dev\claimshark-dashboard\node_modules\next\dist\build\webpack\loaders\next-swc-loader.js??ruleSet[1].rules[15].oneOf[7].use[0]!C:\Users\zacan\Des
ktop\Dev\claimshark-dashboard\node_modules\next\dist\shared\lib\router\utils\remove-path-prefix.js
    Used by 1 module(s), i. e.
    C:\Users\zacan\Desktop\Dev\claimshark-dashboard\node_modules\next\dist\build\webpack\loaders\next-swc-loader.js??ruleSet[1].rules[15].oneOf[7].use[0]!C:\Users\zacan\D
esktop\Dev\claimshark-dashboard\node_modules\next\dist\shared\lib\router\utils\get-next-pathname-info.js
* C:\Users\zacan\Desktop\Dev\claimshark-dashboard\node_modules\next\dist\build\webpack\loaders\next-swc-loader.js??ruleSet[1].rules[15].oneOf[7].use[0]!C:\Users\zacan\des
ktop\dev\claimshark-dashboard\node_modules\next\dist\shared\lib\router\utils\remove-path-prefix.js
    Used by 1 module(s), i. e.
    C:\Users\zacan\Desktop\Dev\claimshark-dashboard\node_modules\next\dist\build\webpack\loaders\next-swc-loader.js??ruleSet[1].rules[15].oneOf[7].use[0]!C:\Users\zacan\d
esktop\dev\claimshark-dashboard\node_modules\next\dist\shared\lib\router\utils\get-next-pathname-info.js

Import trace for requested module:
./node_modules/next/dist/shared/lib/router/utils/remove-path-prefix.js
./node_modules/next/dist/shared/lib/router/utils/get-next-pathname-info.js
./node_modules/next/dist/shared/lib/router/router.js

./node_modules/next/dist/shared/lib/router/utils/remove-trailing-slash.js
There are multiple modules with names that only differ in casing.
This can lead to unexpected behavior when compiling on a filesystem with other case-semantic.
Use equal casing. Compare these module identifiers:
* C:\Users\zacan\Desktop\Dev\claimshark-dashboard\node_modules\next\dist\build\webpack\loaders\next-swc-loader.js??ruleSet[1].rules[15].oneOf[7].use[0]!C:\Users\zacan\Des
ktop\Dev\claimshark-dashboard\node_modules\next\dist\shared\lib\router\utils\remove-trailing-slash.js
    Used by 4 module(s), i. e.
    C:\Users\zacan\Desktop\Dev\claimshark-dashboard\node_modules\next\dist\build\webpack\loaders\next-swc-loader.js??ruleSet[1].rules[15].oneOf[7].use[0]!C:\Users\zacan\D
esktop\Dev\claimshark-dashboard\node_modules\next\dist\shared\lib\router\router.js
* C:\Users\zacan\Desktop\Dev\claimshark-dashboard\node_modules\next\dist\build\webpack\loaders\next-swc-loader.js??ruleSet[1].rules[15].oneOf[7].use[0]!C:\Users\zacan\des
ktop\dev\claimshark-dashboard\node_modules\next\dist\shared\lib\router\utils\remove-trailing-slash.js
    Used by 6 module(s), i. e.
    C:\Users\zacan\Desktop\Dev\claimshark-dashboard\node_modules\next\dist\build\webpack\loaders\next-swc-loader.js??ruleSet[1].rules[15].oneOf[7].use[0]!C:\Users\zacan\d
esktop\dev\claimshark-dashboard\node_modules\next\dist\client\page-loader.js

Import trace for requested module:
./node_modules/next/dist/shared/lib/router/utils/remove-trailing-slash.js
./node_modules/next/dist/shared/lib/router/router.js

./node_modules/next/dist/shared/lib/router/utils/route-matcher.js
There are multiple modules with names that only differ in casing.
This can lead to unexpected behavior when compiling on a filesystem with other case-semantic.
Use equal casing. Compare these module identifiers:
* C:\Users\zacan\Desktop\Dev\claimshark-dashboard\node_modules\next\dist\build\webpack\loaders\next-swc-loader.js??ruleSet[1].rules[15].oneOf[7].use[0]!C:\Users\zacan\Des
ktop\Dev\claimshark-dashboard\node_modules\next\dist\shared\lib\router\utils\route-matcher.js
    Used by 2 module(s), i. e.
    C:\Users\zacan\Desktop\Dev\claimshark-dashboard\node_modules\next\dist\build\webpack\loaders\next-swc-loader.js??ruleSet[1].rules[15].oneOf[7].use[0]!C:\Users\zacan\D
esktop\Dev\claimshark-dashboard\node_modules\next\dist\shared\lib\router\router.js
* C:\Users\zacan\Desktop\Dev\claimshark-dashboard\node_modules\next\dist\build\webpack\loaders\next-swc-loader.js??ruleSet[1].rules[15].oneOf[7].use[0]!C:\Users\zacan\des
ktop\dev\claimshark-dashboard\node_modules\next\dist\shared\lib\router\utils\route-matcher.js
    Used by 2 module(s), i. e.
    C:\Users\zacan\Desktop\Dev\claimshark-dashboard\node_modules\next\dist\build\webpack\loaders\next-swc-loader.js??ruleSet[1].rules[15].oneOf[7].use[0]!C:\Users\zacan\d
esktop\dev\claimshark-dashboard\node_modules\next\dist\shared\lib\router\utils\interpolate-as.js

Import trace for requested module:
./node_modules/next/dist/shared/lib/router/utils/route-matcher.js
./node_modules/next/dist/shared/lib/router/router.js

./node_modules/next/dist/shared/lib/router/utils/route-regex.js
There are multiple modules with names that only differ in casing.
This can lead to unexpected behavior when compiling on a filesystem with other case-semantic.
Use equal casing. Compare these module identifiers:
* C:\Users\zacan\Desktop\Dev\claimshark-dashboard\node_modules\next\dist\build\webpack\loaders\next-swc-loader.js??ruleSet[1].rules[15].oneOf[7].use[0]!C:\Users\zacan\Des
ktop\Dev\claimshark-dashboard\node_modules\next\dist\shared\lib\router\utils\route-regex.js
    Used by 3 module(s), i. e.
    C:\Users\zacan\Desktop\Dev\claimshark-dashboard\node_modules\next\dist\build\webpack\loaders\next-swc-loader.js??ruleSet[1].rules[15].oneOf[7].use[0]!C:\Users\zacan\D
esktop\Dev\claimshark-dashboard\node_modules\next\dist\shared\lib\router\router.js
* C:\Users\zacan\Desktop\Dev\claimshark-dashboard\node_modules\next\dist\build\webpack\loaders\next-swc-loader.js??ruleSet[1].rules[15].oneOf[7].use[0]!C:\Users\zacan\des
ktop\dev\claimshark-dashboard\node_modules\next\dist\shared\lib\router\utils\route-regex.js
    Used by 4 module(s), i. e.
    C:\Users\zacan\Desktop\Dev\claimshark-dashboard\node_modules\next\dist\build\webpack\loaders\next-swc-loader.js??ruleSet[1].rules[15].oneOf[7].use[0]!C:\Users\zacan\d
esktop\dev\claimshark-dashboard\node_modules\next\dist\shared\lib\router\adapters.js

Import trace for requested module:
./node_modules/next/dist/shared/lib/router/utils/route-regex.js
./node_modules/next/dist/shared/lib/router/router.js

./node_modules/next/dist/shared/lib/router/utils/sorted-routes.js
There are multiple modules with names that only differ in casing.
This can lead to unexpected behavior when compiling on a filesystem with other case-semantic.
Use equal casing. Compare these module identifiers:
* C:\Users\zacan\Desktop\Dev\claimshark-dashboard\node_modules\next\dist\build\webpack\loaders\next-swc-loader.js??ruleSet[1].rules[15].oneOf[7].use[0]!C:\Users\zacan\Des
ktop\Dev\claimshark-dashboard\node_modules\next\dist\shared\lib\router\utils\sorted-routes.js
    Used by 1 module(s), i. e.
    C:\Users\zacan\Desktop\Dev\claimshark-dashboard\node_modules\next\dist\build\webpack\loaders\next-swc-loader.js??ruleSet[1].rules[15].oneOf[7].use[0]!C:\Users\zacan\D
esktop\Dev\claimshark-dashboard\node_modules\next\dist\shared\lib\router\utils\index.js
* C:\Users\zacan\Desktop\Dev\claimshark-dashboard\node_modules\next\dist\build\webpack\loaders\next-swc-loader.js??ruleSet[1].rules[15].oneOf[7].use[0]!C:\Users\zacan\des
ktop\dev\claimshark-dashboard\node_modules\next\dist\shared\lib\router\utils\sorted-routes.js
    Used by 1 module(s), i. e.
    C:\Users\zacan\Desktop\Dev\claimshark-dashboard\node_modules\next\dist\build\webpack\loaders\next-swc-loader.js??ruleSet[1].rules[15].oneOf[7].use[0]!C:\Users\zacan\d
esktop\dev\claimshark-dashboard\node_modules\next\dist\shared\lib\router\utils\index.js

Import trace for requested module:
./node_modules/next/dist/shared/lib/router/utils/sorted-routes.js
./node_modules/next/dist/shared/lib/router/utils/index.js
./node_modules/next/dist/shared/lib/page-path/denormalize-page-path.js
./node_modules/next/dist/shared/lib/router/router.js

./node_modules/next/dist/shared/lib/segment.js
There are multiple modules with names that only differ in casing.
This can lead to unexpected behavior when compiling on a filesystem with other case-semantic.
Use equal casing. Compare these module identifiers:
* C:\Users\zacan\Desktop\Dev\claimshark-dashboard\node_modules\next\dist\build\webpack\loaders\next-swc-loader.js??ruleSet[1].rules[15].oneOf[7].use[0]!C:\Users\zacan\Des
ktop\Dev\claimshark-dashboard\node_modules\next\dist\shared\lib\segment.js
    Used by 2 module(s), i. e.
    C:\Users\zacan\Desktop\Dev\claimshark-dashboard\node_modules\next\dist\build\webpack\loaders\next-swc-loader.js??ruleSet[1].rules[15].oneOf[7].use[0]!C:\Users\zacan\D
esktop\Dev\claimshark-dashboard\node_modules\next\dist\shared\lib\router\utils\app-paths.js
* C:\Users\zacan\Desktop\Dev\claimshark-dashboard\node_modules\next\dist\build\webpack\loaders\next-swc-loader.js??ruleSet[1].rules[15].oneOf[7].use[0]!C:\Users\zacan\des
ktop\dev\claimshark-dashboard\node_modules\next\dist\shared\lib\segment.js
    Used by 2 module(s), i. e.
    C:\Users\zacan\Desktop\Dev\claimshark-dashboard\node_modules\next\dist\build\webpack\loaders\next-swc-loader.js??ruleSet[1].rules[15].oneOf[7].use[0]!C:\Users\zacan\d
esktop\dev\claimshark-dashboard\node_modules\next\dist\shared\lib\router\utils\app-paths.js

Import trace for requested module:
./node_modules/next/dist/shared/lib/segment.js
./node_modules/next/dist/shared/lib/router/utils/app-paths.js
./node_modules/next/dist/server/future/helpers/interception-routes.js
./node_modules/next/dist/shared/lib/router/utils/is-dynamic.js
./node_modules/next/dist/shared/lib/router/router.js

./node_modules/next/dist/shared/lib/side-effect.js
There are multiple modules with names that only differ in casing.
This can lead to unexpected behavior when compiling on a filesystem with other case-semantic.
Use equal casing. Compare these module identifiers:
* C:\Users\zacan\Desktop\Dev\claimshark-dashboard\node_modules\next\dist\build\webpack\loaders\next-swc-loader.js??ruleSet[1].rules[15].oneOf[7].use[0]!C:\Users\zacan\Des
ktop\Dev\claimshark-dashboard\node_modules\next\dist\shared\lib\side-effect.js
    Used by 1 module(s), i. e.
    C:\Users\zacan\Desktop\Dev\claimshark-dashboard\node_modules\next\dist\build\webpack\loaders\next-swc-loader.js??ruleSet[1].rules[15].oneOf[7].use[0]!C:\Users\zacan\D
esktop\Dev\claimshark-dashboard\node_modules\next\dist\shared\lib\head.js
* C:\Users\zacan\Desktop\Dev\claimshark-dashboard\node_modules\next\dist\build\webpack\loaders\next-swc-loader.js??ruleSet[1].rules[15].oneOf[7].use[0]!C:\Users\zacan\des
ktop\dev\claimshark-dashboard\node_modules\next\dist\shared\lib\side-effect.js
    Used by 1 module(s), i. e.
    C:\Users\zacan\Desktop\Dev\claimshark-dashboard\node_modules\next\dist\build\webpack\loaders\next-swc-loader.js??ruleSet[1].rules[15].oneOf[7].use[0]!C:\Users\zacan\d
esktop\dev\claimshark-dashboard\node_modules\next\dist\shared\lib\head.js

Import trace for requested module:
./node_modules/next/dist/shared/lib/side-effect.js
./node_modules/next/dist/shared/lib/head.js

./node_modules/next/dist/shared/lib/utils.js
There are multiple modules with names that only differ in casing.
This can lead to unexpected behavior when compiling on a filesystem with other case-semantic.
Use equal casing. Compare these module identifiers:
* C:\Users\zacan\Desktop\Dev\claimshark-dashboard\node_modules\next\dist\build\webpack\loaders\next-swc-loader.js??ruleSet[1].rules[15].oneOf[7].use[0]!C:\Users\zacan\Des
ktop\Dev\claimshark-dashboard\node_modules\next\dist\shared\lib\utils.js
    Used by 7 module(s), i. e.
    C:\Users\zacan\Desktop\Dev\claimshark-dashboard\node_modules\next\dist\build\webpack\loaders\next-swc-loader.js??ruleSet[1].rules[15].oneOf[7].use[0]!C:\Users\zacan\D
esktop\Dev\claimshark-dashboard\node_modules\next\dist\pages\_app.js
* C:\Users\zacan\Desktop\Dev\claimshark-dashboard\node_modules\next\dist\build\webpack\loaders\next-swc-loader.js??ruleSet[1].rules[15].oneOf[7].use[0]!C:\Users\zacan\des
ktop\dev\claimshark-dashboard\node_modules\next\dist\shared\lib\utils.js
    Used by 8 module(s), i. e.
    C:\Users\zacan\Desktop\Dev\claimshark-dashboard\node_modules\next\dist\build\webpack\loaders\next-swc-loader.js??ruleSet[1].rules[15].oneOf[7].use[0]!C:\Users\zacan\d
esktop\dev\claimshark-dashboard\node_modules\next\dist\client\index.js

Import trace for requested module:
./node_modules/next/dist/shared/lib/utils.js

./node_modules/next/dist/shared/lib/utils/warn-once.js
There are multiple modules with names that only differ in casing.
This can lead to unexpected behavior when compiling on a filesystem with other case-semantic.
Use equal casing. Compare these module identifiers:
* C:\Users\zacan\Desktop\Dev\claimshark-dashboard\node_modules\next\dist\build\webpack\loaders\next-swc-loader.js??ruleSet[1].rules[15].oneOf[7].use[0]!C:\Users\zacan\Des
ktop\Dev\claimshark-dashboard\node_modules\next\dist\shared\lib\utils\warn-once.js
    Used by 1 module(s), i. e.
    C:\Users\zacan\Desktop\Dev\claimshark-dashboard\node_modules\next\dist\build\webpack\loaders\next-swc-loader.js??ruleSet[1].rules[15].oneOf[7].use[0]!C:\Users\zacan\D
esktop\Dev\claimshark-dashboard\node_modules\next\dist\shared\lib\head.js
* C:\Users\zacan\Desktop\Dev\claimshark-dashboard\node_modules\next\dist\build\webpack\loaders\next-swc-loader.js??ruleSet[1].rules[15].oneOf[7].use[0]!C:\Users\zacan\des
ktop\dev\claimshark-dashboard\node_modules\next\dist\shared\lib\utils\warn-once.js
    Used by 1 module(s), i. e.
    C:\Users\zacan\Desktop\Dev\claimshark-dashboard\node_modules\next\dist\build\webpack\loaders\next-swc-loader.js??ruleSet[1].rules[15].oneOf[7].use[0]!C:\Users\zacan\d
esktop\dev\claimshark-dashboard\node_modules\next\dist\shared\lib\head.js

Import trace for requested module:
./node_modules/next/dist/shared/lib/utils/warn-once.js
./node_modules/next/dist/shared/lib/head.js

./node_modules/next/dist/lib/is-api-route.js
There are multiple modules with names that only differ in casing.
This can lead to unexpected behavior when compiling on a filesystem with other case-semantic.
Use equal casing. Compare these module identifiers:
* C:\Users\zacan\Desktop\Dev\claimshark-dashboard\node_modules\next\dist\lib\is-api-route.js
    Used by 1 module(s), i. e.
    C:\Users\zacan\Desktop\Dev\claimshark-dashboard\node_modules\next\dist\build\webpack\loaders\next-swc-loader.js??ruleSet[1].rules[15].oneOf[7].use[0]!C:\Users\zacan\D
esktop\Dev\claimshark-dashboard\node_modules\next\dist\shared\lib\router\router.js
* C:\Users\zacan\desktop\dev\claimshark-dashboard\node_modules\next\dist\lib\is-api-route.js
    Used by 1 module(s), i. e.
    C:\Users\zacan\Desktop\Dev\claimshark-dashboard\node_modules\next\dist\build\webpack\loaders\next-swc-loader.js??ruleSet[1].rules[15].oneOf[7].use[0]!C:\Users\zacan\d
esktop\dev\claimshark-dashboard\node_modules\next\dist\shared\lib\router\router.js

Import trace for requested module:
./node_modules/next/dist/lib/is-api-route.js
./node_modules/next/dist/shared/lib/router/router.js

./node_modules/next/dist/lib/is-error.js
There are multiple modules with names that only differ in casing.
This can lead to unexpected behavior when compiling on a filesystem with other case-semantic.
Use equal casing. Compare these module identifiers:
* C:\Users\zacan\Desktop\Dev\claimshark-dashboard\node_modules\next\dist\lib\is-error.js
    Used by 3 module(s), i. e.
    C:\Users\zacan\Desktop\Dev\claimshark-dashboard\node_modules\next\dist\build\webpack\loaders\next-swc-loader.js??ruleSet[1].rules[15].oneOf[7].use[0]!C:\Users\zacan\D
esktop\Dev\claimshark-dashboard\node_modules\next\dist\client\router.js
* C:\Users\zacan\desktop\dev\claimshark-dashboard\node_modules\next\dist\lib\is-error.js
    Used by 4 module(s), i. e.
    C:\Users\zacan\Desktop\Dev\claimshark-dashboard\node_modules\next\dist\build\webpack\loaders\next-swc-loader.js??ruleSet[1].rules[15].oneOf[7].use[0]!C:\Users\zacan\d
esktop\dev\claimshark-dashboard\node_modules\next\dist\client\index.js

Import trace for requested module:
./node_modules/next/dist/lib/is-error.js

./node_modules/next/dist/server/future/helpers/interception-routes.js
There are multiple modules with names that only differ in casing.
This can lead to unexpected behavior when compiling on a filesystem with other case-semantic.
Use equal casing. Compare these module identifiers:
* C:\Users\zacan\Desktop\Dev\claimshark-dashboard\node_modules\next\dist\server\future\helpers\interception-routes.js
    Used by 3 module(s), i. e.
    C:\Users\zacan\Desktop\Dev\claimshark-dashboard\node_modules\next\dist\build\webpack\loaders\next-swc-loader.js??ruleSet[1].rules[15].oneOf[7].use[0]!C:\Users\zacan\D
esktop\Dev\claimshark-dashboard\node_modules\next\dist\shared\lib\router\utils\is-dynamic.js
* C:\Users\zacan\desktop\dev\claimshark-dashboard\node_modules\next\dist\server\future\helpers\interception-routes.js
    Used by 4 module(s), i. e.
    C:\Users\zacan\Desktop\Dev\claimshark-dashboard\node_modules\next\dist\build\webpack\loaders\next-swc-loader.js??ruleSet[1].rules[15].oneOf[7].use[0]!C:\Users\zacan\d
esktop\dev\claimshark-dashboard\node_modules\next\dist\shared\lib\router\utils\is-dynamic.js

Import trace for requested module:
./node_modules/next/dist/server/future/helpers/interception-routes.js
./node_modules/next/dist/shared/lib/router/utils/is-dynamic.js
./node_modules/next/dist/shared/lib/router/router.js

./node_modules/react-dom/cjs/react-dom.production.min.js
There are multiple modules with names that only differ in casing.
This can lead to unexpected behavior when compiling on a filesystem with other case-semantic.
Use equal casing. Compare these module identifiers:
* C:\Users\zacan\Desktop\Dev\claimshark-dashboard\node_modules\react-dom\cjs\react-dom.production.min.js
    Used by 1 module(s), i. e.
    C:\Users\zacan\Desktop\Dev\claimshark-dashboard\node_modules\react-dom\index.js
* C:\Users\zacan\desktop\dev\claimshark-dashboard\node_modules\react-dom\cjs\react-dom.production.min.js
    Used by 1 module(s), i. e.
    C:\Users\zacan\desktop\dev\claimshark-dashboard\node_modules\react-dom\index.js

Import trace for requested module:
./node_modules/react-dom/cjs/react-dom.production.min.js
./node_modules/react-dom/index.js
./node_modules/next/dist/client/script.js
./node_modules/next/dist/shared/lib/router/router.js

./node_modules/react-dom/index.js
There are multiple modules with names that only differ in casing.
This can lead to unexpected behavior when compiling on a filesystem with other case-semantic.
Use equal casing. Compare these module identifiers:
* C:\Users\zacan\Desktop\Dev\claimshark-dashboard\node_modules\react-dom\index.js
    Used by 1 module(s), i. e.
    C:\Users\zacan\Desktop\Dev\claimshark-dashboard\node_modules\next\dist\build\webpack\loaders\next-swc-loader.js??ruleSet[1].rules[15].oneOf[7].use[0]!C:\Users\zacan\D
esktop\Dev\claimshark-dashboard\node_modules\next\dist\client\script.js
* C:\Users\zacan\desktop\dev\claimshark-dashboard\node_modules\react-dom\index.js
    Used by 3 module(s), i. e.
    C:\Users\zacan\Desktop\Dev\claimshark-dashboard\node_modules\next\dist\build\webpack\loaders\next-swc-loader.js??ruleSet[1].rules[15].oneOf[7].use[0]!C:\Users\zacan\d
esktop\dev\claimshark-dashboard\node_modules\next\dist\client\portal\index.js

Import trace for requested module:
./node_modules/react-dom/index.js
./node_modules/next/dist/client/script.js
./node_modules/next/dist/shared/lib/router/router.js

./node_modules/react/cjs/react-jsx-runtime.production.min.js
There are multiple modules with names that only differ in casing.
This can lead to unexpected behavior when compiling on a filesystem with other case-semantic.
Use equal casing. Compare these module identifiers:
* C:\Users\zacan\Desktop\Dev\claimshark-dashboard\node_modules\react\cjs\react-jsx-runtime.production.min.js
    Used by 1 module(s), i. e.
    C:\Users\zacan\Desktop\Dev\claimshark-dashboard\node_modules\react\jsx-runtime.js
* C:\Users\zacan\desktop\dev\claimshark-dashboard\node_modules\react\cjs\react-jsx-runtime.production.min.js
    Used by 1 module(s), i. e.
    C:\Users\zacan\desktop\dev\claimshark-dashboard\node_modules\react\jsx-runtime.js

Import trace for requested module:
./node_modules/react/cjs/react-jsx-runtime.production.min.js
./node_modules/react/jsx-runtime.js

./node_modules/react/cjs/react.production.min.js
There are multiple modules with names that only differ in casing.
This can lead to unexpected behavior when compiling on a filesystem with other case-semantic.
Use equal casing. Compare these module identifiers:
* C:\Users\zacan\Desktop\Dev\claimshark-dashboard\node_modules\react\cjs\react.production.min.js
    Used by 1 module(s), i. e.
    C:\Users\zacan\Desktop\Dev\claimshark-dashboard\node_modules\react\index.js
* C:\Users\zacan\desktop\dev\claimshark-dashboard\node_modules\react\cjs\react.production.min.js
    Used by 1 module(s), i. e.
    C:\Users\zacan\desktop\dev\claimshark-dashboard\node_modules\react\index.js

Import trace for requested module:
./node_modules/react/cjs/react.production.min.js
./node_modules/react/index.js

./node_modules/react/index.js
There are multiple modules with names that only differ in casing.
This can lead to unexpected behavior when compiling on a filesystem with other case-semantic.
Use equal casing. Compare these module identifiers:
* C:\Users\zacan\Desktop\Dev\claimshark-dashboard\node_modules\react\index.js
    Used by 12 module(s), i. e.
    C:\Users\zacan\Desktop\Dev\claimshark-dashboard\node_modules\next\dist\build\webpack\loaders\next-swc-loader.js??ruleSet[1].rules[15].oneOf[7].use[0]!C:\Users\zacan\D
esktop\Dev\claimshark-dashboard\node_modules\next\dist\client\router.js
* C:\Users\zacan\desktop\dev\claimshark-dashboard\node_modules\react\index.js
    Used by 19 module(s), i. e.
    C:\Users\zacan\Desktop\Dev\claimshark-dashboard\node_modules\next\dist\build\webpack\loaders\next-swc-loader.js??ruleSet[1].rules[15].oneOf[7].use[0]!C:\Users\zacan\d
esktop\dev\claimshark-dashboard\node_modules\next\dist\client\index.js

Import trace for requested module:
./node_modules/react/index.js

./node_modules/react/jsx-runtime.js
There are multiple modules with names that only differ in casing.
This can lead to unexpected behavior when compiling on a filesystem with other case-semantic.
Use equal casing. Compare these module identifiers:
* C:\Users\zacan\Desktop\Dev\claimshark-dashboard\node_modules\react\jsx-runtime.js
    Used by 5 module(s), i. e.
    C:\Users\zacan\Desktop\Dev\claimshark-dashboard\node_modules\next\dist\build\webpack\loaders\next-swc-loader.js??ruleSet[1].rules[15].oneOf[7].use[0]!C:\Users\zacan\D
esktop\Dev\claimshark-dashboard\node_modules\next\dist\pages\_app.js
* C:\Users\zacan\desktop\dev\claimshark-dashboard\node_modules\react\jsx-runtime.js
    Used by 8 module(s), i. e.
    C:\Users\zacan\Desktop\Dev\claimshark-dashboard\node_modules\next\dist\build\webpack\loaders\next-swc-loader.js??ruleSet[1].rules[15].oneOf[7].use[0]!C:\Users\zacan\d
esktop\dev\claimshark-dashboard\node_modules\next\dist\client\index.js

Import trace for requested module:
./node_modules/react/jsx-runtime.js

./node_modules/scheduler/cjs/scheduler.production.min.js
There are multiple modules with names that only differ in casing.
This can lead to unexpected behavior when compiling on a filesystem with other case-semantic.
Use equal casing. Compare these module identifiers:
* C:\Users\zacan\Desktop\Dev\claimshark-dashboard\node_modules\scheduler\cjs\scheduler.production.min.js
    Used by 2 module(s), i. e.
    C:\Users\zacan\Desktop\Dev\claimshark-dashboard\node_modules\scheduler\index.js
* C:\Users\zacan\desktop\dev\claimshark-dashboard\node_modules\scheduler\cjs\scheduler.production.min.js
    Used by 2 module(s), i. e.
    C:\Users\zacan\desktop\dev\claimshark-dashboard\node_modules\scheduler\index.js

Import trace for requested module:
./node_modules/scheduler/cjs/scheduler.production.min.js
./node_modules/scheduler/index.js
./node_modules/react-dom/cjs/react-dom.production.min.js
./node_modules/react-dom/index.js
./node_modules/next/dist/client/script.js
./node_modules/next/dist/shared/lib/router/router.js

./node_modules/scheduler/index.js
There are multiple modules with names that only differ in casing.
This can lead to unexpected behavior when compiling on a filesystem with other case-semantic.
Use equal casing. Compare these module identifiers:
* C:\Users\zacan\Desktop\Dev\claimshark-dashboard\node_modules\scheduler\index.js
    Used by 1 module(s), i. e.
    C:\Users\zacan\Desktop\Dev\claimshark-dashboard\node_modules\react-dom\cjs\react-dom.production.min.js
* C:\Users\zacan\desktop\dev\claimshark-dashboard\node_modules\scheduler\index.js
    Used by 1 module(s), i. e.
    C:\Users\zacan\desktop\dev\claimshark-dashboard\node_modules\react-dom\cjs\react-dom.production.min.js

Import trace for requested module:
./node_modules/scheduler/index.js
./node_modules/react-dom/cjs/react-dom.production.min.js
./node_modules/react-dom/index.js
./node_modules/next/dist/client/script.js
./node_modules/next/dist/shared/lib/router/router.js

./node_modules/next/dist/client/add-base-path.js
There are multiple modules with names that only differ in casing.
This can lead to unexpected behavior when compiling on a filesystem with other case-semantic.
Use equal casing. Compare these module identifiers:
* javascript/auto|C:\Users\zacan\Desktop\Dev\claimshark-dashboard\node_modules\next\dist\build\webpack\loaders\next-flight-client-module-loader.js!C:\Users\zacan\Desktop\
Dev\claimshark-dashboard\node_modules\next\dist\build\webpack\loaders\next-swc-loader.js??ruleSet[1].rules[15].oneOf[5].use[1]!C:\Users\zacan\Desktop\Dev\claimshark-dashb
oard\node_modules\next\dist\client\add-base-path.js|app-pages-browser
    Used by 3 module(s), i. e.
    javascript/auto|C:\Users\zacan\Desktop\Dev\claimshark-dashboard\node_modules\next\dist\build\webpack\loaders\next-flight-client-module-loader.js!C:\Users\zacan\Deskto
p\Dev\claimshark-dashboard\node_modules\next\dist\build\webpack\loaders\next-swc-loader.js??ruleSet[1].rules[15].oneOf[5].use[1]!C:\Users\zacan\Desktop\Dev\claimshark-das
hboard\node_modules\next\dist\client\components\app-router.js|app-pages-browser
* javascript/auto|C:\Users\zacan\Desktop\Dev\claimshark-dashboard\node_modules\next\dist\build\webpack\loaders\next-flight-client-module-loader.js!C:\Users\zacan\Desktop\
Dev\claimshark-dashboard\node_modules\next\dist\build\webpack\loaders\next-swc-loader.js??ruleSet[1].rules[15].oneOf[5].use[1]!C:\Users\zacan\desktop\dev\claimshark-dashb
oard\node_modules\next\dist\client\add-base-path.js|app-pages-browser
    Used by 3 module(s), i. e.
    javascript/auto|C:\Users\zacan\Desktop\Dev\claimshark-dashboard\node_modules\next\dist\build\webpack\loaders\next-flight-client-module-loader.js!C:\Users\zacan\Deskto
p\Dev\claimshark-dashboard\node_modules\next\dist\build\webpack\loaders\next-swc-loader.js??ruleSet[1].rules[15].oneOf[5].use[1]!C:\Users\zacan\desktop\dev\claimshark-das
hboard\node_modules\next\dist\client\components\app-router.js|app-pages-browser

Import trace for requested module:
./node_modules/next/dist/client/add-base-path.js
./node_modules/next/dist/client/components/app-router.js

./node_modules/next/dist/client/app-call-server.js
There are multiple modules with names that only differ in casing.
This can lead to unexpected behavior when compiling on a filesystem with other case-semantic.
Use equal casing. Compare these module identifiers:
* javascript/auto|C:\Users\zacan\Desktop\Dev\claimshark-dashboard\node_modules\next\dist\build\webpack\loaders\next-flight-client-module-loader.js!C:\Users\zacan\Desktop\
Dev\claimshark-dashboard\node_modules\next\dist\build\webpack\loaders\next-swc-loader.js??ruleSet[1].rules[15].oneOf[5].use[1]!C:\Users\zacan\Desktop\Dev\claimshark-dashb
oard\node_modules\next\dist\client\app-call-server.js|app-pages-browser
    Used by 3 module(s), i. e.
    javascript/auto|C:\Users\zacan\Desktop\Dev\claimshark-dashboard\node_modules\next\dist\build\webpack\loaders\next-flight-client-module-loader.js!C:\Users\zacan\Deskto
p\Dev\claimshark-dashboard\node_modules\next\dist\build\webpack\loaders\next-swc-loader.js??ruleSet[1].rules[15].oneOf[5].use[1]!C:\Users\zacan\Desktop\Dev\claimshark-das
hboard\node_modules\next\dist\client\components\router-reducer\fetch-server-response.js|app-pages-browser
* javascript/auto|C:\Users\zacan\Desktop\Dev\claimshark-dashboard\node_modules\next\dist\build\webpack\loaders\next-flight-client-module-loader.js!C:\Users\zacan\Desktop\
Dev\claimshark-dashboard\node_modules\next\dist\build\webpack\loaders\next-swc-loader.js??ruleSet[1].rules[15].oneOf[5].use[1]!C:\Users\zacan\desktop\dev\claimshark-dashb
oard\node_modules\next\dist\client\app-call-server.js|app-pages-browser
    Used by 4 module(s), i. e.
    javascript/auto|C:\Users\zacan\Desktop\Dev\claimshark-dashboard\node_modules\next\dist\build\webpack\loaders\next-flight-client-module-loader.js!C:\Users\zacan\Deskto
p\Dev\claimshark-dashboard\node_modules\next\dist\build\webpack\loaders\next-swc-loader.js??ruleSet[1].rules[15].oneOf[5].use[1]!C:\Users\zacan\desktop\dev\claimshark-das
hboard\node_modules\next\dist\client\app-index.js|app-pages-browser

Import trace for requested module:
./node_modules/next/dist/client/app-call-server.js
./node_modules/next/dist/client/components/router-reducer/fetch-server-response.js
./node_modules/next/dist/client/components/layout-router.js

./node_modules/next/dist/client/components/action-async-storage.external.js
There are multiple modules with names that only differ in casing.
This can lead to unexpected behavior when compiling on a filesystem with other case-semantic.
Use equal casing. Compare these module identifiers:
* javascript/auto|C:\Users\zacan\Desktop\Dev\claimshark-dashboard\node_modules\next\dist\build\webpack\loaders\next-flight-client-module-loader.js!C:\Users\zacan\Desktop\
Dev\claimshark-dashboard\node_modules\next\dist\build\webpack\loaders\next-swc-loader.js??ruleSet[1].rules[15].oneOf[5].use[1]!C:\Users\zacan\Desktop\Dev\claimshark-dashb
oard\node_modules\next\dist\client\components\action-async-storage.external.js|shared
    Used by 2 module(s), i. e.
    javascript/auto|C:\Users\zacan\Desktop\Dev\claimshark-dashboard\node_modules\next\dist\build\webpack\loaders\next-flight-client-module-loader.js!C:\Users\zacan\Deskto
p\Dev\claimshark-dashboard\node_modules\next\dist\build\webpack\loaders\next-swc-loader.js??ruleSet[1].rules[15].oneOf[5].use[1]!C:\Users\zacan\Desktop\Dev\claimshark-das
hboard\node_modules\next\dist\client\components\redirect.js|app-pages-browser
* javascript/auto|C:\Users\zacan\Desktop\Dev\claimshark-dashboard\node_modules\next\dist\build\webpack\loaders\next-flight-client-module-loader.js!C:\Users\zacan\Desktop\
Dev\claimshark-dashboard\node_modules\next\dist\build\webpack\loaders\next-swc-loader.js??ruleSet[1].rules[15].oneOf[5].use[1]!C:\Users\zacan\desktop\dev\claimshark-dashb
oard\node_modules\next\dist\client\components\action-async-storage.external.js|shared
    Used by 2 module(s), i. e.
    javascript/auto|C:\Users\zacan\Desktop\Dev\claimshark-dashboard\node_modules\next\dist\build\webpack\loaders\next-flight-client-module-loader.js!C:\Users\zacan\Deskto
p\Dev\claimshark-dashboard\node_modules\next\dist\build\webpack\loaders\next-swc-loader.js??ruleSet[1].rules[15].oneOf[5].use[1]!C:\Users\zacan\desktop\dev\claimshark-das
hboard\node_modules\next\dist\client\components\redirect.js|app-pages-browser

Import trace for requested module:
./node_modules/next/dist/client/components/action-async-storage.external.js
./node_modules/next/dist/client/components/redirect.js
./node_modules/next/dist/client/components/redirect-boundary.js
./node_modules/next/dist/client/components/app-router.js

./node_modules/next/dist/client/components/app-router-announcer.js
There are multiple modules with names that only differ in casing.
This can lead to unexpected behavior when compiling on a filesystem with other case-semantic.
Use equal casing. Compare these module identifiers:
* javascript/auto|C:\Users\zacan\Desktop\Dev\claimshark-dashboard\node_modules\next\dist\build\webpack\loaders\next-flight-client-module-loader.js!C:\Users\zacan\Desktop\
Dev\claimshark-dashboard\node_modules\next\dist\build\webpack\loaders\next-swc-loader.js??ruleSet[1].rules[15].oneOf[5].use[1]!C:\Users\zacan\Desktop\Dev\claimshark-dashb
oard\node_modules\next\dist\client\components\app-router-announcer.js|app-pages-browser
    Used by 2 module(s), i. e.
    javascript/auto|C:\Users\zacan\Desktop\Dev\claimshark-dashboard\node_modules\next\dist\build\webpack\loaders\next-flight-client-module-loader.js!C:\Users\zacan\Deskto
p\Dev\claimshark-dashboard\node_modules\next\dist\build\webpack\loaders\next-swc-loader.js??ruleSet[1].rules[15].oneOf[5].use[1]!C:\Users\zacan\Desktop\Dev\claimshark-das
hboard\node_modules\next\dist\client\components\app-router.js|app-pages-browser
* javascript/auto|C:\Users\zacan\Desktop\Dev\claimshark-dashboard\node_modules\next\dist\build\webpack\loaders\next-flight-client-module-loader.js!C:\Users\zacan\Desktop\
Dev\claimshark-dashboard\node_modules\next\dist\build\webpack\loaders\next-swc-loader.js??ruleSet[1].rules[15].oneOf[5].use[1]!C:\Users\zacan\desktop\dev\claimshark-dashb
oard\node_modules\next\dist\client\components\app-router-announcer.js|app-pages-browser
    Used by 2 module(s), i. e.
    javascript/auto|C:\Users\zacan\Desktop\Dev\claimshark-dashboard\node_modules\next\dist\build\webpack\loaders\next-flight-client-module-loader.js!C:\Users\zacan\Deskto
p\Dev\claimshark-dashboard\node_modules\next\dist\build\webpack\loaders\next-swc-loader.js??ruleSet[1].rules[15].oneOf[5].use[1]!C:\Users\zacan\desktop\dev\claimshark-das
hboard\node_modules\next\dist\client\components\app-router.js|app-pages-browser

Import trace for requested module:
./node_modules/next/dist/client/components/app-router-announcer.js
./node_modules/next/dist/client/components/app-router.js

./node_modules/next/dist/client/components/app-router-headers.js
There are multiple modules with names that only differ in casing.
This can lead to unexpected behavior when compiling on a filesystem with other case-semantic.
Use equal casing. Compare these module identifiers:
* javascript/auto|C:\Users\zacan\Desktop\Dev\claimshark-dashboard\node_modules\next\dist\build\webpack\loaders\next-flight-client-module-loader.js!C:\Users\zacan\Desktop\
Dev\claimshark-dashboard\node_modules\next\dist\build\webpack\loaders\next-swc-loader.js??ruleSet[1].rules[15].oneOf[5].use[1]!C:\Users\zacan\Desktop\Dev\claimshark-dashb
oard\node_modules\next\dist\client\components\app-router-headers.js|app-pages-browser
    Used by 5 module(s), i. e.
    javascript/auto|C:\Users\zacan\Desktop\Dev\claimshark-dashboard\node_modules\next\dist\build\webpack\loaders\next-flight-client-module-loader.js!C:\Users\zacan\Deskto
p\Dev\claimshark-dashboard\node_modules\next\dist\build\webpack\loaders\next-swc-loader.js??ruleSet[1].rules[15].oneOf[5].use[1]!C:\Users\zacan\Desktop\Dev\claimshark-das
hboard\node_modules\next\dist\client\components\app-router.js|app-pages-browser
* javascript/auto|C:\Users\zacan\Desktop\Dev\claimshark-dashboard\node_modules\next\dist\build\webpack\loaders\next-flight-client-module-loader.js!C:\Users\zacan\Desktop\
Dev\claimshark-dashboard\node_modules\next\dist\build\webpack\loaders\next-swc-loader.js??ruleSet[1].rules[15].oneOf[5].use[1]!C:\Users\zacan\desktop\dev\claimshark-dashb
oard\node_modules\next\dist\client\components\app-router-headers.js|app-pages-browser
    Used by 5 module(s), i. e.
    javascript/auto|C:\Users\zacan\Desktop\Dev\claimshark-dashboard\node_modules\next\dist\build\webpack\loaders\next-flight-client-module-loader.js!C:\Users\zacan\Deskto
p\Dev\claimshark-dashboard\node_modules\next\dist\build\webpack\loaders\next-swc-loader.js??ruleSet[1].rules[15].oneOf[5].use[1]!C:\Users\zacan\desktop\dev\claimshark-das
hboard\node_modules\next\dist\client\components\app-router.js|app-pages-browser

Import trace for requested module:
./node_modules/next/dist/client/components/app-router-headers.js
./node_modules/next/dist/client/components/app-router.js

./node_modules/next/dist/client/components/app-router.js
There are multiple modules with names that only differ in casing.
This can lead to unexpected behavior when compiling on a filesystem with other case-semantic.
Use equal casing. Compare these module identifiers:
* javascript/auto|C:\Users\zacan\Desktop\Dev\claimshark-dashboard\node_modules\next\dist\build\webpack\loaders\next-flight-client-module-loader.js!C:\Users\zacan\Desktop\
Dev\claimshark-dashboard\node_modules\next\dist\build\webpack\loaders\next-swc-loader.js??ruleSet[1].rules[15].oneOf[5].use[1]!C:\Users\zacan\Desktop\Dev\claimshark-dashb
oard\node_modules\next\dist\client\components\app-router.js|app-pages-browser
    Used by 10 module(s), i. e.
    javascript/auto|C:\Users\zacan\Desktop\Dev\claimshark-dashboard\node_modules\next\dist\build\webpack\loaders\next-flight-client-entry-loader.js?modules=%7B%22request%
22%3A%22C%3A%5C%5CUsers%5C%5Czacan%5C%5CDesktop%5C%5CDev%5C%5Cclaimshark-dashboard%5C%5Cnode_modules%5C%5Cnext%5C%5Cdist%5C%5Cclient%5C%5Ccomponents%5C%5Capp-router.js%22
%2C%22ids%22%3A%5B%5D%7D&modules=%7B%22request%22%3A%22C%3A%5C%5CUsers%5C%5Czacan%5C%5CDesktop%5C%5CDev%5C%5Cclaimshark-dashboard%5C%5Cnode_modules%5C%5Cnext%5C%5Cdist%5C
%5Cclient%5C%5Ccomponents%5C%5Cclient-page.js%22%2C%22ids%22%3A%5B%5D%7D&modules=%7B%22request%22%3A%22C%3A%5C%5CUsers%5C%5Czacan%5C%5CDesktop%5C%5CDev%5C%5Cclaimshark-da
shboard%5C%5Cnode_modules%5C%5Cnext%5C%5Cdist%5C%5Cclient%5C%5Ccomponents%5C%5Cerror-boundary.js%22%2C%22ids%22%3A%5B%5D%7D&modules=%7B%22request%22%3A%22C%3A%5C%5CUsers%
5C%5Czacan%5C%5CDesktop%5C%5CDev%5C%5Cclaimshark-dashboard%5C%5Cnode_modules%5C%5Cnext%5C%5Cdist%5C%5Cclient%5C%5Ccomponents%5C%5Clayout-router.js%22%2C%22ids%22%3A%5B%5D
%7D&modules=%7B%22request%22%3A%22C%3A%5C%5CUsers%5C%5Czacan%5C%5CDesktop%5C%5CDev%5C%5Cclaimshark-dashboard%5C%5Cnode_modules%5C%5Cnext%5C%5Cdist%5C%5Cclient%5C%5Ccompon
ents%5C%5Cnot-found-boundary.js%22%2C%22ids%22%3A%5B%5D%7D&modules=%7B%22request%22%3A%22C%3A%5C%5CUsers%5C%5Czacan%5C%5CDesktop%5C%5CDev%5C%5Cclaimshark-dashboard%5C%5Cn
ode_modules%5C%5Cnext%5C%5Cdist%5C%5Cclient%5C%5Ccomponents%5C%5Crender-from-template-context.js%22%2C%22ids%22%3A%5B%5D%7D&server=false!|app-pages-browser
* javascript/auto|C:\Users\zacan\Desktop\Dev\claimshark-dashboard\node_modules\next\dist\build\webpack\loaders\next-flight-client-module-loader.js!C:\Users\zacan\Desktop\
Dev\claimshark-dashboard\node_modules\next\dist\build\webpack\loaders\next-swc-loader.js??ruleSet[1].rules[15].oneOf[5].use[1]!C:\Users\zacan\desktop\dev\claimshark-dashb
oard\node_modules\next\dist\client\components\app-router.js|app-pages-browser
    Used by 8 module(s), i. e.
    javascript/auto|C:\Users\zacan\Desktop\Dev\claimshark-dashboard\node_modules\next\dist\build\webpack\loaders\next-flight-client-module-loader.js!C:\Users\zacan\Deskto
p\Dev\claimshark-dashboard\node_modules\next\dist\build\webpack\loaders\next-swc-loader.js??ruleSet[1].rules[15].oneOf[5].use[1]!C:\Users\zacan\desktop\dev\claimshark-das
hboard\node_modules\next\dist\client\app-call-server.js|app-pages-browser

Import trace for requested module:
./node_modules/next/dist/client/components/app-router.js

./node_modules/next/dist/client/components/bailout-to-client-rendering.js
There are multiple modules with names that only differ in casing.
This can lead to unexpected behavior when compiling on a filesystem with other case-semantic.
Use equal casing. Compare these module identifiers:
* javascript/auto|C:\Users\zacan\Desktop\Dev\claimshark-dashboard\node_modules\next\dist\build\webpack\loaders\next-flight-client-module-loader.js!C:\Users\zacan\Desktop\
Dev\claimshark-dashboard\node_modules\next\dist\build\webpack\loaders\next-swc-loader.js??ruleSet[1].rules[15].oneOf[5].use[1]!C:\Users\zacan\Desktop\Dev\claimshark-dashb
oard\node_modules\next\dist\client\components\bailout-to-client-rendering.js|app-pages-browser
    Used by 2 module(s), i. e.
    javascript/auto|C:\Users\zacan\Desktop\Dev\claimshark-dashboard\node_modules\next\dist\build\webpack\loaders\next-flight-client-module-loader.js!C:\Users\zacan\Deskto
p\Dev\claimshark-dashboard\node_modules\next\dist\build\webpack\loaders\next-swc-loader.js??ruleSet[1].rules[15].oneOf[5].use[1]!C:\Users\zacan\Desktop\Dev\claimshark-das
hboard\node_modules\next\dist\client\components\navigation.js|app-pages-browser
* javascript/auto|C:\Users\zacan\Desktop\Dev\claimshark-dashboard\node_modules\next\dist\build\webpack\loaders\next-flight-client-module-loader.js!C:\Users\zacan\Desktop\
Dev\claimshark-dashboard\node_modules\next\dist\build\webpack\loaders\next-swc-loader.js??ruleSet[1].rules[15].oneOf[5].use[1]!C:\Users\zacan\desktop\dev\claimshark-dashb
oard\node_modules\next\dist\client\components\bailout-to-client-rendering.js|app-pages-browser
    Used by 2 module(s), i. e.
    javascript/auto|C:\Users\zacan\Desktop\Dev\claimshark-dashboard\node_modules\next\dist\build\webpack\loaders\next-flight-client-module-loader.js!C:\Users\zacan\Deskto
p\Dev\claimshark-dashboard\node_modules\next\dist\build\webpack\loaders\next-swc-loader.js??ruleSet[1].rules[15].oneOf[5].use[1]!C:\Users\zacan\desktop\dev\claimshark-das
hboard\node_modules\next\dist\client\components\navigation.js|app-pages-browser

Import trace for requested module:
./node_modules/next/dist/client/components/bailout-to-client-rendering.js
./node_modules/next/dist/client/components/navigation.js
./node_modules/next/dist/client/components/error-boundary.js

./node_modules/next/dist/client/components/error-boundary.js
There are multiple modules with names that only differ in casing.
This can lead to unexpected behavior when compiling on a filesystem with other case-semantic.
Use equal casing. Compare these module identifiers:
* javascript/auto|C:\Users\zacan\Desktop\Dev\claimshark-dashboard\node_modules\next\dist\build\webpack\loaders\next-flight-client-module-loader.js!C:\Users\zacan\Desktop\
Dev\claimshark-dashboard\node_modules\next\dist\build\webpack\loaders\next-swc-loader.js??ruleSet[1].rules[15].oneOf[5].use[1]!C:\Users\zacan\Desktop\Dev\claimshark-dashb
oard\node_modules\next\dist\client\components\error-boundary.js|app-pages-browser
    Used by 4 module(s), i. e.
    javascript/auto|C:\Users\zacan\Desktop\Dev\claimshark-dashboard\node_modules\next\dist\build\webpack\loaders\next-flight-client-entry-loader.js?modules=%7B%22request%
22%3A%22C%3A%5C%5CUsers%5C%5Czacan%5C%5CDesktop%5C%5CDev%5C%5Cclaimshark-dashboard%5C%5Cnode_modules%5C%5Cnext%5C%5Cdist%5C%5Cclient%5C%5Ccomponents%5C%5Capp-router.js%22
%2C%22ids%22%3A%5B%5D%7D&modules=%7B%22request%22%3A%22C%3A%5C%5CUsers%5C%5Czacan%5C%5CDesktop%5C%5CDev%5C%5Cclaimshark-dashboard%5C%5Cnode_modules%5C%5Cnext%5C%5Cdist%5C
%5Cclient%5C%5Ccomponents%5C%5Cclient-page.js%22%2C%22ids%22%3A%5B%5D%7D&modules=%7B%22request%22%3A%22C%3A%5C%5CUsers%5C%5Czacan%5C%5CDesktop%5C%5CDev%5C%5Cclaimshark-da
shboard%5C%5Cnode_modules%5C%5Cnext%5C%5Cdist%5C%5Cclient%5C%5Ccomponents%5C%5Cerror-boundary.js%22%2C%22ids%22%3A%5B%5D%7D&modules=%7B%22request%22%3A%22C%3A%5C%5CUsers%
5C%5Czacan%5C%5CDesktop%5C%5CDev%5C%5Cclaimshark-dashboard%5C%5Cnode_modules%5C%5Cnext%5C%5Cdist%5C%5Cclient%5C%5Ccomponents%5C%5Clayout-router.js%22%2C%22ids%22%3A%5B%5D
%7D&modules=%7B%22request%22%3A%22C%3A%5C%5CUsers%5C%5Czacan%5C%5CDesktop%5C%5CDev%5C%5Cclaimshark-dashboard%5C%5Cnode_modules%5C%5Cnext%5C%5Cdist%5C%5Cclient%5C%5Ccompon
ents%5C%5Cnot-found-boundary.js%22%2C%22ids%22%3A%5B%5D%7D&modules=%7B%22request%22%3A%22C%3A%5C%5CUsers%5C%5Czacan%5C%5CDesktop%5C%5CDev%5C%5Cclaimshark-dashboard%5C%5Cn
ode_modules%5C%5Cnext%5C%5Cdist%5C%5Cclient%5C%5Ccomponents%5C%5Crender-from-template-context.js%22%2C%22ids%22%3A%5B%5D%7D&server=false!|app-pages-browser
* javascript/auto|C:\Users\zacan\Desktop\Dev\claimshark-dashboard\node_modules\next\dist\build\webpack\loaders\next-flight-client-module-loader.js!C:\Users\zacan\Desktop\
Dev\claimshark-dashboard\node_modules\next\dist\build\webpack\loaders\next-swc-loader.js??ruleSet[1].rules[15].oneOf[5].use[1]!C:\Users\zacan\desktop\dev\claimshark-dashb
oard\node_modules\next\dist\client\components\error-boundary.js|app-pages-browser
    Used by 2 module(s), i. e.
    javascript/auto|C:\Users\zacan\Desktop\Dev\claimshark-dashboard\node_modules\next\dist\build\webpack\loaders\next-flight-client-module-loader.js!C:\Users\zacan\Deskto
p\Dev\claimshark-dashboard\node_modules\next\dist\build\webpack\loaders\next-swc-loader.js??ruleSet[1].rules[15].oneOf[5].use[1]!C:\Users\zacan\desktop\dev\claimshark-das
hboard\node_modules\next\dist\client\components\app-router.js|app-pages-browser

Import trace for requested module:
./node_modules/next/dist/client/components/error-boundary.js

./node_modules/next/dist/client/components/is-next-router-error.js
There are multiple modules with names that only differ in casing.
This can lead to unexpected behavior when compiling on a filesystem with other case-semantic.
Use equal casing. Compare these module identifiers:
* javascript/auto|C:\Users\zacan\Desktop\Dev\claimshark-dashboard\node_modules\next\dist\build\webpack\loaders\next-flight-client-module-loader.js!C:\Users\zacan\Desktop\
Dev\claimshark-dashboard\node_modules\next\dist\build\webpack\loaders\next-swc-loader.js??ruleSet[1].rules[15].oneOf[5].use[1]!C:\Users\zacan\Desktop\Dev\claimshark-dashb
oard\node_modules\next\dist\client\components\is-next-router-error.js|app-pages-browser
    Used by 2 module(s), i. e.
    javascript/auto|C:\Users\zacan\Desktop\Dev\claimshark-dashboard\node_modules\next\dist\build\webpack\loaders\next-flight-client-module-loader.js!C:\Users\zacan\Deskto
p\Dev\claimshark-dashboard\node_modules\next\dist\build\webpack\loaders\next-swc-loader.js??ruleSet[1].rules[15].oneOf[5].use[1]!C:\Users\zacan\Desktop\Dev\claimshark-das
hboard\node_modules\next\dist\client\components\error-boundary.js|app-pages-browser
* javascript/auto|C:\Users\zacan\Desktop\Dev\claimshark-dashboard\node_modules\next\dist\build\webpack\loaders\next-flight-client-module-loader.js!C:\Users\zacan\Desktop\
Dev\claimshark-dashboard\node_modules\next\dist\build\webpack\loaders\next-swc-loader.js??ruleSet[1].rules[15].oneOf[5].use[1]!C:\Users\zacan\desktop\dev\claimshark-dashb
oard\node_modules\next\dist\client\components\is-next-router-error.js|app-pages-browser
    Used by 3 module(s), i. e.
    javascript/auto|C:\Users\zacan\Desktop\Dev\claimshark-dashboard\node_modules\next\dist\build\webpack\loaders\next-flight-client-module-loader.js!C:\Users\zacan\Deskto
p\Dev\claimshark-dashboard\node_modules\next\dist\build\webpack\loaders\next-swc-loader.js??ruleSet[1].rules[15].oneOf[5].use[1]!C:\Users\zacan\desktop\dev\claimshark-das
hboard\node_modules\next\dist\client\app-index.js|app-pages-browser

Import trace for requested module:
./node_modules/next/dist/client/components/is-next-router-error.js
./node_modules/next/dist/client/components/error-boundary.js

./node_modules/next/dist/client/components/match-segments.js
There are multiple modules with names that only differ in casing.
This can lead to unexpected behavior when compiling on a filesystem with other case-semantic.
Use equal casing. Compare these module identifiers:
* javascript/auto|C:\Users\zacan\Desktop\Dev\claimshark-dashboard\node_modules\next\dist\build\webpack\loaders\next-flight-client-module-loader.js!C:\Users\zacan\Desktop\
Dev\claimshark-dashboard\node_modules\next\dist\build\webpack\loaders\next-swc-loader.js??ruleSet[1].rules[15].oneOf[5].use[1]!C:\Users\zacan\Desktop\Dev\claimshark-dashb
oard\node_modules\next\dist\client\components\match-segments.js|app-pages-browser
    Used by 6 module(s), i. e.
    javascript/auto|C:\Users\zacan\Desktop\Dev\claimshark-dashboard\node_modules\next\dist\build\webpack\loaders\next-flight-client-module-loader.js!C:\Users\zacan\Deskto
p\Dev\claimshark-dashboard\node_modules\next\dist\build\webpack\loaders\next-swc-loader.js??ruleSet[1].rules[15].oneOf[5].use[1]!C:\Users\zacan\Desktop\Dev\claimshark-das
hboard\node_modules\next\dist\client\components\layout-router.js|app-pages-browser
* javascript/auto|C:\Users\zacan\Desktop\Dev\claimshark-dashboard\node_modules\next\dist\build\webpack\loaders\next-flight-client-module-loader.js!C:\Users\zacan\Desktop\
Dev\claimshark-dashboard\node_modules\next\dist\build\webpack\loaders\next-swc-loader.js??ruleSet[1].rules[15].oneOf[5].use[1]!C:\Users\zacan\desktop\dev\claimshark-dashb
oard\node_modules\next\dist\client\components\match-segments.js|app-pages-browser
    Used by 5 module(s), i. e.
    javascript/auto|C:\Users\zacan\Desktop\Dev\claimshark-dashboard\node_modules\next\dist\build\webpack\loaders\next-flight-client-module-loader.js!C:\Users\zacan\Deskto
p\Dev\claimshark-dashboard\node_modules\next\dist\build\webpack\loaders\next-swc-loader.js??ruleSet[1].rules[15].oneOf[5].use[1]!C:\Users\zacan\desktop\dev\claimshark-das
hboard\node_modules\next\dist\client\components\router-reducer\compute-changed-path.js|app-pages-browser

Import trace for requested module:
./node_modules/next/dist/client/components/match-segments.js
./node_modules/next/dist/client/components/layout-router.js

./node_modules/next/dist/client/components/navigation.js
There are multiple modules with names that only differ in casing.
This can lead to unexpected behavior when compiling on a filesystem with other case-semantic.
Use equal casing. Compare these module identifiers:
* javascript/auto|C:\Users\zacan\Desktop\Dev\claimshark-dashboard\node_modules\next\dist\build\webpack\loaders\next-flight-client-module-loader.js!C:\Users\zacan\Desktop\
Dev\claimshark-dashboard\node_modules\next\dist\build\webpack\loaders\next-swc-loader.js??ruleSet[1].rules[15].oneOf[5].use[1]!C:\Users\zacan\Desktop\Dev\claimshark-dashb
oard\node_modules\next\dist\client\components\navigation.js|app-pages-browser
    Used by 4 module(s), i. e.
    javascript/auto|C:\Users\zacan\Desktop\Dev\claimshark-dashboard\node_modules\next\dist\build\webpack\loaders\next-flight-client-module-loader.js!C:\Users\zacan\Deskto
p\Dev\claimshark-dashboard\node_modules\next\dist\build\webpack\loaders\next-swc-loader.js??ruleSet[1].rules[15].oneOf[5].use[1]!C:\Users\zacan\Desktop\Dev\claimshark-das
hboard\node_modules\next\dist\client\components\error-boundary.js|app-pages-browser
* javascript/auto|C:\Users\zacan\Desktop\Dev\claimshark-dashboard\node_modules\next\dist\build\webpack\loaders\next-flight-client-module-loader.js!C:\Users\zacan\Desktop\
Dev\claimshark-dashboard\node_modules\next\dist\build\webpack\loaders\next-swc-loader.js??ruleSet[1].rules[15].oneOf[5].use[1]!C:\Users\zacan\desktop\dev\claimshark-dashb
oard\node_modules\next\dist\client\components\navigation.js|app-pages-browser
    Used by 3 module(s), i. e.
    javascript/auto|C:\Users\zacan\Desktop\Dev\claimshark-dashboard\node_modules\next\dist\build\webpack\loaders\next-flight-client-module-loader.js!C:\Users\zacan\Deskto
p\Dev\claimshark-dashboard\node_modules\next\dist\build\webpack\loaders\next-swc-loader.js??ruleSet[1].rules[15].oneOf[5].use[1]!C:\Users\zacan\desktop\dev\claimshark-das
hboard\node_modules\next\dist\client\components\error-boundary.js|app-pages-browser

Import trace for requested module:
./node_modules/next/dist/client/components/navigation.js
./node_modules/next/dist/client/components/error-boundary.js

./node_modules/next/dist/client/components/navigation.react-server.js
There are multiple modules with names that only differ in casing.
This can lead to unexpected behavior when compiling on a filesystem with other case-semantic.
Use equal casing. Compare these module identifiers:
* javascript/auto|C:\Users\zacan\Desktop\Dev\claimshark-dashboard\node_modules\next\dist\build\webpack\loaders\next-flight-client-module-loader.js!C:\Users\zacan\Desktop\
Dev\claimshark-dashboard\node_modules\next\dist\build\webpack\loaders\next-swc-loader.js??ruleSet[1].rules[15].oneOf[5].use[1]!C:\Users\zacan\Desktop\Dev\claimshark-dashb
oard\node_modules\next\dist\client\components\navigation.react-server.js|app-pages-browser
    Used by 2 module(s), i. e.
    javascript/auto|C:\Users\zacan\Desktop\Dev\claimshark-dashboard\node_modules\next\dist\build\webpack\loaders\next-flight-client-module-loader.js!C:\Users\zacan\Deskto
p\Dev\claimshark-dashboard\node_modules\next\dist\build\webpack\loaders\next-swc-loader.js??ruleSet[1].rules[15].oneOf[5].use[1]!C:\Users\zacan\Desktop\Dev\claimshark-das
hboard\node_modules\next\dist\client\components\navigation.js|app-pages-browser
* javascript/auto|C:\Users\zacan\Desktop\Dev\claimshark-dashboard\node_modules\next\dist\build\webpack\loaders\next-flight-client-module-loader.js!C:\Users\zacan\Desktop\
Dev\claimshark-dashboard\node_modules\next\dist\build\webpack\loaders\next-swc-loader.js??ruleSet[1].rules[15].oneOf[5].use[1]!C:\Users\zacan\desktop\dev\claimshark-dashb
oard\node_modules\next\dist\client\components\navigation.react-server.js|app-pages-browser
    Used by 2 module(s), i. e.
    javascript/auto|C:\Users\zacan\Desktop\Dev\claimshark-dashboard\node_modules\next\dist\build\webpack\loaders\next-flight-client-module-loader.js!C:\Users\zacan\Deskto
p\Dev\claimshark-dashboard\node_modules\next\dist\build\webpack\loaders\next-swc-loader.js??ruleSet[1].rules[15].oneOf[5].use[1]!C:\Users\zacan\desktop\dev\claimshark-das
hboard\node_modules\next\dist\client\components\navigation.js|app-pages-browser

Import trace for requested module:
./node_modules/next/dist/client/components/navigation.react-server.js
./node_modules/next/dist/client/components/navigation.js
./node_modules/next/dist/client/components/error-boundary.js

./node_modules/next/dist/client/components/not-found.js
There are multiple modules with names that only differ in casing.
This can lead to unexpected behavior when compiling on a filesystem with other case-semantic.
Use equal casing. Compare these module identifiers:
* javascript/auto|C:\Users\zacan\Desktop\Dev\claimshark-dashboard\node_modules\next\dist\build\webpack\loaders\next-flight-client-module-loader.js!C:\Users\zacan\Desktop\
Dev\claimshark-dashboard\node_modules\next\dist\build\webpack\loaders\next-swc-loader.js??ruleSet[1].rules[15].oneOf[5].use[1]!C:\Users\zacan\Desktop\Dev\claimshark-dashb
oard\node_modules\next\dist\client\components\not-found.js|app-pages-browser
    Used by 4 module(s), i. e.
    javascript/auto|C:\Users\zacan\Desktop\Dev\claimshark-dashboard\node_modules\next\dist\build\webpack\loaders\next-flight-client-module-loader.js!C:\Users\zacan\Deskto
p\Dev\claimshark-dashboard\node_modules\next\dist\build\webpack\loaders\next-swc-loader.js??ruleSet[1].rules[15].oneOf[5].use[1]!C:\Users\zacan\Desktop\Dev\claimshark-das
hboard\node_modules\next\dist\client\components\not-found-boundary.js|app-pages-browser
* javascript/auto|C:\Users\zacan\Desktop\Dev\claimshark-dashboard\node_modules\next\dist\build\webpack\loaders\next-flight-client-module-loader.js!C:\Users\zacan\Desktop\
Dev\claimshark-dashboard\node_modules\next\dist\build\webpack\loaders\next-swc-loader.js??ruleSet[1].rules[15].oneOf[5].use[1]!C:\Users\zacan\desktop\dev\claimshark-dashb
oard\node_modules\next\dist\client\components\not-found.js|app-pages-browser
    Used by 3 module(s), i. e.
    javascript/auto|C:\Users\zacan\Desktop\Dev\claimshark-dashboard\node_modules\next\dist\build\webpack\loaders\next-flight-client-module-loader.js!C:\Users\zacan\Deskto
p\Dev\claimshark-dashboard\node_modules\next\dist\build\webpack\loaders\next-swc-loader.js??ruleSet[1].rules[15].oneOf[5].use[1]!C:\Users\zacan\desktop\dev\claimshark-das
hboard\node_modules\next\dist\client\components\is-next-router-error.js|app-pages-browser

Import trace for requested module:
./node_modules/next/dist/client/components/not-found.js
./node_modules/next/dist/client/components/not-found-boundary.js

./node_modules/next/dist/client/components/promise-queue.js
There are multiple modules with names that only differ in casing.
This can lead to unexpected behavior when compiling on a filesystem with other case-semantic.
Use equal casing. Compare these module identifiers:
* javascript/auto|C:\Users\zacan\Desktop\Dev\claimshark-dashboard\node_modules\next\dist\build\webpack\loaders\next-flight-client-module-loader.js!C:\Users\zacan\Desktop\
Dev\claimshark-dashboard\node_modules\next\dist\build\webpack\loaders\next-swc-loader.js??ruleSet[1].rules[15].oneOf[5].use[1]!C:\Users\zacan\Desktop\Dev\claimshark-dashb
oard\node_modules\next\dist\client\components\promise-queue.js|app-pages-browser
    Used by 2 module(s), i. e.
    javascript/auto|C:\Users\zacan\Desktop\Dev\claimshark-dashboard\node_modules\next\dist\build\webpack\loaders\next-flight-client-module-loader.js!C:\Users\zacan\Deskto
p\Dev\claimshark-dashboard\node_modules\next\dist\build\webpack\loaders\next-swc-loader.js??ruleSet[1].rules[15].oneOf[5].use[1]!C:\Users\zacan\Desktop\Dev\claimshark-das
hboard\node_modules\next\dist\client\components\router-reducer\reducers\prefetch-reducer.js|app-pages-browser
* javascript/auto|C:\Users\zacan\Desktop\Dev\claimshark-dashboard\node_modules\next\dist\build\webpack\loaders\next-flight-client-module-loader.js!C:\Users\zacan\Desktop\
Dev\claimshark-dashboard\node_modules\next\dist\build\webpack\loaders\next-swc-loader.js??ruleSet[1].rules[15].oneOf[5].use[1]!C:\Users\zacan\desktop\dev\claimshark-dashb
oard\node_modules\next\dist\client\components\promise-queue.js|app-pages-browser
    Used by 2 module(s), i. e.
    javascript/auto|C:\Users\zacan\Desktop\Dev\claimshark-dashboard\node_modules\next\dist\build\webpack\loaders\next-flight-client-module-loader.js!C:\Users\zacan\Deskto
p\Dev\claimshark-dashboard\node_modules\next\dist\build\webpack\loaders\next-swc-loader.js??ruleSet[1].rules[15].oneOf[5].use[1]!C:\Users\zacan\desktop\dev\claimshark-das
hboard\node_modules\next\dist\client\components\router-reducer\reducers\prefetch-reducer.js|app-pages-browser

Import trace for requested module:
./node_modules/next/dist/client/components/promise-queue.js
./node_modules/next/dist/client/components/router-reducer/reducers/prefetch-reducer.js
./node_modules/next/dist/client/components/router-reducer/prefetch-cache-utils.js
./node_modules/next/dist/client/components/router-reducer/create-initial-router-state.js
./node_modules/next/dist/client/components/app-router.js

./node_modules/next/dist/client/components/redirect-boundary.js
There are multiple modules with names that only differ in casing.
This can lead to unexpected behavior when compiling on a filesystem with other case-semantic.
Use equal casing. Compare these module identifiers:
* javascript/auto|C:\Users\zacan\Desktop\Dev\claimshark-dashboard\node_modules\next\dist\build\webpack\loaders\next-flight-client-module-loader.js!C:\Users\zacan\Desktop\
Dev\claimshark-dashboard\node_modules\next\dist\build\webpack\loaders\next-swc-loader.js??ruleSet[1].rules[15].oneOf[5].use[1]!C:\Users\zacan\Desktop\Dev\claimshark-dashb
oard\node_modules\next\dist\client\components\redirect-boundary.js|app-pages-browser
    Used by 3 module(s), i. e.
    javascript/auto|C:\Users\zacan\Desktop\Dev\claimshark-dashboard\node_modules\next\dist\build\webpack\loaders\next-flight-client-module-loader.js!C:\Users\zacan\Deskto
p\Dev\claimshark-dashboard\node_modules\next\dist\build\webpack\loaders\next-swc-loader.js??ruleSet[1].rules[15].oneOf[5].use[1]!C:\Users\zacan\Desktop\Dev\claimshark-das
hboard\node_modules\next\dist\client\components\app-router.js|app-pages-browser
* javascript/auto|C:\Users\zacan\Desktop\Dev\claimshark-dashboard\node_modules\next\dist\build\webpack\loaders\next-flight-client-module-loader.js!C:\Users\zacan\Desktop\
Dev\claimshark-dashboard\node_modules\next\dist\build\webpack\loaders\next-swc-loader.js??ruleSet[1].rules[15].oneOf[5].use[1]!C:\Users\zacan\desktop\dev\claimshark-dashb
oard\node_modules\next\dist\client\components\redirect-boundary.js|app-pages-browser
    Used by 2 module(s), i. e.
    javascript/auto|C:\Users\zacan\Desktop\Dev\claimshark-dashboard\node_modules\next\dist\build\webpack\loaders\next-flight-client-module-loader.js!C:\Users\zacan\Deskto
p\Dev\claimshark-dashboard\node_modules\next\dist\build\webpack\loaders\next-swc-loader.js??ruleSet[1].rules[15].oneOf[5].use[1]!C:\Users\zacan\desktop\dev\claimshark-das
hboard\node_modules\next\dist\client\components\app-router.js|app-pages-browser

Import trace for requested module:
./node_modules/next/dist/client/components/redirect-boundary.js
./node_modules/next/dist/client/components/app-router.js

./node_modules/next/dist/client/components/redirect-status-code.js
There are multiple modules with names that only differ in casing.
This can lead to unexpected behavior when compiling on a filesystem with other case-semantic.
Use equal casing. Compare these module identifiers:
* javascript/auto|C:\Users\zacan\Desktop\Dev\claimshark-dashboard\node_modules\next\dist\build\webpack\loaders\next-flight-client-module-loader.js!C:\Users\zacan\Desktop\
Dev\claimshark-dashboard\node_modules\next\dist\build\webpack\loaders\next-swc-loader.js??ruleSet[1].rules[15].oneOf[5].use[1]!C:\Users\zacan\Desktop\Dev\claimshark-dashb
oard\node_modules\next\dist\client\components\redirect-status-code.js|app-pages-browser
    Used by 2 module(s), i. e.
    javascript/auto|C:\Users\zacan\Desktop\Dev\claimshark-dashboard\node_modules\next\dist\build\webpack\loaders\next-flight-client-module-loader.js!C:\Users\zacan\Deskto
p\Dev\claimshark-dashboard\node_modules\next\dist\build\webpack\loaders\next-swc-loader.js??ruleSet[1].rules[15].oneOf[5].use[1]!C:\Users\zacan\Desktop\Dev\claimshark-das
hboard\node_modules\next\dist\client\components\redirect.js|app-pages-browser
* javascript/auto|C:\Users\zacan\Desktop\Dev\claimshark-dashboard\node_modules\next\dist\build\webpack\loaders\next-flight-client-module-loader.js!C:\Users\zacan\Desktop\
Dev\claimshark-dashboard\node_modules\next\dist\build\webpack\loaders\next-swc-loader.js??ruleSet[1].rules[15].oneOf[5].use[1]!C:\Users\zacan\desktop\dev\claimshark-dashb
oard\node_modules\next\dist\client\components\redirect-status-code.js|app-pages-browser
    Used by 2 module(s), i. e.
    javascript/auto|C:\Users\zacan\Desktop\Dev\claimshark-dashboard\node_modules\next\dist\build\webpack\loaders\next-flight-client-module-loader.js!C:\Users\zacan\Deskto
p\Dev\claimshark-dashboard\node_modules\next\dist\build\webpack\loaders\next-swc-loader.js??ruleSet[1].rules[15].oneOf[5].use[1]!C:\Users\zacan\desktop\dev\claimshark-das
hboard\node_modules\next\dist\client\components\redirect.js|app-pages-browser

Import trace for requested module:
./node_modules/next/dist/client/components/redirect-status-code.js
./node_modules/next/dist/client/components/redirect.js
./node_modules/next/dist/client/components/redirect-boundary.js
./node_modules/next/dist/client/components/app-router.js

./node_modules/next/dist/client/components/redirect.js
There are multiple modules with names that only differ in casing.
This can lead to unexpected behavior when compiling on a filesystem with other case-semantic.
Use equal casing. Compare these module identifiers:
* javascript/auto|C:\Users\zacan\Desktop\Dev\claimshark-dashboard\node_modules\next\dist\build\webpack\loaders\next-flight-client-module-loader.js!C:\Users\zacan\Desktop\
Dev\claimshark-dashboard\node_modules\next\dist\build\webpack\loaders\next-swc-loader.js??ruleSet[1].rules[15].oneOf[5].use[1]!C:\Users\zacan\Desktop\Dev\claimshark-dashb
oard\node_modules\next\dist\client\components\redirect.js|app-pages-browser
    Used by 4 module(s), i. e.
    javascript/auto|C:\Users\zacan\Desktop\Dev\claimshark-dashboard\node_modules\next\dist\build\webpack\loaders\next-flight-client-module-loader.js!C:\Users\zacan\Deskto
p\Dev\claimshark-dashboard\node_modules\next\dist\build\webpack\loaders\next-swc-loader.js??ruleSet[1].rules[15].oneOf[5].use[1]!C:\Users\zacan\Desktop\Dev\claimshark-das
hboard\node_modules\next\dist\client\components\redirect-boundary.js|app-pages-browser
* javascript/auto|C:\Users\zacan\Desktop\Dev\claimshark-dashboard\node_modules\next\dist\build\webpack\loaders\next-flight-client-module-loader.js!C:\Users\zacan\Desktop\
Dev\claimshark-dashboard\node_modules\next\dist\build\webpack\loaders\next-swc-loader.js??ruleSet[1].rules[15].oneOf[5].use[1]!C:\Users\zacan\desktop\dev\claimshark-dashb
oard\node_modules\next\dist\client\components\redirect.js|app-pages-browser
    Used by 4 module(s), i. e.
    javascript/auto|C:\Users\zacan\Desktop\Dev\claimshark-dashboard\node_modules\next\dist\build\webpack\loaders\next-flight-client-module-loader.js!C:\Users\zacan\Deskto
p\Dev\claimshark-dashboard\node_modules\next\dist\build\webpack\loaders\next-swc-loader.js??ruleSet[1].rules[15].oneOf[5].use[1]!C:\Users\zacan\desktop\dev\claimshark-das
hboard\node_modules\next\dist\client\components\is-next-router-error.js|app-pages-browser

Import trace for requested module:
./node_modules/next/dist/client/components/redirect.js
./node_modules/next/dist/client/components/redirect-boundary.js
./node_modules/next/dist/client/components/app-router.js

./node_modules/next/dist/client/components/request-async-storage.external.js
There are multiple modules with names that only differ in casing.
This can lead to unexpected behavior when compiling on a filesystem with other case-semantic.
Use equal casing. Compare these module identifiers:
* javascript/auto|C:\Users\zacan\Desktop\Dev\claimshark-dashboard\node_modules\next\dist\build\webpack\loaders\next-flight-client-module-loader.js!C:\Users\zacan\Desktop\
Dev\claimshark-dashboard\node_modules\next\dist\build\webpack\loaders\next-swc-loader.js??ruleSet[1].rules[15].oneOf[5].use[1]!C:\Users\zacan\Desktop\Dev\claimshark-dashb
oard\node_modules\next\dist\client\components\request-async-storage.external.js|shared
    Used by 2 module(s), i. e.
    javascript/auto|C:\Users\zacan\Desktop\Dev\claimshark-dashboard\node_modules\next\dist\build\webpack\loaders\next-flight-client-module-loader.js!C:\Users\zacan\Deskto
p\Dev\claimshark-dashboard\node_modules\next\dist\build\webpack\loaders\next-swc-loader.js??ruleSet[1].rules[15].oneOf[5].use[1]!C:\Users\zacan\Desktop\Dev\claimshark-das
hboard\node_modules\next\dist\client\components\redirect.js|app-pages-browser
* javascript/auto|C:\Users\zacan\Desktop\Dev\claimshark-dashboard\node_modules\next\dist\build\webpack\loaders\next-flight-client-module-loader.js!C:\Users\zacan\Desktop\
Dev\claimshark-dashboard\node_modules\next\dist\build\webpack\loaders\next-swc-loader.js??ruleSet[1].rules[15].oneOf[5].use[1]!C:\Users\zacan\desktop\dev\claimshark-dashb
oard\node_modules\next\dist\client\components\request-async-storage.external.js|shared
    Used by 2 module(s), i. e.
    javascript/auto|C:\Users\zacan\Desktop\Dev\claimshark-dashboard\node_modules\next\dist\build\webpack\loaders\next-flight-client-module-loader.js!C:\Users\zacan\Deskto
p\Dev\claimshark-dashboard\node_modules\next\dist\build\webpack\loaders\next-swc-loader.js??ruleSet[1].rules[15].oneOf[5].use[1]!C:\Users\zacan\desktop\dev\claimshark-das
hboard\node_modules\next\dist\client\components\redirect.js|app-pages-browser

Import trace for requested module:
./node_modules/next/dist/client/components/request-async-storage.external.js
./node_modules/next/dist/client/components/redirect.js
./node_modules/next/dist/client/components/redirect-boundary.js
./node_modules/next/dist/client/components/app-router.js

./node_modules/next/dist/client/components/router-reducer/apply-flight-data.js
There are multiple modules with names that only differ in casing.
This can lead to unexpected behavior when compiling on a filesystem with other case-semantic.
Use equal casing. Compare these module identifiers:
* javascript/auto|C:\Users\zacan\Desktop\Dev\claimshark-dashboard\node_modules\next\dist\build\webpack\loaders\next-flight-client-module-loader.js!C:\Users\zacan\Desktop\
Dev\claimshark-dashboard\node_modules\next\dist\build\webpack\loaders\next-swc-loader.js??ruleSet[1].rules[15].oneOf[5].use[1]!C:\Users\zacan\Desktop\Dev\claimshark-dashb
oard\node_modules\next\dist\client\components\router-reducer\apply-flight-data.js|app-pages-browser
    Used by 5 module(s), i. e.
    javascript/auto|C:\Users\zacan\Desktop\Dev\claimshark-dashboard\node_modules\next\dist\build\webpack\loaders\next-flight-client-module-loader.js!C:\Users\zacan\Deskto
p\Dev\claimshark-dashboard\node_modules\next\dist\build\webpack\loaders\next-swc-loader.js??ruleSet[1].rules[15].oneOf[5].use[1]!C:\Users\zacan\Desktop\Dev\claimshark-das
hboard\node_modules\next\dist\client\components\router-reducer\refetch-inactive-parallel-segments.js|app-pages-browser
* javascript/auto|C:\Users\zacan\Desktop\Dev\claimshark-dashboard\node_modules\next\dist\build\webpack\loaders\next-flight-client-module-loader.js!C:\Users\zacan\Desktop\
Dev\claimshark-dashboard\node_modules\next\dist\build\webpack\loaders\next-swc-loader.js??ruleSet[1].rules[15].oneOf[5].use[1]!C:\Users\zacan\desktop\dev\claimshark-dashb
oard\node_modules\next\dist\client\components\router-reducer\apply-flight-data.js|app-pages-browser
    Used by 5 module(s), i. e.
    javascript/auto|C:\Users\zacan\Desktop\Dev\claimshark-dashboard\node_modules\next\dist\build\webpack\loaders\next-flight-client-module-loader.js!C:\Users\zacan\Deskto
p\Dev\claimshark-dashboard\node_modules\next\dist\build\webpack\loaders\next-swc-loader.js??ruleSet[1].rules[15].oneOf[5].use[1]!C:\Users\zacan\desktop\dev\claimshark-das
hboard\node_modules\next\dist\client\components\router-reducer\reducers\navigate-reducer.js|app-pages-browser

Import trace for requested module:
./node_modules/next/dist/client/components/router-reducer/apply-flight-data.js
./node_modules/next/dist/client/components/router-reducer/refetch-inactive-parallel-segments.js
./node_modules/next/dist/client/components/router-reducer/create-initial-router-state.js
./node_modules/next/dist/client/components/app-router.js

./node_modules/next/dist/client/components/router-reducer/apply-router-state-patch-to-tree.js
There are multiple modules with names that only differ in casing.
This can lead to unexpected behavior when compiling on a filesystem with other case-semantic.
Use equal casing. Compare these module identifiers:
* javascript/auto|C:\Users\zacan\Desktop\Dev\claimshark-dashboard\node_modules\next\dist\build\webpack\loaders\next-flight-client-module-loader.js!C:\Users\zacan\Desktop\
Dev\claimshark-dashboard\node_modules\next\dist\build\webpack\loaders\next-swc-loader.js??ruleSet[1].rules[15].oneOf[5].use[1]!C:\Users\zacan\Desktop\Dev\claimshark-dashb
oard\node_modules\next\dist\client\components\router-reducer\apply-router-state-patch-to-tree.js|app-pages-browser
    Used by 6 module(s), i. e.
    javascript/auto|C:\Users\zacan\Desktop\Dev\claimshark-dashboard\node_modules\next\dist\build\webpack\loaders\next-flight-client-module-loader.js!C:\Users\zacan\Deskto
p\Dev\claimshark-dashboard\node_modules\next\dist\build\webpack\loaders\next-swc-loader.js??ruleSet[1].rules[15].oneOf[5].use[1]!C:\Users\zacan\Desktop\Dev\claimshark-das
hboard\node_modules\next\dist\client\components\router-reducer\reducers\navigate-reducer.js|app-pages-browser
* javascript/auto|C:\Users\zacan\Desktop\Dev\claimshark-dashboard\node_modules\next\dist\build\webpack\loaders\next-flight-client-module-loader.js!C:\Users\zacan\Desktop\
Dev\claimshark-dashboard\node_modules\next\dist\build\webpack\loaders\next-swc-loader.js??ruleSet[1].rules[15].oneOf[5].use[1]!C:\Users\zacan\desktop\dev\claimshark-dashb
oard\node_modules\next\dist\client\components\router-reducer\apply-router-state-patch-to-tree.js|app-pages-browser
    Used by 6 module(s), i. e.
    javascript/auto|C:\Users\zacan\Desktop\Dev\claimshark-dashboard\node_modules\next\dist\build\webpack\loaders\next-flight-client-module-loader.js!C:\Users\zacan\Deskto
p\Dev\claimshark-dashboard\node_modules\next\dist\build\webpack\loaders\next-swc-loader.js??ruleSet[1].rules[15].oneOf[5].use[1]!C:\Users\zacan\desktop\dev\claimshark-das
hboard\node_modules\next\dist\client\components\router-reducer\reducers\navigate-reducer.js|app-pages-browser

Import trace for requested module:
./node_modules/next/dist/client/components/router-reducer/apply-router-state-patch-to-tree.js
./node_modules/next/dist/client/components/router-reducer/reducers/navigate-reducer.js
./node_modules/next/dist/client/components/router-reducer/router-reducer.js
./node_modules/next/dist/shared/lib/router/action-queue.js
./node_modules/next/dist/client/components/use-reducer-with-devtools.js
./node_modules/next/dist/client/components/app-router.js

./node_modules/next/dist/client/components/router-reducer/clear-cache-node-data-for-segment-path.js
There are multiple modules with names that only differ in casing.
This can lead to unexpected behavior when compiling on a filesystem with other case-semantic.
Use equal casing. Compare these module identifiers:
* javascript/auto|C:\Users\zacan\Desktop\Dev\claimshark-dashboard\node_modules\next\dist\build\webpack\loaders\next-flight-client-module-loader.js!C:\Users\zacan\Desktop\
Dev\claimshark-dashboard\node_modules\next\dist\build\webpack\loaders\next-swc-loader.js??ruleSet[1].rules[15].oneOf[5].use[1]!C:\Users\zacan\Desktop\Dev\claimshark-dashb
oard\node_modules\next\dist\client\components\router-reducer\clear-cache-node-data-for-segment-path.js|app-pages-browser
    Used by 2 module(s), i. e.
    javascript/auto|C:\Users\zacan\Desktop\Dev\claimshark-dashboard\node_modules\next\dist\build\webpack\loaders\next-flight-client-module-loader.js!C:\Users\zacan\Deskto
p\Dev\claimshark-dashboard\node_modules\next\dist\build\webpack\loaders\next-swc-loader.js??ruleSet[1].rules[15].oneOf[5].use[1]!C:\Users\zacan\Desktop\Dev\claimshark-das
hboard\node_modules\next\dist\client\components\router-reducer\reducers\navigate-reducer.js|app-pages-browser
* javascript/auto|C:\Users\zacan\Desktop\Dev\claimshark-dashboard\node_modules\next\dist\build\webpack\loaders\next-flight-client-module-loader.js!C:\Users\zacan\Desktop\
Dev\claimshark-dashboard\node_modules\next\dist\build\webpack\loaders\next-swc-loader.js??ruleSet[1].rules[15].oneOf[5].use[1]!C:\Users\zacan\desktop\dev\claimshark-dashb
oard\node_modules\next\dist\client\components\router-reducer\clear-cache-node-data-for-segment-path.js|app-pages-browser
    Used by 2 module(s), i. e.
    javascript/auto|C:\Users\zacan\Desktop\Dev\claimshark-dashboard\node_modules\next\dist\build\webpack\loaders\next-flight-client-module-loader.js!C:\Users\zacan\Deskto
p\Dev\claimshark-dashboard\node_modules\next\dist\build\webpack\loaders\next-swc-loader.js??ruleSet[1].rules[15].oneOf[5].use[1]!C:\Users\zacan\desktop\dev\claimshark-das
hboard\node_modules\next\dist\client\components\router-reducer\reducers\navigate-reducer.js|app-pages-browser

Import trace for requested module:
./node_modules/next/dist/client/components/router-reducer/clear-cache-node-data-for-segment-path.js
./node_modules/next/dist/client/components/router-reducer/reducers/navigate-reducer.js
./node_modules/next/dist/client/components/router-reducer/router-reducer.js
./node_modules/next/dist/shared/lib/router/action-queue.js
./node_modules/next/dist/client/components/use-reducer-with-devtools.js
./node_modules/next/dist/client/components/app-router.js

./node_modules/next/dist/client/components/router-reducer/compute-changed-path.js
There are multiple modules with names that only differ in casing.
This can lead to unexpected behavior when compiling on a filesystem with other case-semantic.
Use equal casing. Compare these module identifiers:
* javascript/auto|C:\Users\zacan\Desktop\Dev\claimshark-dashboard\node_modules\next\dist\build\webpack\loaders\next-flight-client-module-loader.js!C:\Users\zacan\Desktop\
Dev\claimshark-dashboard\node_modules\next\dist\build\webpack\loaders\next-swc-loader.js??ruleSet[1].rules[15].oneOf[5].use[1]!C:\Users\zacan\Desktop\Dev\claimshark-dashb
oard\node_modules\next\dist\client\components\router-reducer\compute-changed-path.js|app-pages-browser
    Used by 4 module(s), i. e.
    javascript/auto|C:\Users\zacan\Desktop\Dev\claimshark-dashboard\node_modules\next\dist\build\webpack\loaders\next-flight-client-module-loader.js!C:\Users\zacan\Deskto
p\Dev\claimshark-dashboard\node_modules\next\dist\build\webpack\loaders\next-swc-loader.js??ruleSet[1].rules[15].oneOf[5].use[1]!C:\Users\zacan\Desktop\Dev\claimshark-das
hboard\node_modules\next\dist\client\components\router-reducer\create-initial-router-state.js|app-pages-browser
* javascript/auto|C:\Users\zacan\Desktop\Dev\claimshark-dashboard\node_modules\next\dist\build\webpack\loaders\next-flight-client-module-loader.js!C:\Users\zacan\Desktop\
Dev\claimshark-dashboard\node_modules\next\dist\build\webpack\loaders\next-swc-loader.js??ruleSet[1].rules[15].oneOf[5].use[1]!C:\Users\zacan\desktop\dev\claimshark-dashb
oard\node_modules\next\dist\client\components\router-reducer\compute-changed-path.js|app-pages-browser
    Used by 4 module(s), i. e.
    javascript/auto|C:\Users\zacan\Desktop\Dev\claimshark-dashboard\node_modules\next\dist\build\webpack\loaders\next-flight-client-module-loader.js!C:\Users\zacan\Deskto
p\Dev\claimshark-dashboard\node_modules\next\dist\build\webpack\loaders\next-swc-loader.js??ruleSet[1].rules[15].oneOf[5].use[1]!C:\Users\zacan\desktop\dev\claimshark-das
hboard\node_modules\next\dist\client\components\router-reducer\create-initial-router-state.js|app-pages-browser

Import trace for requested module:
./node_modules/next/dist/client/components/router-reducer/compute-changed-path.js
./node_modules/next/dist/client/components/router-reducer/create-initial-router-state.js
./node_modules/next/dist/client/components/app-router.js

./node_modules/next/dist/client/components/router-reducer/create-href-from-url.js
There are multiple modules with names that only differ in casing.
This can lead to unexpected behavior when compiling on a filesystem with other case-semantic.
Use equal casing. Compare these module identifiers:
* javascript/auto|C:\Users\zacan\Desktop\Dev\claimshark-dashboard\node_modules\next\dist\build\webpack\loaders\next-flight-client-module-loader.js!C:\Users\zacan\Desktop\
Dev\claimshark-dashboard\node_modules\next\dist\build\webpack\loaders\next-swc-loader.js??ruleSet[1].rules[15].oneOf[5].use[1]!C:\Users\zacan\Desktop\Dev\claimshark-dashb
oard\node_modules\next\dist\client\components\router-reducer\create-href-from-url.js|app-pages-browser
    Used by 10 module(s), i. e.
    javascript/auto|C:\Users\zacan\Desktop\Dev\claimshark-dashboard\node_modules\next\dist\build\webpack\loaders\next-flight-client-module-loader.js!C:\Users\zacan\Deskto
p\Dev\claimshark-dashboard\node_modules\next\dist\build\webpack\loaders\next-swc-loader.js??ruleSet[1].rules[15].oneOf[5].use[1]!C:\Users\zacan\Desktop\Dev\claimshark-das
hboard\node_modules\next\dist\client\components\app-router.js|app-pages-browser
* javascript/auto|C:\Users\zacan\Desktop\Dev\claimshark-dashboard\node_modules\next\dist\build\webpack\loaders\next-flight-client-module-loader.js!C:\Users\zacan\Desktop\
Dev\claimshark-dashboard\node_modules\next\dist\build\webpack\loaders\next-swc-loader.js??ruleSet[1].rules[15].oneOf[5].use[1]!C:\Users\zacan\desktop\dev\claimshark-dashb
oard\node_modules\next\dist\client\components\router-reducer\create-href-from-url.js|app-pages-browser
    Used by 10 module(s), i. e.
    javascript/auto|C:\Users\zacan\Desktop\Dev\claimshark-dashboard\node_modules\next\dist\build\webpack\loaders\next-flight-client-module-loader.js!C:\Users\zacan\Deskto
p\Dev\claimshark-dashboard\node_modules\next\dist\build\webpack\loaders\next-swc-loader.js??ruleSet[1].rules[15].oneOf[5].use[1]!C:\Users\zacan\desktop\dev\claimshark-das
hboard\node_modules\next\dist\client\components\app-router.js|app-pages-browser

Import trace for requested module:
./node_modules/next/dist/client/components/router-reducer/create-href-from-url.js
./node_modules/next/dist/client/components/app-router.js

./node_modules/next/dist/client/components/router-reducer/create-initial-router-state.js
There are multiple modules with names that only differ in casing.
This can lead to unexpected behavior when compiling on a filesystem with other case-semantic.
Use equal casing. Compare these module identifiers:
* javascript/auto|C:\Users\zacan\Desktop\Dev\claimshark-dashboard\node_modules\next\dist\build\webpack\loaders\next-flight-client-module-loader.js!C:\Users\zacan\Desktop\
Dev\claimshark-dashboard\node_modules\next\dist\build\webpack\loaders\next-swc-loader.js??ruleSet[1].rules[15].oneOf[5].use[1]!C:\Users\zacan\Desktop\Dev\claimshark-dashb
oard\node_modules\next\dist\client\components\router-reducer\create-initial-router-state.js|app-pages-browser
    Used by 2 module(s), i. e.
    javascript/auto|C:\Users\zacan\Desktop\Dev\claimshark-dashboard\node_modules\next\dist\build\webpack\loaders\next-flight-client-module-loader.js!C:\Users\zacan\Deskto
p\Dev\claimshark-dashboard\node_modules\next\dist\build\webpack\loaders\next-swc-loader.js??ruleSet[1].rules[15].oneOf[5].use[1]!C:\Users\zacan\Desktop\Dev\claimshark-das
hboard\node_modules\next\dist\client\components\app-router.js|app-pages-browser
* javascript/auto|C:\Users\zacan\Desktop\Dev\claimshark-dashboard\node_modules\next\dist\build\webpack\loaders\next-flight-client-module-loader.js!C:\Users\zacan\Desktop\
Dev\claimshark-dashboard\node_modules\next\dist\build\webpack\loaders\next-swc-loader.js??ruleSet[1].rules[15].oneOf[5].use[1]!C:\Users\zacan\desktop\dev\claimshark-dashb
oard\node_modules\next\dist\client\components\router-reducer\create-initial-router-state.js|app-pages-browser
    Used by 2 module(s), i. e.
    javascript/auto|C:\Users\zacan\Desktop\Dev\claimshark-dashboard\node_modules\next\dist\build\webpack\loaders\next-flight-client-module-loader.js!C:\Users\zacan\Deskto
p\Dev\claimshark-dashboard\node_modules\next\dist\build\webpack\loaders\next-swc-loader.js??ruleSet[1].rules[15].oneOf[5].use[1]!C:\Users\zacan\desktop\dev\claimshark-das
hboard\node_modules\next\dist\client\components\app-router.js|app-pages-browser

Import trace for requested module:
./node_modules/next/dist/client/components/router-reducer/create-initial-router-state.js
./node_modules/next/dist/client/components/app-router.js

./node_modules/next/dist/client/components/router-reducer/create-router-cache-key.js
There are multiple modules with names that only differ in casing.
This can lead to unexpected behavior when compiling on a filesystem with other case-semantic.
Use equal casing. Compare these module identifiers:
* javascript/auto|C:\Users\zacan\Desktop\Dev\claimshark-dashboard\node_modules\next\dist\build\webpack\loaders\next-flight-client-module-loader.js!C:\Users\zacan\Desktop\
Dev\claimshark-dashboard\node_modules\next\dist\build\webpack\loaders\next-swc-loader.js??ruleSet[1].rules[15].oneOf[5].use[1]!C:\Users\zacan\Desktop\Dev\claimshark-dashb
oard\node_modules\next\dist\client\components\router-reducer\create-router-cache-key.js|app-pages-browser
    Used by 9 module(s), i. e.
    javascript/auto|C:\Users\zacan\Desktop\Dev\claimshark-dashboard\node_modules\next\dist\build\webpack\loaders\next-flight-client-module-loader.js!C:\Users\zacan\Deskto
p\Dev\claimshark-dashboard\node_modules\next\dist\build\webpack\loaders\next-swc-loader.js??ruleSet[1].rules[15].oneOf[5].use[1]!C:\Users\zacan\Desktop\Dev\claimshark-das
hboard\node_modules\next\dist\client\components\layout-router.js|app-pages-browser
* javascript/auto|C:\Users\zacan\Desktop\Dev\claimshark-dashboard\node_modules\next\dist\build\webpack\loaders\next-flight-client-module-loader.js!C:\Users\zacan\Desktop\
Dev\claimshark-dashboard\node_modules\next\dist\build\webpack\loaders\next-swc-loader.js??ruleSet[1].rules[15].oneOf[5].use[1]!C:\Users\zacan\desktop\dev\claimshark-dashb
oard\node_modules\next\dist\client\components\router-reducer\create-router-cache-key.js|app-pages-browser
    Used by 8 module(s), i. e.
    javascript/auto|C:\Users\zacan\Desktop\Dev\claimshark-dashboard\node_modules\next\dist\build\webpack\loaders\next-flight-client-module-loader.js!C:\Users\zacan\Deskto
p\Dev\claimshark-dashboard\node_modules\next\dist\build\webpack\loaders\next-swc-loader.js??ruleSet[1].rules[15].oneOf[5].use[1]!C:\Users\zacan\desktop\dev\claimshark-das
hboard\node_modules\next\dist\client\components\router-reducer\reducers\find-head-in-cache.js|app-pages-browser

Import trace for requested module:
./node_modules/next/dist/client/components/router-reducer/create-router-cache-key.js
./node_modules/next/dist/client/components/layout-router.js

./node_modules/next/dist/client/components/router-reducer/fetch-server-response.js
There are multiple modules with names that only differ in casing.
This can lead to unexpected behavior when compiling on a filesystem with other case-semantic.
Use equal casing. Compare these module identifiers:
* javascript/auto|C:\Users\zacan\Desktop\Dev\claimshark-dashboard\node_modules\next\dist\build\webpack\loaders\next-flight-client-module-loader.js!C:\Users\zacan\Desktop\
Dev\claimshark-dashboard\node_modules\next\dist\build\webpack\loaders\next-swc-loader.js??ruleSet[1].rules[15].oneOf[5].use[1]!C:\Users\zacan\Desktop\Dev\claimshark-dashb
oard\node_modules\next\dist\client\components\router-reducer\fetch-server-response.js|app-pages-browser
    Used by 7 module(s), i. e.
    javascript/auto|C:\Users\zacan\Desktop\Dev\claimshark-dashboard\node_modules\next\dist\build\webpack\loaders\next-flight-client-module-loader.js!C:\Users\zacan\Deskto
p\Dev\claimshark-dashboard\node_modules\next\dist\build\webpack\loaders\next-swc-loader.js??ruleSet[1].rules[15].oneOf[5].use[1]!C:\Users\zacan\Desktop\Dev\claimshark-das
hboard\node_modules\next\dist\client\components\layout-router.js|app-pages-browser
* javascript/auto|C:\Users\zacan\Desktop\Dev\claimshark-dashboard\node_modules\next\dist\build\webpack\loaders\next-flight-client-module-loader.js!C:\Users\zacan\Desktop\
Dev\claimshark-dashboard\node_modules\next\dist\build\webpack\loaders\next-swc-loader.js??ruleSet[1].rules[15].oneOf[5].use[1]!C:\Users\zacan\desktop\dev\claimshark-dashb
oard\node_modules\next\dist\client\components\router-reducer\fetch-server-response.js|app-pages-browser
    Used by 6 module(s), i. e.
    javascript/auto|C:\Users\zacan\Desktop\Dev\claimshark-dashboard\node_modules\next\dist\build\webpack\loaders\next-flight-client-module-loader.js!C:\Users\zacan\Deskto
p\Dev\claimshark-dashboard\node_modules\next\dist\build\webpack\loaders\next-swc-loader.js??ruleSet[1].rules[15].oneOf[5].use[1]!C:\Users\zacan\desktop\dev\claimshark-das
hboard\node_modules\next\dist\client\components\router-reducer\reducers\navigate-reducer.js|app-pages-browser

Import trace for requested module:
./node_modules/next/dist/client/components/router-reducer/fetch-server-response.js
./node_modules/next/dist/client/components/layout-router.js

./node_modules/next/dist/client/components/router-reducer/fill-cache-with-new-subtree-data.js
There are multiple modules with names that only differ in casing.
This can lead to unexpected behavior when compiling on a filesystem with other case-semantic.
Use equal casing. Compare these module identifiers:
* javascript/auto|C:\Users\zacan\Desktop\Dev\claimshark-dashboard\node_modules\next\dist\build\webpack\loaders\next-flight-client-module-loader.js!C:\Users\zacan\Desktop\
Dev\claimshark-dashboard\node_modules\next\dist\build\webpack\loaders\next-swc-loader.js??ruleSet[1].rules[15].oneOf[5].use[1]!C:\Users\zacan\Desktop\Dev\claimshark-dashb
oard\node_modules\next\dist\client\components\router-reducer\fill-cache-with-new-subtree-data.js|app-pages-browser
    Used by 2 module(s), i. e.
    javascript/auto|C:\Users\zacan\Desktop\Dev\claimshark-dashboard\node_modules\next\dist\build\webpack\loaders\next-flight-client-module-loader.js!C:\Users\zacan\Deskto
p\Dev\claimshark-dashboard\node_modules\next\dist\build\webpack\loaders\next-swc-loader.js??ruleSet[1].rules[15].oneOf[5].use[1]!C:\Users\zacan\Desktop\Dev\claimshark-das
hboard\node_modules\next\dist\client\components\router-reducer\apply-flight-data.js|app-pages-browser
* javascript/auto|C:\Users\zacan\Desktop\Dev\claimshark-dashboard\node_modules\next\dist\build\webpack\loaders\next-flight-client-module-loader.js!C:\Users\zacan\Desktop\
Dev\claimshark-dashboard\node_modules\next\dist\build\webpack\loaders\next-swc-loader.js??ruleSet[1].rules[15].oneOf[5].use[1]!C:\Users\zacan\desktop\dev\claimshark-dashb
oard\node_modules\next\dist\client\components\router-reducer\fill-cache-with-new-subtree-data.js|app-pages-browser
    Used by 2 module(s), i. e.
    javascript/auto|C:\Users\zacan\Desktop\Dev\claimshark-dashboard\node_modules\next\dist\build\webpack\loaders\next-flight-client-module-loader.js!C:\Users\zacan\Deskto
p\Dev\claimshark-dashboard\node_modules\next\dist\build\webpack\loaders\next-swc-loader.js??ruleSet[1].rules[15].oneOf[5].use[1]!C:\Users\zacan\desktop\dev\claimshark-das
hboard\node_modules\next\dist\client\components\router-reducer\apply-flight-data.js|app-pages-browser

Import trace for requested module:
./node_modules/next/dist/client/components/router-reducer/fill-cache-with-new-subtree-data.js
./node_modules/next/dist/client/components/router-reducer/apply-flight-data.js
./node_modules/next/dist/client/components/router-reducer/refetch-inactive-parallel-segments.js
./node_modules/next/dist/client/components/router-reducer/create-initial-router-state.js
./node_modules/next/dist/client/components/app-router.js

./node_modules/next/dist/client/components/router-reducer/fill-lazy-items-till-leaf-with-head.js
There are multiple modules with names that only differ in casing.
This can lead to unexpected behavior when compiling on a filesystem with other case-semantic.
Use equal casing. Compare these module identifiers:
* javascript/auto|C:\Users\zacan\Desktop\Dev\claimshark-dashboard\node_modules\next\dist\build\webpack\loaders\next-flight-client-module-loader.js!C:\Users\zacan\Desktop\
Dev\claimshark-dashboard\node_modules\next\dist\build\webpack\loaders\next-swc-loader.js??ruleSet[1].rules[15].oneOf[5].use[1]!C:\Users\zacan\Desktop\Dev\claimshark-dashb
oard\node_modules\next\dist\client\components\router-reducer\fill-lazy-items-till-leaf-with-head.js|app-pages-browser
    Used by 6 module(s), i. e.
    javascript/auto|C:\Users\zacan\Desktop\Dev\claimshark-dashboard\node_modules\next\dist\build\webpack\loaders\next-flight-client-module-loader.js!C:\Users\zacan\Deskto
p\Dev\claimshark-dashboard\node_modules\next\dist\build\webpack\loaders\next-swc-loader.js??ruleSet[1].rules[15].oneOf[5].use[1]!C:\Users\zacan\Desktop\Dev\claimshark-das
hboard\node_modules\next\dist\client\components\router-reducer\create-initial-router-state.js|app-pages-browser
* javascript/auto|C:\Users\zacan\Desktop\Dev\claimshark-dashboard\node_modules\next\dist\build\webpack\loaders\next-flight-client-module-loader.js!C:\Users\zacan\Desktop\
Dev\claimshark-dashboard\node_modules\next\dist\build\webpack\loaders\next-swc-loader.js??ruleSet[1].rules[15].oneOf[5].use[1]!C:\Users\zacan\desktop\dev\claimshark-dashb
oard\node_modules\next\dist\client\components\router-reducer\fill-lazy-items-till-leaf-with-head.js|app-pages-browser
    Used by 6 module(s), i. e.
    javascript/auto|C:\Users\zacan\Desktop\Dev\claimshark-dashboard\node_modules\next\dist\build\webpack\loaders\next-flight-client-module-loader.js!C:\Users\zacan\Deskto
p\Dev\claimshark-dashboard\node_modules\next\dist\build\webpack\loaders\next-swc-loader.js??ruleSet[1].rules[15].oneOf[5].use[1]!C:\Users\zacan\desktop\dev\claimshark-das
hboard\node_modules\next\dist\client\components\router-reducer\create-initial-router-state.js|app-pages-browser

Import trace for requested module:
./node_modules/next/dist/client/components/router-reducer/fill-lazy-items-till-leaf-with-head.js
./node_modules/next/dist/client/components/router-reducer/create-initial-router-state.js
./node_modules/next/dist/client/components/app-router.js

./node_modules/next/dist/client/components/router-reducer/handle-mutable.js
There are multiple modules with names that only differ in casing.
This can lead to unexpected behavior when compiling on a filesystem with other case-semantic.
Use equal casing. Compare these module identifiers:
* javascript/auto|C:\Users\zacan\Desktop\Dev\claimshark-dashboard\node_modules\next\dist\build\webpack\loaders\next-flight-client-module-loader.js!C:\Users\zacan\Desktop\
Dev\claimshark-dashboard\node_modules\next\dist\build\webpack\loaders\next-swc-loader.js??ruleSet[1].rules[15].oneOf[5].use[1]!C:\Users\zacan\Desktop\Dev\claimshark-dashb
oard\node_modules\next\dist\client\components\router-reducer\handle-mutable.js|app-pages-browser
    Used by 6 module(s), i. e.
    javascript/auto|C:\Users\zacan\Desktop\Dev\claimshark-dashboard\node_modules\next\dist\build\webpack\loaders\next-flight-client-module-loader.js!C:\Users\zacan\Deskto
p\Dev\claimshark-dashboard\node_modules\next\dist\build\webpack\loaders\next-swc-loader.js??ruleSet[1].rules[15].oneOf[5].use[1]!C:\Users\zacan\Desktop\Dev\claimshark-das
hboard\node_modules\next\dist\client\components\router-reducer\reducers\navigate-reducer.js|app-pages-browser
* javascript/auto|C:\Users\zacan\Desktop\Dev\claimshark-dashboard\node_modules\next\dist\build\webpack\loaders\next-flight-client-module-loader.js!C:\Users\zacan\Desktop\
Dev\claimshark-dashboard\node_modules\next\dist\build\webpack\loaders\next-swc-loader.js??ruleSet[1].rules[15].oneOf[5].use[1]!C:\Users\zacan\desktop\dev\claimshark-dashb
oard\node_modules\next\dist\client\components\router-reducer\handle-mutable.js|app-pages-browser
    Used by 6 module(s), i. e.
    javascript/auto|C:\Users\zacan\Desktop\Dev\claimshark-dashboard\node_modules\next\dist\build\webpack\loaders\next-flight-client-module-loader.js!C:\Users\zacan\Deskto
p\Dev\claimshark-dashboard\node_modules\next\dist\build\webpack\loaders\next-swc-loader.js??ruleSet[1].rules[15].oneOf[5].use[1]!C:\Users\zacan\desktop\dev\claimshark-das
hboard\node_modules\next\dist\client\components\router-reducer\reducers\navigate-reducer.js|app-pages-browser

Import trace for requested module:
./node_modules/next/dist/client/components/router-reducer/handle-mutable.js
./node_modules/next/dist/client/components/router-reducer/reducers/navigate-reducer.js
./node_modules/next/dist/client/components/router-reducer/router-reducer.js
./node_modules/next/dist/shared/lib/router/action-queue.js
./node_modules/next/dist/client/components/use-reducer-with-devtools.js
./node_modules/next/dist/client/components/app-router.js

./node_modules/next/dist/client/components/router-reducer/handle-segment-mismatch.js
There are multiple modules with names that only differ in casing.
This can lead to unexpected behavior when compiling on a filesystem with other case-semantic.
Use equal casing. Compare these module identifiers:
* javascript/auto|C:\Users\zacan\Desktop\Dev\claimshark-dashboard\node_modules\next\dist\build\webpack\loaders\next-flight-client-module-loader.js!C:\Users\zacan\Desktop\
Dev\claimshark-dashboard\node_modules\next\dist\build\webpack\loaders\next-swc-loader.js??ruleSet[1].rules[15].oneOf[5].use[1]!C:\Users\zacan\Desktop\Dev\claimshark-dashb
oard\node_modules\next\dist\client\components\router-reducer\handle-segment-mismatch.js|app-pages-browser
    Used by 5 module(s), i. e.
    javascript/auto|C:\Users\zacan\Desktop\Dev\claimshark-dashboard\node_modules\next\dist\build\webpack\loaders\next-flight-client-module-loader.js!C:\Users\zacan\Deskto
p\Dev\claimshark-dashboard\node_modules\next\dist\build\webpack\loaders\next-swc-loader.js??ruleSet[1].rules[15].oneOf[5].use[1]!C:\Users\zacan\Desktop\Dev\claimshark-das
hboard\node_modules\next\dist\client\components\router-reducer\reducers\server-patch-reducer.js|app-pages-browser
* javascript/auto|C:\Users\zacan\Desktop\Dev\claimshark-dashboard\node_modules\next\dist\build\webpack\loaders\next-flight-client-module-loader.js!C:\Users\zacan\Desktop\
Dev\claimshark-dashboard\node_modules\next\dist\build\webpack\loaders\next-swc-loader.js??ruleSet[1].rules[15].oneOf[5].use[1]!C:\Users\zacan\desktop\dev\claimshark-dashb
oard\node_modules\next\dist\client\components\router-reducer\handle-segment-mismatch.js|app-pages-browser
    Used by 5 module(s), i. e.
    javascript/auto|C:\Users\zacan\Desktop\Dev\claimshark-dashboard\node_modules\next\dist\build\webpack\loaders\next-flight-client-module-loader.js!C:\Users\zacan\Deskto
p\Dev\claimshark-dashboard\node_modules\next\dist\build\webpack\loaders\next-swc-loader.js??ruleSet[1].rules[15].oneOf[5].use[1]!C:\Users\zacan\desktop\dev\claimshark-das
hboard\node_modules\next\dist\client\components\router-reducer\reducers\server-patch-reducer.js|app-pages-browser

Import trace for requested module:
./node_modules/next/dist/client/components/router-reducer/handle-segment-mismatch.js
./node_modules/next/dist/client/components/router-reducer/reducers/server-patch-reducer.js
./node_modules/next/dist/client/components/router-reducer/router-reducer.js
./node_modules/next/dist/shared/lib/router/action-queue.js
./node_modules/next/dist/client/components/use-reducer-with-devtools.js
./node_modules/next/dist/client/components/app-router.js

./node_modules/next/dist/client/components/router-reducer/invalidate-cache-below-flight-segmentpath.js
There are multiple modules with names that only differ in casing.
This can lead to unexpected behavior when compiling on a filesystem with other case-semantic.
Use equal casing. Compare these module identifiers:
* javascript/auto|C:\Users\zacan\Desktop\Dev\claimshark-dashboard\node_modules\next\dist\build\webpack\loaders\next-flight-client-module-loader.js!C:\Users\zacan\Desktop\
Dev\claimshark-dashboard\node_modules\next\dist\build\webpack\loaders\next-swc-loader.js??ruleSet[1].rules[15].oneOf[5].use[1]!C:\Users\zacan\Desktop\Dev\claimshark-dashb
oard\node_modules\next\dist\client\components\router-reducer\invalidate-cache-below-flight-segmentpath.js|app-pages-browser
    Used by 2 module(s), i. e.
    javascript/auto|C:\Users\zacan\Desktop\Dev\claimshark-dashboard\node_modules\next\dist\build\webpack\loaders\next-flight-client-module-loader.js!C:\Users\zacan\Deskto
p\Dev\claimshark-dashboard\node_modules\next\dist\build\webpack\loaders\next-swc-loader.js??ruleSet[1].rules[15].oneOf[5].use[1]!C:\Users\zacan\Desktop\Dev\claimshark-das
hboard\node_modules\next\dist\client\components\router-reducer\reducers\navigate-reducer.js|app-pages-browser
* javascript/auto|C:\Users\zacan\Desktop\Dev\claimshark-dashboard\node_modules\next\dist\build\webpack\loaders\next-flight-client-module-loader.js!C:\Users\zacan\Desktop\
Dev\claimshark-dashboard\node_modules\next\dist\build\webpack\loaders\next-swc-loader.js??ruleSet[1].rules[15].oneOf[5].use[1]!C:\Users\zacan\desktop\dev\claimshark-dashb
oard\node_modules\next\dist\client\components\router-reducer\invalidate-cache-below-flight-segmentpath.js|app-pages-browser
    Used by 2 module(s), i. e.
    javascript/auto|C:\Users\zacan\Desktop\Dev\claimshark-dashboard\node_modules\next\dist\build\webpack\loaders\next-flight-client-module-loader.js!C:\Users\zacan\Deskto
p\Dev\claimshark-dashboard\node_modules\next\dist\build\webpack\loaders\next-swc-loader.js??ruleSet[1].rules[15].oneOf[5].use[1]!C:\Users\zacan\desktop\dev\claimshark-das
hboard\node_modules\next\dist\client\components\router-reducer\reducers\navigate-reducer.js|app-pages-browser

Import trace for requested module:
./node_modules/next/dist/client/components/router-reducer/invalidate-cache-below-flight-segmentpath.js
./node_modules/next/dist/client/components/router-reducer/reducers/navigate-reducer.js
./node_modules/next/dist/client/components/router-reducer/router-reducer.js
./node_modules/next/dist/shared/lib/router/action-queue.js
./node_modules/next/dist/client/components/use-reducer-with-devtools.js
./node_modules/next/dist/client/components/app-router.js

./node_modules/next/dist/client/components/router-reducer/invalidate-cache-by-router-state.js
There are multiple modules with names that only differ in casing.
This can lead to unexpected behavior when compiling on a filesystem with other case-semantic.
Use equal casing. Compare these module identifiers:
* javascript/auto|C:\Users\zacan\Desktop\Dev\claimshark-dashboard\node_modules\next\dist\build\webpack\loaders\next-flight-client-module-loader.js!C:\Users\zacan\Desktop\
Dev\claimshark-dashboard\node_modules\next\dist\build\webpack\loaders\next-swc-loader.js??ruleSet[1].rules[15].oneOf[5].use[1]!C:\Users\zacan\Desktop\Dev\claimshark-dashb
oard\node_modules\next\dist\client\components\router-reducer\invalidate-cache-by-router-state.js|app-pages-browser
    Used by 2 module(s), i. e.
    javascript/auto|C:\Users\zacan\Desktop\Dev\claimshark-dashboard\node_modules\next\dist\build\webpack\loaders\next-flight-client-module-loader.js!C:\Users\zacan\Deskto
p\Dev\claimshark-dashboard\node_modules\next\dist\build\webpack\loaders\next-swc-loader.js??ruleSet[1].rules[15].oneOf[5].use[1]!C:\Users\zacan\Desktop\Dev\claimshark-das
hboard\node_modules\next\dist\client\components\router-reducer\fill-cache-with-new-subtree-data.js|app-pages-browser
* javascript/auto|C:\Users\zacan\Desktop\Dev\claimshark-dashboard\node_modules\next\dist\build\webpack\loaders\next-flight-client-module-loader.js!C:\Users\zacan\Desktop\
Dev\claimshark-dashboard\node_modules\next\dist\build\webpack\loaders\next-swc-loader.js??ruleSet[1].rules[15].oneOf[5].use[1]!C:\Users\zacan\desktop\dev\claimshark-dashb
oard\node_modules\next\dist\client\components\router-reducer\invalidate-cache-by-router-state.js|app-pages-browser
    Used by 2 module(s), i. e.
    javascript/auto|C:\Users\zacan\Desktop\Dev\claimshark-dashboard\node_modules\next\dist\build\webpack\loaders\next-flight-client-module-loader.js!C:\Users\zacan\Deskto
p\Dev\claimshark-dashboard\node_modules\next\dist\build\webpack\loaders\next-swc-loader.js??ruleSet[1].rules[15].oneOf[5].use[1]!C:\Users\zacan\desktop\dev\claimshark-das
hboard\node_modules\next\dist\client\components\router-reducer\fill-cache-with-new-subtree-data.js|app-pages-browser

Import trace for requested module:
./node_modules/next/dist/client/components/router-reducer/invalidate-cache-by-router-state.js
./node_modules/next/dist/client/components/router-reducer/fill-cache-with-new-subtree-data.js
./node_modules/next/dist/client/components/router-reducer/apply-flight-data.js
./node_modules/next/dist/client/components/router-reducer/refetch-inactive-parallel-segments.js
./node_modules/next/dist/client/components/router-reducer/create-initial-router-state.js
./node_modules/next/dist/client/components/app-router.js

./node_modules/next/dist/client/components/router-reducer/is-navigating-to-new-root-layout.js
There are multiple modules with names that only differ in casing.
This can lead to unexpected behavior when compiling on a filesystem with other case-semantic.
Use equal casing. Compare these module identifiers:
* javascript/auto|C:\Users\zacan\Desktop\Dev\claimshark-dashboard\node_modules\next\dist\build\webpack\loaders\next-flight-client-module-loader.js!C:\Users\zacan\Desktop\
Dev\claimshark-dashboard\node_modules\next\dist\build\webpack\loaders\next-swc-loader.js??ruleSet[1].rules[15].oneOf[5].use[1]!C:\Users\zacan\Desktop\Dev\claimshark-dashb
oard\node_modules\next\dist\client\components\router-reducer\is-navigating-to-new-root-layout.js|app-pages-browser
    Used by 6 module(s), i. e.
    javascript/auto|C:\Users\zacan\Desktop\Dev\claimshark-dashboard\node_modules\next\dist\build\webpack\loaders\next-flight-client-module-loader.js!C:\Users\zacan\Deskto
p\Dev\claimshark-dashboard\node_modules\next\dist\build\webpack\loaders\next-swc-loader.js??ruleSet[1].rules[15].oneOf[5].use[1]!C:\Users\zacan\Desktop\Dev\claimshark-das
hboard\node_modules\next\dist\client\components\router-reducer\reducers\navigate-reducer.js|app-pages-browser
* javascript/auto|C:\Users\zacan\Desktop\Dev\claimshark-dashboard\node_modules\next\dist\build\webpack\loaders\next-flight-client-module-loader.js!C:\Users\zacan\Desktop\
Dev\claimshark-dashboard\node_modules\next\dist\build\webpack\loaders\next-swc-loader.js??ruleSet[1].rules[15].oneOf[5].use[1]!C:\Users\zacan\desktop\dev\claimshark-dashb
oard\node_modules\next\dist\client\components\router-reducer\is-navigating-to-new-root-layout.js|app-pages-browser
    Used by 6 module(s), i. e.
    javascript/auto|C:\Users\zacan\Desktop\Dev\claimshark-dashboard\node_modules\next\dist\build\webpack\loaders\next-flight-client-module-loader.js!C:\Users\zacan\Deskto
p\Dev\claimshark-dashboard\node_modules\next\dist\build\webpack\loaders\next-swc-loader.js??ruleSet[1].rules[15].oneOf[5].use[1]!C:\Users\zacan\desktop\dev\claimshark-das
hboard\node_modules\next\dist\client\components\router-reducer\reducers\navigate-reducer.js|app-pages-browser

Import trace for requested module:
./node_modules/next/dist/client/components/router-reducer/is-navigating-to-new-root-layout.js
./node_modules/next/dist/client/components/router-reducer/reducers/navigate-reducer.js
./node_modules/next/dist/client/components/router-reducer/router-reducer.js
./node_modules/next/dist/shared/lib/router/action-queue.js
./node_modules/next/dist/client/components/use-reducer-with-devtools.js
./node_modules/next/dist/client/components/app-router.js

./node_modules/next/dist/client/components/router-reducer/ppr-navigations.js
There are multiple modules with names that only differ in casing.
This can lead to unexpected behavior when compiling on a filesystem with other case-semantic.
Use equal casing. Compare these module identifiers:
* javascript/auto|C:\Users\zacan\Desktop\Dev\claimshark-dashboard\node_modules\next\dist\build\webpack\loaders\next-flight-client-module-loader.js!C:\Users\zacan\Desktop\
Dev\claimshark-dashboard\node_modules\next\dist\build\webpack\loaders\next-swc-loader.js??ruleSet[1].rules[15].oneOf[5].use[1]!C:\Users\zacan\Desktop\Dev\claimshark-dashb
oard\node_modules\next\dist\client\components\router-reducer\ppr-navigations.js|app-pages-browser
    Used by 3 module(s), i. e.
    javascript/auto|C:\Users\zacan\Desktop\Dev\claimshark-dashboard\node_modules\next\dist\build\webpack\loaders\next-flight-client-module-loader.js!C:\Users\zacan\Deskto
p\Dev\claimshark-dashboard\node_modules\next\dist\build\webpack\loaders\next-swc-loader.js??ruleSet[1].rules[15].oneOf[5].use[1]!C:\Users\zacan\Desktop\Dev\claimshark-das
hboard\node_modules\next\dist\client\components\router-reducer\reducers\navigate-reducer.js|app-pages-browser
* javascript/auto|C:\Users\zacan\Desktop\Dev\claimshark-dashboard\node_modules\next\dist\build\webpack\loaders\next-flight-client-module-loader.js!C:\Users\zacan\Desktop\
Dev\claimshark-dashboard\node_modules\next\dist\build\webpack\loaders\next-swc-loader.js??ruleSet[1].rules[15].oneOf[5].use[1]!C:\Users\zacan\desktop\dev\claimshark-dashb
oard\node_modules\next\dist\client\components\router-reducer\ppr-navigations.js|app-pages-browser
    Used by 3 module(s), i. e.
    javascript/auto|C:\Users\zacan\Desktop\Dev\claimshark-dashboard\node_modules\next\dist\build\webpack\loaders\next-flight-client-module-loader.js!C:\Users\zacan\Deskto
p\Dev\claimshark-dashboard\node_modules\next\dist\build\webpack\loaders\next-swc-loader.js??ruleSet[1].rules[15].oneOf[5].use[1]!C:\Users\zacan\desktop\dev\claimshark-das
hboard\node_modules\next\dist\client\components\router-reducer\reducers\navigate-reducer.js|app-pages-browser

Import trace for requested module:
./node_modules/next/dist/client/components/router-reducer/ppr-navigations.js
./node_modules/next/dist/client/components/router-reducer/reducers/navigate-reducer.js
./node_modules/next/dist/client/components/router-reducer/router-reducer.js
./node_modules/next/dist/shared/lib/router/action-queue.js
./node_modules/next/dist/client/components/use-reducer-with-devtools.js
./node_modules/next/dist/client/components/app-router.js

./node_modules/next/dist/client/components/router-reducer/prefetch-cache-utils.js
There are multiple modules with names that only differ in casing.
This can lead to unexpected behavior when compiling on a filesystem with other case-semantic.
Use equal casing. Compare these module identifiers:
* javascript/auto|C:\Users\zacan\Desktop\Dev\claimshark-dashboard\node_modules\next\dist\build\webpack\loaders\next-flight-client-module-loader.js!C:\Users\zacan\Desktop\
Dev\claimshark-dashboard\node_modules\next\dist\build\webpack\loaders\next-swc-loader.js??ruleSet[1].rules[15].oneOf[5].use[1]!C:\Users\zacan\Desktop\Dev\claimshark-dashb
oard\node_modules\next\dist\client\components\router-reducer\prefetch-cache-utils.js|app-pages-browser
    Used by 4 module(s), i. e.
    javascript/auto|C:\Users\zacan\Desktop\Dev\claimshark-dashboard\node_modules\next\dist\build\webpack\loaders\next-flight-client-module-loader.js!C:\Users\zacan\Deskto
p\Dev\claimshark-dashboard\node_modules\next\dist\build\webpack\loaders\next-swc-loader.js??ruleSet[1].rules[15].oneOf[5].use[1]!C:\Users\zacan\Desktop\Dev\claimshark-das
hboard\node_modules\next\dist\client\components\router-reducer\create-initial-router-state.js|app-pages-browser
* javascript/auto|C:\Users\zacan\Desktop\Dev\claimshark-dashboard\node_modules\next\dist\build\webpack\loaders\next-flight-client-module-loader.js!C:\Users\zacan\Desktop\
Dev\claimshark-dashboard\node_modules\next\dist\build\webpack\loaders\next-swc-loader.js??ruleSet[1].rules[15].oneOf[5].use[1]!C:\Users\zacan\desktop\dev\claimshark-dashb
oard\node_modules\next\dist\client\components\router-reducer\prefetch-cache-utils.js|app-pages-browser
    Used by 4 module(s), i. e.
    javascript/auto|C:\Users\zacan\Desktop\Dev\claimshark-dashboard\node_modules\next\dist\build\webpack\loaders\next-flight-client-module-loader.js!C:\Users\zacan\Deskto
p\Dev\claimshark-dashboard\node_modules\next\dist\build\webpack\loaders\next-swc-loader.js??ruleSet[1].rules[15].oneOf[5].use[1]!C:\Users\zacan\desktop\dev\claimshark-das
hboard\node_modules\next\dist\client\components\router-reducer\create-initial-router-state.js|app-pages-browser

Import trace for requested module:
./node_modules/next/dist/client/components/router-reducer/prefetch-cache-utils.js
./node_modules/next/dist/client/components/router-reducer/create-initial-router-state.js
./node_modules/next/dist/client/components/app-router.js

./node_modules/next/dist/client/components/router-reducer/reducers/fast-refresh-reducer.js
There are multiple modules with names that only differ in casing.
This can lead to unexpected behavior when compiling on a filesystem with other case-semantic.
Use equal casing. Compare these module identifiers:
* javascript/auto|C:\Users\zacan\Desktop\Dev\claimshark-dashboard\node_modules\next\dist\build\webpack\loaders\next-flight-client-module-loader.js!C:\Users\zacan\Desktop\
Dev\claimshark-dashboard\node_modules\next\dist\build\webpack\loaders\next-swc-loader.js??ruleSet[1].rules[15].oneOf[5].use[1]!C:\Users\zacan\Desktop\Dev\claimshark-dashb
oard\node_modules\next\dist\client\components\router-reducer\reducers\fast-refresh-reducer.js|app-pages-browser
    Used by 2 module(s), i. e.
    javascript/auto|C:\Users\zacan\Desktop\Dev\claimshark-dashboard\node_modules\next\dist\build\webpack\loaders\next-flight-client-module-loader.js!C:\Users\zacan\Deskto
p\Dev\claimshark-dashboard\node_modules\next\dist\build\webpack\loaders\next-swc-loader.js??ruleSet[1].rules[15].oneOf[5].use[1]!C:\Users\zacan\Desktop\Dev\claimshark-das
hboard\node_modules\next\dist\client\components\router-reducer\router-reducer.js|app-pages-browser
* javascript/auto|C:\Users\zacan\Desktop\Dev\claimshark-dashboard\node_modules\next\dist\build\webpack\loaders\next-flight-client-module-loader.js!C:\Users\zacan\Desktop\
Dev\claimshark-dashboard\node_modules\next\dist\build\webpack\loaders\next-swc-loader.js??ruleSet[1].rules[15].oneOf[5].use[1]!C:\Users\zacan\desktop\dev\claimshark-dashb
oard\node_modules\next\dist\client\components\router-reducer\reducers\fast-refresh-reducer.js|app-pages-browser
    Used by 2 module(s), i. e.
    javascript/auto|C:\Users\zacan\Desktop\Dev\claimshark-dashboard\node_modules\next\dist\build\webpack\loaders\next-flight-client-module-loader.js!C:\Users\zacan\Deskto
p\Dev\claimshark-dashboard\node_modules\next\dist\build\webpack\loaders\next-swc-loader.js??ruleSet[1].rules[15].oneOf[5].use[1]!C:\Users\zacan\desktop\dev\claimshark-das
hboard\node_modules\next\dist\client\components\router-reducer\router-reducer.js|app-pages-browser

Import trace for requested module:
./node_modules/next/dist/client/components/router-reducer/reducers/fast-refresh-reducer.js
./node_modules/next/dist/client/components/router-reducer/router-reducer.js
./node_modules/next/dist/shared/lib/router/action-queue.js
./node_modules/next/dist/client/components/use-reducer-with-devtools.js
./node_modules/next/dist/client/components/app-router.js

./node_modules/next/dist/client/components/router-reducer/reducers/find-head-in-cache.js
There are multiple modules with names that only differ in casing.
This can lead to unexpected behavior when compiling on a filesystem with other case-semantic.
Use equal casing. Compare these module identifiers:
* javascript/auto|C:\Users\zacan\Desktop\Dev\claimshark-dashboard\node_modules\next\dist\build\webpack\loaders\next-flight-client-module-loader.js!C:\Users\zacan\Desktop\
Dev\claimshark-dashboard\node_modules\next\dist\build\webpack\loaders\next-swc-loader.js??ruleSet[1].rules[15].oneOf[5].use[1]!C:\Users\zacan\Desktop\Dev\claimshark-dashb
oard\node_modules\next\dist\client\components\router-reducer\reducers\find-head-in-cache.js|app-pages-browser
    Used by 2 module(s), i. e.
    javascript/auto|C:\Users\zacan\Desktop\Dev\claimshark-dashboard\node_modules\next\dist\build\webpack\loaders\next-flight-client-module-loader.js!C:\Users\zacan\Deskto
p\Dev\claimshark-dashboard\node_modules\next\dist\build\webpack\loaders\next-swc-loader.js??ruleSet[1].rules[15].oneOf[5].use[1]!C:\Users\zacan\Desktop\Dev\claimshark-das
hboard\node_modules\next\dist\client\components\app-router.js|app-pages-browser
* javascript/auto|C:\Users\zacan\Desktop\Dev\claimshark-dashboard\node_modules\next\dist\build\webpack\loaders\next-flight-client-module-loader.js!C:\Users\zacan\Desktop\
Dev\claimshark-dashboard\node_modules\next\dist\build\webpack\loaders\next-swc-loader.js??ruleSet[1].rules[15].oneOf[5].use[1]!C:\Users\zacan\desktop\dev\claimshark-dashb
oard\node_modules\next\dist\client\components\router-reducer\reducers\find-head-in-cache.js|app-pages-browser
    Used by 2 module(s), i. e.
    javascript/auto|C:\Users\zacan\Desktop\Dev\claimshark-dashboard\node_modules\next\dist\build\webpack\loaders\next-flight-client-module-loader.js!C:\Users\zacan\Deskto
p\Dev\claimshark-dashboard\node_modules\next\dist\build\webpack\loaders\next-swc-loader.js??ruleSet[1].rules[15].oneOf[5].use[1]!C:\Users\zacan\desktop\dev\claimshark-das
hboard\node_modules\next\dist\client\components\app-router.js|app-pages-browser

Import trace for requested module:
./node_modules/next/dist/client/components/router-reducer/reducers/find-head-in-cache.js
./node_modules/next/dist/client/components/app-router.js

./node_modules/next/dist/client/components/router-reducer/reducers/get-segment-value.js
There are multiple modules with names that only differ in casing.
This can lead to unexpected behavior when compiling on a filesystem with other case-semantic.
Use equal casing. Compare these module identifiers:
* javascript/auto|C:\Users\zacan\Desktop\Dev\claimshark-dashboard\node_modules\next\dist\build\webpack\loaders\next-flight-client-module-loader.js!C:\Users\zacan\Desktop\
Dev\claimshark-dashboard\node_modules\next\dist\build\webpack\loaders\next-swc-loader.js??ruleSet[1].rules[15].oneOf[5].use[1]!C:\Users\zacan\Desktop\Dev\claimshark-dashb
oard\node_modules\next\dist\client\components\router-reducer\reducers\get-segment-value.js|app-pages-browser
    Used by 3 module(s), i. e.
    javascript/auto|C:\Users\zacan\Desktop\Dev\claimshark-dashboard\node_modules\next\dist\build\webpack\loaders\next-flight-client-module-loader.js!C:\Users\zacan\Deskto
p\Dev\claimshark-dashboard\node_modules\next\dist\build\webpack\loaders\next-swc-loader.js??ruleSet[1].rules[15].oneOf[5].use[1]!C:\Users\zacan\Desktop\Dev\claimshark-das
hboard\node_modules\next\dist\client\components\layout-router.js|app-pages-browser
* javascript/auto|C:\Users\zacan\Desktop\Dev\claimshark-dashboard\node_modules\next\dist\build\webpack\loaders\next-flight-client-module-loader.js!C:\Users\zacan\Desktop\
Dev\claimshark-dashboard\node_modules\next\dist\build\webpack\loaders\next-swc-loader.js??ruleSet[1].rules[15].oneOf[5].use[1]!C:\Users\zacan\desktop\dev\claimshark-dashb
oard\node_modules\next\dist\client\components\router-reducer\reducers\get-segment-value.js|app-pages-browser
    Used by 2 module(s), i. e.
    javascript/auto|C:\Users\zacan\Desktop\Dev\claimshark-dashboard\node_modules\next\dist\build\webpack\loaders\next-flight-client-module-loader.js!C:\Users\zacan\Deskto
p\Dev\claimshark-dashboard\node_modules\next\dist\build\webpack\loaders\next-swc-loader.js??ruleSet[1].rules[15].oneOf[5].use[1]!C:\Users\zacan\desktop\dev\claimshark-das
hboard\node_modules\next\dist\client\components\navigation.js|app-pages-browser

Import trace for requested module:
./node_modules/next/dist/client/components/router-reducer/reducers/get-segment-value.js
./node_modules/next/dist/client/components/layout-router.js

./node_modules/next/dist/client/components/router-reducer/reducers/has-interception-route-in-current-tree.js
There are multiple modules with names that only differ in casing.
This can lead to unexpected behavior when compiling on a filesystem with other case-semantic.
Use equal casing. Compare these module identifiers:
* javascript/auto|C:\Users\zacan\Desktop\Dev\claimshark-dashboard\node_modules\next\dist\build\webpack\loaders\next-flight-client-module-loader.js!C:\Users\zacan\Desktop\
Dev\claimshark-dashboard\node_modules\next\dist\build\webpack\loaders\next-swc-loader.js??ruleSet[1].rules[15].oneOf[5].use[1]!C:\Users\zacan\Desktop\Dev\claimshark-dashb
oard\node_modules\next\dist\client\components\router-reducer\reducers\has-interception-route-in-current-tree.js|app-pages-browser
    Used by 5 module(s), i. e.
    javascript/auto|C:\Users\zacan\Desktop\Dev\claimshark-dashboard\node_modules\next\dist\build\webpack\loaders\next-flight-client-module-loader.js!C:\Users\zacan\Deskto
p\Dev\claimshark-dashboard\node_modules\next\dist\build\webpack\loaders\next-swc-loader.js??ruleSet[1].rules[15].oneOf[5].use[1]!C:\Users\zacan\Desktop\Dev\claimshark-das
hboard\node_modules\next\dist\client\components\layout-router.js|app-pages-browser
* javascript/auto|C:\Users\zacan\Desktop\Dev\claimshark-dashboard\node_modules\next\dist\build\webpack\loaders\next-flight-client-module-loader.js!C:\Users\zacan\Desktop\
Dev\claimshark-dashboard\node_modules\next\dist\build\webpack\loaders\next-swc-loader.js??ruleSet[1].rules[15].oneOf[5].use[1]!C:\Users\zacan\desktop\dev\claimshark-dashb
oard\node_modules\next\dist\client\components\router-reducer\reducers\has-interception-route-in-current-tree.js|app-pages-browser
    Used by 4 module(s), i. e.
    javascript/auto|C:\Users\zacan\Desktop\Dev\claimshark-dashboard\node_modules\next\dist\build\webpack\loaders\next-flight-client-module-loader.js!C:\Users\zacan\Deskto
p\Dev\claimshark-dashboard\node_modules\next\dist\build\webpack\loaders\next-swc-loader.js??ruleSet[1].rules[15].oneOf[5].use[1]!C:\Users\zacan\desktop\dev\claimshark-das
hboard\node_modules\next\dist\client\components\router-reducer\reducers\refresh-reducer.js|app-pages-browser

Import trace for requested module:
./node_modules/next/dist/client/components/router-reducer/reducers/has-interception-route-in-current-tree.js
./node_modules/next/dist/client/components/layout-router.js

./node_modules/next/dist/client/components/router-reducer/reducers/navigate-reducer.js
There are multiple modules with names that only differ in casing.
This can lead to unexpected behavior when compiling on a filesystem with other case-semantic.
Use equal casing. Compare these module identifiers:
* javascript/auto|C:\Users\zacan\Desktop\Dev\claimshark-dashboard\node_modules\next\dist\build\webpack\loaders\next-flight-client-module-loader.js!C:\Users\zacan\Desktop\
Dev\claimshark-dashboard\node_modules\next\dist\build\webpack\loaders\next-swc-loader.js??ruleSet[1].rules[15].oneOf[5].use[1]!C:\Users\zacan\Desktop\Dev\claimshark-dashb
oard\node_modules\next\dist\client\components\router-reducer\reducers\navigate-reducer.js|app-pages-browser
    Used by 7 module(s), i. e.
    javascript/auto|C:\Users\zacan\Desktop\Dev\claimshark-dashboard\node_modules\next\dist\build\webpack\loaders\next-flight-client-module-loader.js!C:\Users\zacan\Deskto
p\Dev\claimshark-dashboard\node_modules\next\dist\build\webpack\loaders\next-swc-loader.js??ruleSet[1].rules[15].oneOf[5].use[1]!C:\Users\zacan\Desktop\Dev\claimshark-das
hboard\node_modules\next\dist\client\components\router-reducer\router-reducer.js|app-pages-browser
* javascript/auto|C:\Users\zacan\Desktop\Dev\claimshark-dashboard\node_modules\next\dist\build\webpack\loaders\next-flight-client-module-loader.js!C:\Users\zacan\Desktop\
Dev\claimshark-dashboard\node_modules\next\dist\build\webpack\loaders\next-swc-loader.js??ruleSet[1].rules[15].oneOf[5].use[1]!C:\Users\zacan\desktop\dev\claimshark-dashb
oard\node_modules\next\dist\client\components\router-reducer\reducers\navigate-reducer.js|app-pages-browser
    Used by 7 module(s), i. e.
    javascript/auto|C:\Users\zacan\Desktop\Dev\claimshark-dashboard\node_modules\next\dist\build\webpack\loaders\next-flight-client-module-loader.js!C:\Users\zacan\Deskto
p\Dev\claimshark-dashboard\node_modules\next\dist\build\webpack\loaders\next-swc-loader.js??ruleSet[1].rules[15].oneOf[5].use[1]!C:\Users\zacan\desktop\dev\claimshark-das
hboard\node_modules\next\dist\client\components\router-reducer\router-reducer.js|app-pages-browser

Import trace for requested module:
./node_modules/next/dist/client/components/router-reducer/reducers/navigate-reducer.js
./node_modules/next/dist/client/components/router-reducer/router-reducer.js
./node_modules/next/dist/shared/lib/router/action-queue.js
./node_modules/next/dist/client/components/use-reducer-with-devtools.js
./node_modules/next/dist/client/components/app-router.js

./node_modules/next/dist/client/components/router-reducer/reducers/prefetch-reducer.js
There are multiple modules with names that only differ in casing.
This can lead to unexpected behavior when compiling on a filesystem with other case-semantic.
Use equal casing. Compare these module identifiers:
* javascript/auto|C:\Users\zacan\Desktop\Dev\claimshark-dashboard\node_modules\next\dist\build\webpack\loaders\next-flight-client-module-loader.js!C:\Users\zacan\Desktop\
Dev\claimshark-dashboard\node_modules\next\dist\build\webpack\loaders\next-swc-loader.js??ruleSet[1].rules[15].oneOf[5].use[1]!C:\Users\zacan\Desktop\Dev\claimshark-dashb
oard\node_modules\next\dist\client\components\router-reducer\reducers\prefetch-reducer.js|app-pages-browser
    Used by 4 module(s), i. e.
    javascript/auto|C:\Users\zacan\Desktop\Dev\claimshark-dashboard\node_modules\next\dist\build\webpack\loaders\next-flight-client-module-loader.js!C:\Users\zacan\Deskto
p\Dev\claimshark-dashboard\node_modules\next\dist\build\webpack\loaders\next-swc-loader.js??ruleSet[1].rules[15].oneOf[5].use[1]!C:\Users\zacan\Desktop\Dev\claimshark-das
hboard\node_modules\next\dist\client\components\router-reducer\prefetch-cache-utils.js|app-pages-browser
* javascript/auto|C:\Users\zacan\Desktop\Dev\claimshark-dashboard\node_modules\next\dist\build\webpack\loaders\next-flight-client-module-loader.js!C:\Users\zacan\Desktop\
Dev\claimshark-dashboard\node_modules\next\dist\build\webpack\loaders\next-swc-loader.js??ruleSet[1].rules[15].oneOf[5].use[1]!C:\Users\zacan\desktop\dev\claimshark-dashb
oard\node_modules\next\dist\client\components\router-reducer\reducers\prefetch-reducer.js|app-pages-browser
    Used by 4 module(s), i. e.
    javascript/auto|C:\Users\zacan\Desktop\Dev\claimshark-dashboard\node_modules\next\dist\build\webpack\loaders\next-flight-client-module-loader.js!C:\Users\zacan\Deskto
p\Dev\claimshark-dashboard\node_modules\next\dist\build\webpack\loaders\next-swc-loader.js??ruleSet[1].rules[15].oneOf[5].use[1]!C:\Users\zacan\desktop\dev\claimshark-das
hboard\node_modules\next\dist\client\components\router-reducer\router-reducer.js|app-pages-browser

Import trace for requested module:
./node_modules/next/dist/client/components/router-reducer/reducers/prefetch-reducer.js
./node_modules/next/dist/client/components/router-reducer/prefetch-cache-utils.js
./node_modules/next/dist/client/components/router-reducer/create-initial-router-state.js
./node_modules/next/dist/client/components/app-router.js

./node_modules/next/dist/client/components/router-reducer/reducers/refresh-reducer.js
There are multiple modules with names that only differ in casing.
This can lead to unexpected behavior when compiling on a filesystem with other case-semantic.
Use equal casing. Compare these module identifiers:
* javascript/auto|C:\Users\zacan\Desktop\Dev\claimshark-dashboard\node_modules\next\dist\build\webpack\loaders\next-flight-client-module-loader.js!C:\Users\zacan\Desktop\
Dev\claimshark-dashboard\node_modules\next\dist\build\webpack\loaders\next-swc-loader.js??ruleSet[1].rules[15].oneOf[5].use[1]!C:\Users\zacan\Desktop\Dev\claimshark-dashb
oard\node_modules\next\dist\client\components\router-reducer\reducers\refresh-reducer.js|app-pages-browser
    Used by 2 module(s), i. e.
    javascript/auto|C:\Users\zacan\Desktop\Dev\claimshark-dashboard\node_modules\next\dist\build\webpack\loaders\next-flight-client-module-loader.js!C:\Users\zacan\Deskto
p\Dev\claimshark-dashboard\node_modules\next\dist\build\webpack\loaders\next-swc-loader.js??ruleSet[1].rules[15].oneOf[5].use[1]!C:\Users\zacan\Desktop\Dev\claimshark-das
hboard\node_modules\next\dist\client\components\router-reducer\router-reducer.js|app-pages-browser
* javascript/auto|C:\Users\zacan\Desktop\Dev\claimshark-dashboard\node_modules\next\dist\build\webpack\loaders\next-flight-client-module-loader.js!C:\Users\zacan\Desktop\
Dev\claimshark-dashboard\node_modules\next\dist\build\webpack\loaders\next-swc-loader.js??ruleSet[1].rules[15].oneOf[5].use[1]!C:\Users\zacan\desktop\dev\claimshark-dashb
oard\node_modules\next\dist\client\components\router-reducer\reducers\refresh-reducer.js|app-pages-browser
    Used by 2 module(s), i. e.
    javascript/auto|C:\Users\zacan\Desktop\Dev\claimshark-dashboard\node_modules\next\dist\build\webpack\loaders\next-flight-client-module-loader.js!C:\Users\zacan\Deskto
p\Dev\claimshark-dashboard\node_modules\next\dist\build\webpack\loaders\next-swc-loader.js??ruleSet[1].rules[15].oneOf[5].use[1]!C:\Users\zacan\desktop\dev\claimshark-das
hboard\node_modules\next\dist\client\components\router-reducer\router-reducer.js|app-pages-browser

Import trace for requested module:
./node_modules/next/dist/client/components/router-reducer/reducers/refresh-reducer.js
./node_modules/next/dist/client/components/router-reducer/router-reducer.js
./node_modules/next/dist/shared/lib/router/action-queue.js
./node_modules/next/dist/client/components/use-reducer-with-devtools.js
./node_modules/next/dist/client/components/app-router.js

./node_modules/next/dist/client/components/router-reducer/reducers/restore-reducer.js
There are multiple modules with names that only differ in casing.
This can lead to unexpected behavior when compiling on a filesystem with other case-semantic.
Use equal casing. Compare these module identifiers:
* javascript/auto|C:\Users\zacan\Desktop\Dev\claimshark-dashboard\node_modules\next\dist\build\webpack\loaders\next-flight-client-module-loader.js!C:\Users\zacan\Desktop\
Dev\claimshark-dashboard\node_modules\next\dist\build\webpack\loaders\next-swc-loader.js??ruleSet[1].rules[15].oneOf[5].use[1]!C:\Users\zacan\Desktop\Dev\claimshark-dashb
oard\node_modules\next\dist\client\components\router-reducer\reducers\restore-reducer.js|app-pages-browser
    Used by 2 module(s), i. e.
    javascript/auto|C:\Users\zacan\Desktop\Dev\claimshark-dashboard\node_modules\next\dist\build\webpack\loaders\next-flight-client-module-loader.js!C:\Users\zacan\Deskto
p\Dev\claimshark-dashboard\node_modules\next\dist\build\webpack\loaders\next-swc-loader.js??ruleSet[1].rules[15].oneOf[5].use[1]!C:\Users\zacan\Desktop\Dev\claimshark-das
hboard\node_modules\next\dist\client\components\router-reducer\router-reducer.js|app-pages-browser
* javascript/auto|C:\Users\zacan\Desktop\Dev\claimshark-dashboard\node_modules\next\dist\build\webpack\loaders\next-flight-client-module-loader.js!C:\Users\zacan\Desktop\
Dev\claimshark-dashboard\node_modules\next\dist\build\webpack\loaders\next-swc-loader.js??ruleSet[1].rules[15].oneOf[5].use[1]!C:\Users\zacan\desktop\dev\claimshark-dashb
oard\node_modules\next\dist\client\components\router-reducer\reducers\restore-reducer.js|app-pages-browser
    Used by 2 module(s), i. e.
    javascript/auto|C:\Users\zacan\Desktop\Dev\claimshark-dashboard\node_modules\next\dist\build\webpack\loaders\next-flight-client-module-loader.js!C:\Users\zacan\Deskto
p\Dev\claimshark-dashboard\node_modules\next\dist\build\webpack\loaders\next-swc-loader.js??ruleSet[1].rules[15].oneOf[5].use[1]!C:\Users\zacan\desktop\dev\claimshark-das
hboard\node_modules\next\dist\client\components\router-reducer\router-reducer.js|app-pages-browser

Import trace for requested module:
./node_modules/next/dist/client/components/router-reducer/reducers/restore-reducer.js
./node_modules/next/dist/client/components/router-reducer/router-reducer.js
./node_modules/next/dist/shared/lib/router/action-queue.js
./node_modules/next/dist/client/components/use-reducer-with-devtools.js
./node_modules/next/dist/client/components/app-router.js

./node_modules/next/dist/client/components/router-reducer/reducers/server-action-reducer.js
There are multiple modules with names that only differ in casing.
This can lead to unexpected behavior when compiling on a filesystem with other case-semantic.
Use equal casing. Compare these module identifiers:
* javascript/auto|C:\Users\zacan\Desktop\Dev\claimshark-dashboard\node_modules\next\dist\build\webpack\loaders\next-flight-client-module-loader.js!C:\Users\zacan\Desktop\
Dev\claimshark-dashboard\node_modules\next\dist\build\webpack\loaders\next-swc-loader.js??ruleSet[1].rules[15].oneOf[5].use[1]!C:\Users\zacan\Desktop\Dev\claimshark-dashb
oard\node_modules\next\dist\client\components\router-reducer\reducers\server-action-reducer.js|app-pages-browser
    Used by 2 module(s), i. e.
    javascript/auto|C:\Users\zacan\Desktop\Dev\claimshark-dashboard\node_modules\next\dist\build\webpack\loaders\next-flight-client-module-loader.js!C:\Users\zacan\Deskto
p\Dev\claimshark-dashboard\node_modules\next\dist\build\webpack\loaders\next-swc-loader.js??ruleSet[1].rules[15].oneOf[5].use[1]!C:\Users\zacan\Desktop\Dev\claimshark-das
hboard\node_modules\next\dist\client\components\router-reducer\router-reducer.js|app-pages-browser
* javascript/auto|C:\Users\zacan\Desktop\Dev\claimshark-dashboard\node_modules\next\dist\build\webpack\loaders\next-flight-client-module-loader.js!C:\Users\zacan\Desktop\
Dev\claimshark-dashboard\node_modules\next\dist\build\webpack\loaders\next-swc-loader.js??ruleSet[1].rules[15].oneOf[5].use[1]!C:\Users\zacan\desktop\dev\claimshark-dashb
oard\node_modules\next\dist\client\components\router-reducer\reducers\server-action-reducer.js|app-pages-browser
    Used by 2 module(s), i. e.
    javascript/auto|C:\Users\zacan\Desktop\Dev\claimshark-dashboard\node_modules\next\dist\build\webpack\loaders\next-flight-client-module-loader.js!C:\Users\zacan\Deskto
p\Dev\claimshark-dashboard\node_modules\next\dist\build\webpack\loaders\next-swc-loader.js??ruleSet[1].rules[15].oneOf[5].use[1]!C:\Users\zacan\desktop\dev\claimshark-das
hboard\node_modules\next\dist\client\components\router-reducer\router-reducer.js|app-pages-browser

Import trace for requested module:
./node_modules/next/dist/client/components/router-reducer/reducers/server-action-reducer.js
./node_modules/next/dist/client/components/router-reducer/router-reducer.js
./node_modules/next/dist/shared/lib/router/action-queue.js
./node_modules/next/dist/client/components/use-reducer-with-devtools.js
./node_modules/next/dist/client/components/app-router.js

./node_modules/next/dist/client/components/router-reducer/reducers/server-patch-reducer.js
There are multiple modules with names that only differ in casing.
This can lead to unexpected behavior when compiling on a filesystem with other case-semantic.
Use equal casing. Compare these module identifiers:
* javascript/auto|C:\Users\zacan\Desktop\Dev\claimshark-dashboard\node_modules\next\dist\build\webpack\loaders\next-flight-client-module-loader.js!C:\Users\zacan\Desktop\
Dev\claimshark-dashboard\node_modules\next\dist\build\webpack\loaders\next-swc-loader.js??ruleSet[1].rules[15].oneOf[5].use[1]!C:\Users\zacan\Desktop\Dev\claimshark-dashb
oard\node_modules\next\dist\client\components\router-reducer\reducers\server-patch-reducer.js|app-pages-browser
    Used by 2 module(s), i. e.
    javascript/auto|C:\Users\zacan\Desktop\Dev\claimshark-dashboard\node_modules\next\dist\build\webpack\loaders\next-flight-client-module-loader.js!C:\Users\zacan\Deskto
p\Dev\claimshark-dashboard\node_modules\next\dist\build\webpack\loaders\next-swc-loader.js??ruleSet[1].rules[15].oneOf[5].use[1]!C:\Users\zacan\Desktop\Dev\claimshark-das
hboard\node_modules\next\dist\client\components\router-reducer\router-reducer.js|app-pages-browser
* javascript/auto|C:\Users\zacan\Desktop\Dev\claimshark-dashboard\node_modules\next\dist\build\webpack\loaders\next-flight-client-module-loader.js!C:\Users\zacan\Desktop\
Dev\claimshark-dashboard\node_modules\next\dist\build\webpack\loaders\next-swc-loader.js??ruleSet[1].rules[15].oneOf[5].use[1]!C:\Users\zacan\desktop\dev\claimshark-dashb
oard\node_modules\next\dist\client\components\router-reducer\reducers\server-patch-reducer.js|app-pages-browser
    Used by 2 module(s), i. e.
    javascript/auto|C:\Users\zacan\Desktop\Dev\claimshark-dashboard\node_modules\next\dist\build\webpack\loaders\next-flight-client-module-loader.js!C:\Users\zacan\Deskto
p\Dev\claimshark-dashboard\node_modules\next\dist\build\webpack\loaders\next-swc-loader.js??ruleSet[1].rules[15].oneOf[5].use[1]!C:\Users\zacan\desktop\dev\claimshark-das
hboard\node_modules\next\dist\client\components\router-reducer\router-reducer.js|app-pages-browser

Import trace for requested module:
./node_modules/next/dist/client/components/router-reducer/reducers/server-patch-reducer.js
./node_modules/next/dist/client/components/router-reducer/router-reducer.js
./node_modules/next/dist/shared/lib/router/action-queue.js
./node_modules/next/dist/client/components/use-reducer-with-devtools.js
./node_modules/next/dist/client/components/app-router.js

./node_modules/next/dist/client/components/router-reducer/refetch-inactive-parallel-segments.js
There are multiple modules with names that only differ in casing.
This can lead to unexpected behavior when compiling on a filesystem with other case-semantic.
Use equal casing. Compare these module identifiers:
* javascript/auto|C:\Users\zacan\Desktop\Dev\claimshark-dashboard\node_modules\next\dist\build\webpack\loaders\next-flight-client-module-loader.js!C:\Users\zacan\Desktop\
Dev\claimshark-dashboard\node_modules\next\dist\build\webpack\loaders\next-swc-loader.js??ruleSet[1].rules[15].oneOf[5].use[1]!C:\Users\zacan\Desktop\Dev\claimshark-dashb
oard\node_modules\next\dist\client\components\router-reducer\refetch-inactive-parallel-segments.js|app-pages-browser
    Used by 5 module(s), i. e.
    javascript/auto|C:\Users\zacan\Desktop\Dev\claimshark-dashboard\node_modules\next\dist\build\webpack\loaders\next-flight-client-module-loader.js!C:\Users\zacan\Deskto
p\Dev\claimshark-dashboard\node_modules\next\dist\build\webpack\loaders\next-swc-loader.js??ruleSet[1].rules[15].oneOf[5].use[1]!C:\Users\zacan\Desktop\Dev\claimshark-das
hboard\node_modules\next\dist\client\components\router-reducer\create-initial-router-state.js|app-pages-browser
* javascript/auto|C:\Users\zacan\Desktop\Dev\claimshark-dashboard\node_modules\next\dist\build\webpack\loaders\next-flight-client-module-loader.js!C:\Users\zacan\Desktop\
Dev\claimshark-dashboard\node_modules\next\dist\build\webpack\loaders\next-swc-loader.js??ruleSet[1].rules[15].oneOf[5].use[1]!C:\Users\zacan\desktop\dev\claimshark-dashb
oard\node_modules\next\dist\client\components\router-reducer\refetch-inactive-parallel-segments.js|app-pages-browser
    Used by 5 module(s), i. e.
    javascript/auto|C:\Users\zacan\Desktop\Dev\claimshark-dashboard\node_modules\next\dist\build\webpack\loaders\next-flight-client-module-loader.js!C:\Users\zacan\Deskto
p\Dev\claimshark-dashboard\node_modules\next\dist\build\webpack\loaders\next-swc-loader.js??ruleSet[1].rules[15].oneOf[5].use[1]!C:\Users\zacan\desktop\dev\claimshark-das
hboard\node_modules\next\dist\client\components\router-reducer\create-initial-router-state.js|app-pages-browser

Import trace for requested module:
./node_modules/next/dist/client/components/router-reducer/refetch-inactive-parallel-segments.js
./node_modules/next/dist/client/components/router-reducer/create-initial-router-state.js
./node_modules/next/dist/client/components/app-router.js

./node_modules/next/dist/client/components/router-reducer/router-reducer-types.js
There are multiple modules with names that only differ in casing.
This can lead to unexpected behavior when compiling on a filesystem with other case-semantic.
Use equal casing. Compare these module identifiers:
* javascript/auto|C:\Users\zacan\Desktop\Dev\claimshark-dashboard\node_modules\next\dist\build\webpack\loaders\next-flight-client-module-loader.js!C:\Users\zacan\Desktop\
Dev\claimshark-dashboard\node_modules\next\dist\build\webpack\loaders\next-swc-loader.js??ruleSet[1].rules[15].oneOf[5].use[1]!C:\Users\zacan\Desktop\Dev\claimshark-dashb
oard\node_modules\next\dist\client\components\router-reducer\router-reducer-types.js|app-pages-browser
    Used by 10 module(s), i. e.
    javascript/auto|C:\Users\zacan\Desktop\Dev\claimshark-dashboard\node_modules\next\dist\build\webpack\loaders\next-flight-client-module-loader.js!C:\Users\zacan\Deskto
p\Dev\claimshark-dashboard\node_modules\next\dist\build\webpack\loaders\next-swc-loader.js??ruleSet[1].rules[15].oneOf[5].use[1]!C:\Users\zacan\Desktop\Dev\claimshark-das
hboard\node_modules\next\dist\client\components\app-router.js|app-pages-browser
* javascript/auto|C:\Users\zacan\Desktop\Dev\claimshark-dashboard\node_modules\next\dist\build\webpack\loaders\next-flight-client-module-loader.js!C:\Users\zacan\Desktop\
Dev\claimshark-dashboard\node_modules\next\dist\build\webpack\loaders\next-swc-loader.js??ruleSet[1].rules[15].oneOf[5].use[1]!C:\Users\zacan\desktop\dev\claimshark-dashb
oard\node_modules\next\dist\client\components\router-reducer\router-reducer-types.js|app-pages-browser
    Used by 10 module(s), i. e.
    javascript/auto|C:\Users\zacan\Desktop\Dev\claimshark-dashboard\node_modules\next\dist\build\webpack\loaders\next-flight-client-module-loader.js!C:\Users\zacan\Deskto
p\Dev\claimshark-dashboard\node_modules\next\dist\build\webpack\loaders\next-swc-loader.js??ruleSet[1].rules[15].oneOf[5].use[1]!C:\Users\zacan\desktop\dev\claimshark-das
hboard\node_modules\next\dist\shared\lib\router\action-queue.js|app-pages-browser

Import trace for requested module:
./node_modules/next/dist/client/components/router-reducer/router-reducer-types.js
./node_modules/next/dist/client/components/app-router.js

./node_modules/next/dist/client/components/router-reducer/router-reducer.js
There are multiple modules with names that only differ in casing.
This can lead to unexpected behavior when compiling on a filesystem with other case-semantic.
Use equal casing. Compare these module identifiers:
* javascript/auto|C:\Users\zacan\Desktop\Dev\claimshark-dashboard\node_modules\next\dist\build\webpack\loaders\next-flight-client-module-loader.js!C:\Users\zacan\Desktop\
Dev\claimshark-dashboard\node_modules\next\dist\build\webpack\loaders\next-swc-loader.js??ruleSet[1].rules[15].oneOf[5].use[1]!C:\Users\zacan\Desktop\Dev\claimshark-dashb
oard\node_modules\next\dist\client\components\router-reducer\router-reducer.js|app-pages-browser
    Used by 2 module(s), i. e.
    javascript/auto|C:\Users\zacan\Desktop\Dev\claimshark-dashboard\node_modules\next\dist\build\webpack\loaders\next-flight-client-module-loader.js!C:\Users\zacan\Deskto
p\Dev\claimshark-dashboard\node_modules\next\dist\build\webpack\loaders\next-swc-loader.js??ruleSet[1].rules[15].oneOf[5].use[1]!C:\Users\zacan\Desktop\Dev\claimshark-das
hboard\node_modules\next\dist\shared\lib\router\action-queue.js|app-pages-browser
* javascript/auto|C:\Users\zacan\Desktop\Dev\claimshark-dashboard\node_modules\next\dist\build\webpack\loaders\next-flight-client-module-loader.js!C:\Users\zacan\Desktop\
Dev\claimshark-dashboard\node_modules\next\dist\build\webpack\loaders\next-swc-loader.js??ruleSet[1].rules[15].oneOf[5].use[1]!C:\Users\zacan\desktop\dev\claimshark-dashb
oard\node_modules\next\dist\client\components\router-reducer\router-reducer.js|app-pages-browser
    Used by 2 module(s), i. e.
    javascript/auto|C:\Users\zacan\Desktop\Dev\claimshark-dashboard\node_modules\next\dist\build\webpack\loaders\next-flight-client-module-loader.js!C:\Users\zacan\Deskto
p\Dev\claimshark-dashboard\node_modules\next\dist\build\webpack\loaders\next-swc-loader.js??ruleSet[1].rules[15].oneOf[5].use[1]!C:\Users\zacan\desktop\dev\claimshark-das
hboard\node_modules\next\dist\shared\lib\router\action-queue.js|app-pages-browser

Import trace for requested module:
./node_modules/next/dist/client/components/router-reducer/router-reducer.js
./node_modules/next/dist/shared/lib/router/action-queue.js
./node_modules/next/dist/client/components/use-reducer-with-devtools.js
./node_modules/next/dist/client/components/app-router.js

./node_modules/next/dist/client/components/router-reducer/should-hard-navigate.js
There are multiple modules with names that only differ in casing.
This can lead to unexpected behavior when compiling on a filesystem with other case-semantic.
Use equal casing. Compare these module identifiers:
* javascript/auto|C:\Users\zacan\Desktop\Dev\claimshark-dashboard\node_modules\next\dist\build\webpack\loaders\next-flight-client-module-loader.js!C:\Users\zacan\Desktop\
Dev\claimshark-dashboard\node_modules\next\dist\build\webpack\loaders\next-swc-loader.js??ruleSet[1].rules[15].oneOf[5].use[1]!C:\Users\zacan\Desktop\Dev\claimshark-dashb
oard\node_modules\next\dist\client\components\router-reducer\should-hard-navigate.js|app-pages-browser
    Used by 2 module(s), i. e.
    javascript/auto|C:\Users\zacan\Desktop\Dev\claimshark-dashboard\node_modules\next\dist\build\webpack\loaders\next-flight-client-module-loader.js!C:\Users\zacan\Deskto
p\Dev\claimshark-dashboard\node_modules\next\dist\build\webpack\loaders\next-swc-loader.js??ruleSet[1].rules[15].oneOf[5].use[1]!C:\Users\zacan\Desktop\Dev\claimshark-das
hboard\node_modules\next\dist\client\components\router-reducer\reducers\navigate-reducer.js|app-pages-browser
* javascript/auto|C:\Users\zacan\Desktop\Dev\claimshark-dashboard\node_modules\next\dist\build\webpack\loaders\next-flight-client-module-loader.js!C:\Users\zacan\Desktop\
Dev\claimshark-dashboard\node_modules\next\dist\build\webpack\loaders\next-swc-loader.js??ruleSet[1].rules[15].oneOf[5].use[1]!C:\Users\zacan\desktop\dev\claimshark-dashb
oard\node_modules\next\dist\client\components\router-reducer\should-hard-navigate.js|app-pages-browser
    Used by 2 module(s), i. e.
    javascript/auto|C:\Users\zacan\Desktop\Dev\claimshark-dashboard\node_modules\next\dist\build\webpack\loaders\next-flight-client-module-loader.js!C:\Users\zacan\Deskto
p\Dev\claimshark-dashboard\node_modules\next\dist\build\webpack\loaders\next-swc-loader.js??ruleSet[1].rules[15].oneOf[5].use[1]!C:\Users\zacan\desktop\dev\claimshark-das
hboard\node_modules\next\dist\client\components\router-reducer\reducers\navigate-reducer.js|app-pages-browser

Import trace for requested module:
./node_modules/next/dist/client/components/router-reducer/should-hard-navigate.js
./node_modules/next/dist/client/components/router-reducer/reducers/navigate-reducer.js
./node_modules/next/dist/client/components/router-reducer/router-reducer.js
./node_modules/next/dist/shared/lib/router/action-queue.js
./node_modules/next/dist/client/components/use-reducer-with-devtools.js
./node_modules/next/dist/client/components/app-router.js

./node_modules/next/dist/client/components/static-generation-async-storage.external.js
There are multiple modules with names that only differ in casing.
This can lead to unexpected behavior when compiling on a filesystem with other case-semantic.
Use equal casing. Compare these module identifiers:
* javascript/auto|C:\Users\zacan\Desktop\Dev\claimshark-dashboard\node_modules\next\dist\build\webpack\loaders\next-flight-client-module-loader.js!C:\Users\zacan\Desktop\
Dev\claimshark-dashboard\node_modules\next\dist\build\webpack\loaders\next-swc-loader.js??ruleSet[1].rules[15].oneOf[5].use[1]!C:\Users\zacan\Desktop\Dev\claimshark-dashb
oard\node_modules\next\dist\client\components\static-generation-async-storage.external.js|shared
    Used by 4 module(s), i. e.
    javascript/auto|C:\Users\zacan\Desktop\Dev\claimshark-dashboard\node_modules\next\dist\build\webpack\loaders\next-flight-client-module-loader.js!C:\Users\zacan\Deskto
p\Dev\claimshark-dashboard\node_modules\next\dist\build\webpack\loaders\next-swc-loader.js??ruleSet[1].rules[15].oneOf[5].use[1]!C:\Users\zacan\Desktop\Dev\claimshark-das
hboard\node_modules\next\dist\client\components\error-boundary.js|app-pages-browser
* javascript/auto|C:\Users\zacan\Desktop\Dev\claimshark-dashboard\node_modules\next\dist\build\webpack\loaders\next-flight-client-module-loader.js!C:\Users\zacan\Desktop\
Dev\claimshark-dashboard\node_modules\next\dist\build\webpack\loaders\next-swc-loader.js??ruleSet[1].rules[15].oneOf[5].use[1]!C:\Users\zacan\desktop\dev\claimshark-dashb
oard\node_modules\next\dist\client\components\static-generation-async-storage.external.js|shared
    Used by 3 module(s), i. e.
    javascript/auto|C:\Users\zacan\Desktop\Dev\claimshark-dashboard\node_modules\next\dist\build\webpack\loaders\next-flight-client-module-loader.js!C:\Users\zacan\Deskto
p\Dev\claimshark-dashboard\node_modules\next\dist\build\webpack\loaders\next-swc-loader.js??ruleSet[1].rules[15].oneOf[5].use[1]!C:\Users\zacan\desktop\dev\claimshark-das
hboard\node_modules\next\dist\client\components\error-boundary.js|app-pages-browser

Import trace for requested module:
./node_modules/next/dist/client/components/static-generation-async-storage.external.js
./node_modules/next/dist/client/components/error-boundary.js

./node_modules/next/dist/client/components/unresolved-thenable.js
There are multiple modules with names that only differ in casing.
This can lead to unexpected behavior when compiling on a filesystem with other case-semantic.
Use equal casing. Compare these module identifiers:
* javascript/auto|C:\Users\zacan\Desktop\Dev\claimshark-dashboard\node_modules\next\dist\build\webpack\loaders\next-flight-client-module-loader.js!C:\Users\zacan\Desktop\
Dev\claimshark-dashboard\node_modules\next\dist\build\webpack\loaders\next-swc-loader.js??ruleSet[1].rules[15].oneOf[5].use[1]!C:\Users\zacan\Desktop\Dev\claimshark-dashb
oard\node_modules\next\dist\client\components\unresolved-thenable.js|app-pages-browser
    Used by 3 module(s), i. e.
    javascript/auto|C:\Users\zacan\Desktop\Dev\claimshark-dashboard\node_modules\next\dist\build\webpack\loaders\next-flight-client-module-loader.js!C:\Users\zacan\Deskto
p\Dev\claimshark-dashboard\node_modules\next\dist\build\webpack\loaders\next-swc-loader.js??ruleSet[1].rules[15].oneOf[5].use[1]!C:\Users\zacan\Desktop\Dev\claimshark-das
hboard\node_modules\next\dist\client\components\app-router.js|app-pages-browser
* javascript/auto|C:\Users\zacan\Desktop\Dev\claimshark-dashboard\node_modules\next\dist\build\webpack\loaders\next-flight-client-module-loader.js!C:\Users\zacan\Desktop\
Dev\claimshark-dashboard\node_modules\next\dist\build\webpack\loaders\next-swc-loader.js??ruleSet[1].rules[15].oneOf[5].use[1]!C:\Users\zacan\desktop\dev\claimshark-dashb
oard\node_modules\next\dist\client\components\unresolved-thenable.js|app-pages-browser
    Used by 2 module(s), i. e.
    javascript/auto|C:\Users\zacan\Desktop\Dev\claimshark-dashboard\node_modules\next\dist\build\webpack\loaders\next-flight-client-module-loader.js!C:\Users\zacan\Deskto
p\Dev\claimshark-dashboard\node_modules\next\dist\build\webpack\loaders\next-swc-loader.js??ruleSet[1].rules[15].oneOf[5].use[1]!C:\Users\zacan\desktop\dev\claimshark-das
hboard\node_modules\next\dist\client\components\app-router.js|app-pages-browser

Import trace for requested module:
./node_modules/next/dist/client/components/unresolved-thenable.js
./node_modules/next/dist/client/components/app-router.js

./node_modules/next/dist/client/components/use-reducer-with-devtools.js
There are multiple modules with names that only differ in casing.
This can lead to unexpected behavior when compiling on a filesystem with other case-semantic.
Use equal casing. Compare these module identifiers:
* javascript/auto|C:\Users\zacan\Desktop\Dev\claimshark-dashboard\node_modules\next\dist\build\webpack\loaders\next-flight-client-module-loader.js!C:\Users\zacan\Desktop\
Dev\claimshark-dashboard\node_modules\next\dist\build\webpack\loaders\next-swc-loader.js??ruleSet[1].rules[15].oneOf[5].use[1]!C:\Users\zacan\Desktop\Dev\claimshark-dashb
oard\node_modules\next\dist\client\components\use-reducer-with-devtools.js|app-pages-browser
    Used by 2 module(s), i. e.
    javascript/auto|C:\Users\zacan\Desktop\Dev\claimshark-dashboard\node_modules\next\dist\build\webpack\loaders\next-flight-client-module-loader.js!C:\Users\zacan\Deskto
p\Dev\claimshark-dashboard\node_modules\next\dist\build\webpack\loaders\next-swc-loader.js??ruleSet[1].rules[15].oneOf[5].use[1]!C:\Users\zacan\Desktop\Dev\claimshark-das
hboard\node_modules\next\dist\client\components\app-router.js|app-pages-browser
* javascript/auto|C:\Users\zacan\Desktop\Dev\claimshark-dashboard\node_modules\next\dist\build\webpack\loaders\next-flight-client-module-loader.js!C:\Users\zacan\Desktop\
Dev\claimshark-dashboard\node_modules\next\dist\build\webpack\loaders\next-swc-loader.js??ruleSet[1].rules[15].oneOf[5].use[1]!C:\Users\zacan\desktop\dev\claimshark-dashb
oard\node_modules\next\dist\client\components\use-reducer-with-devtools.js|app-pages-browser
    Used by 2 module(s), i. e.
    javascript/auto|C:\Users\zacan\Desktop\Dev\claimshark-dashboard\node_modules\next\dist\build\webpack\loaders\next-flight-client-module-loader.js!C:\Users\zacan\Deskto
p\Dev\claimshark-dashboard\node_modules\next\dist\build\webpack\loaders\next-swc-loader.js??ruleSet[1].rules[15].oneOf[5].use[1]!C:\Users\zacan\desktop\dev\claimshark-das
hboard\node_modules\next\dist\client\components\app-router.js|app-pages-browser

Import trace for requested module:
./node_modules/next/dist/client/components/use-reducer-with-devtools.js
./node_modules/next/dist/client/components/app-router.js

./node_modules/next/dist/client/has-base-path.js
There are multiple modules with names that only differ in casing.
This can lead to unexpected behavior when compiling on a filesystem with other case-semantic.
Use equal casing. Compare these module identifiers:
* javascript/auto|C:\Users\zacan\Desktop\Dev\claimshark-dashboard\node_modules\next\dist\build\webpack\loaders\next-flight-client-module-loader.js!C:\Users\zacan\Desktop\
Dev\claimshark-dashboard\node_modules\next\dist\build\webpack\loaders\next-swc-loader.js??ruleSet[1].rules[15].oneOf[5].use[1]!C:\Users\zacan\Desktop\Dev\claimshark-dashb
oard\node_modules\next\dist\client\has-base-path.js|app-pages-browser
    Used by 3 module(s), i. e.
    javascript/auto|C:\Users\zacan\Desktop\Dev\claimshark-dashboard\node_modules\next\dist\build\webpack\loaders\next-flight-client-module-loader.js!C:\Users\zacan\Deskto
p\Dev\claimshark-dashboard\node_modules\next\dist\build\webpack\loaders\next-swc-loader.js??ruleSet[1].rules[15].oneOf[5].use[1]!C:\Users\zacan\Desktop\Dev\claimshark-das
hboard\node_modules\next\dist\client\components\app-router.js|app-pages-browser
* javascript/auto|C:\Users\zacan\Desktop\Dev\claimshark-dashboard\node_modules\next\dist\build\webpack\loaders\next-flight-client-module-loader.js!C:\Users\zacan\Desktop\
Dev\claimshark-dashboard\node_modules\next\dist\build\webpack\loaders\next-swc-loader.js??ruleSet[1].rules[15].oneOf[5].use[1]!C:\Users\zacan\desktop\dev\claimshark-dashb
oard\node_modules\next\dist\client\has-base-path.js|app-pages-browser
    Used by 3 module(s), i. e.
    javascript/auto|C:\Users\zacan\Desktop\Dev\claimshark-dashboard\node_modules\next\dist\build\webpack\loaders\next-flight-client-module-loader.js!C:\Users\zacan\Deskto
p\Dev\claimshark-dashboard\node_modules\next\dist\build\webpack\loaders\next-swc-loader.js??ruleSet[1].rules[15].oneOf[5].use[1]!C:\Users\zacan\desktop\dev\claimshark-das
hboard\node_modules\next\dist\client\components\app-router.js|app-pages-browser

Import trace for requested module:
./node_modules/next/dist/client/has-base-path.js
./node_modules/next/dist/client/components/app-router.js

./node_modules/next/dist/client/normalize-trailing-slash.js
There are multiple modules with names that only differ in casing.
This can lead to unexpected behavior when compiling on a filesystem with other case-semantic.
Use equal casing. Compare these module identifiers:
* javascript/auto|C:\Users\zacan\Desktop\Dev\claimshark-dashboard\node_modules\next\dist\build\webpack\loaders\next-flight-client-module-loader.js!C:\Users\zacan\Desktop\
Dev\claimshark-dashboard\node_modules\next\dist\build\webpack\loaders\next-swc-loader.js??ruleSet[1].rules[15].oneOf[5].use[1]!C:\Users\zacan\Desktop\Dev\claimshark-dashb
oard\node_modules\next\dist\client\normalize-trailing-slash.js|app-pages-browser
    Used by 2 module(s), i. e.
    javascript/auto|C:\Users\zacan\Desktop\Dev\claimshark-dashboard\node_modules\next\dist\build\webpack\loaders\next-flight-client-module-loader.js!C:\Users\zacan\Deskto
p\Dev\claimshark-dashboard\node_modules\next\dist\build\webpack\loaders\next-swc-loader.js??ruleSet[1].rules[15].oneOf[5].use[1]!C:\Users\zacan\Desktop\Dev\claimshark-das
hboard\node_modules\next\dist\client\add-base-path.js|app-pages-browser
* javascript/auto|C:\Users\zacan\Desktop\Dev\claimshark-dashboard\node_modules\next\dist\build\webpack\loaders\next-flight-client-module-loader.js!C:\Users\zacan\Desktop\
Dev\claimshark-dashboard\node_modules\next\dist\build\webpack\loaders\next-swc-loader.js??ruleSet[1].rules[15].oneOf[5].use[1]!C:\Users\zacan\desktop\dev\claimshark-dashb
oard\node_modules\next\dist\client\normalize-trailing-slash.js|app-pages-browser
    Used by 2 module(s), i. e.
    javascript/auto|C:\Users\zacan\Desktop\Dev\claimshark-dashboard\node_modules\next\dist\build\webpack\loaders\next-flight-client-module-loader.js!C:\Users\zacan\Deskto
p\Dev\claimshark-dashboard\node_modules\next\dist\build\webpack\loaders\next-swc-loader.js??ruleSet[1].rules[15].oneOf[5].use[1]!C:\Users\zacan\desktop\dev\claimshark-das
hboard\node_modules\next\dist\client\add-base-path.js|app-pages-browser

Import trace for requested module:
./node_modules/next/dist/client/normalize-trailing-slash.js
./node_modules/next/dist/client/add-base-path.js
./node_modules/next/dist/client/components/app-router.js

./node_modules/next/dist/client/remove-base-path.js
There are multiple modules with names that only differ in casing.
This can lead to unexpected behavior when compiling on a filesystem with other case-semantic.
Use equal casing. Compare these module identifiers:
* javascript/auto|C:\Users\zacan\Desktop\Dev\claimshark-dashboard\node_modules\next\dist\build\webpack\loaders\next-flight-client-module-loader.js!C:\Users\zacan\Desktop\
Dev\claimshark-dashboard\node_modules\next\dist\build\webpack\loaders\next-swc-loader.js??ruleSet[1].rules[15].oneOf[5].use[1]!C:\Users\zacan\Desktop\Dev\claimshark-dashb
oard\node_modules\next\dist\client\remove-base-path.js|app-pages-browser
    Used by 2 module(s), i. e.
    javascript/auto|C:\Users\zacan\Desktop\Dev\claimshark-dashboard\node_modules\next\dist\build\webpack\loaders\next-flight-client-module-loader.js!C:\Users\zacan\Deskto
p\Dev\claimshark-dashboard\node_modules\next\dist\build\webpack\loaders\next-swc-loader.js??ruleSet[1].rules[15].oneOf[5].use[1]!C:\Users\zacan\Desktop\Dev\claimshark-das
hboard\node_modules\next\dist\client\components\app-router.js|app-pages-browser
* javascript/auto|C:\Users\zacan\Desktop\Dev\claimshark-dashboard\node_modules\next\dist\build\webpack\loaders\next-flight-client-module-loader.js!C:\Users\zacan\Desktop\
Dev\claimshark-dashboard\node_modules\next\dist\build\webpack\loaders\next-swc-loader.js??ruleSet[1].rules[15].oneOf[5].use[1]!C:\Users\zacan\desktop\dev\claimshark-dashb
oard\node_modules\next\dist\client\remove-base-path.js|app-pages-browser
    Used by 2 module(s), i. e.
    javascript/auto|C:\Users\zacan\Desktop\Dev\claimshark-dashboard\node_modules\next\dist\build\webpack\loaders\next-flight-client-module-loader.js!C:\Users\zacan\Deskto
p\Dev\claimshark-dashboard\node_modules\next\dist\build\webpack\loaders\next-swc-loader.js??ruleSet[1].rules[15].oneOf[5].use[1]!C:\Users\zacan\desktop\dev\claimshark-das
hboard\node_modules\next\dist\client\components\app-router.js|app-pages-browser

Import trace for requested module:
./node_modules/next/dist/client/remove-base-path.js
./node_modules/next/dist/client/components/app-router.js

./node_modules/next/dist/server/app-render/get-segment-param.js
There are multiple modules with names that only differ in casing.
This can lead to unexpected behavior when compiling on a filesystem with other case-semantic.
Use equal casing. Compare these module identifiers:
* javascript/auto|C:\Users\zacan\Desktop\Dev\claimshark-dashboard\node_modules\next\dist\build\webpack\loaders\next-flight-client-module-loader.js!C:\Users\zacan\Desktop\
Dev\claimshark-dashboard\node_modules\next\dist\build\webpack\loaders\next-swc-loader.js??ruleSet[1].rules[15].oneOf[5].use[1]!C:\Users\zacan\Desktop\Dev\claimshark-dashb
oard\node_modules\next\dist\server\app-render\get-segment-param.js|app-pages-browser
    Used by 1 module(s), i. e.
    javascript/auto|C:\Users\zacan\Desktop\Dev\claimshark-dashboard\node_modules\next\dist\build\webpack\loaders\next-flight-client-module-loader.js!C:\Users\zacan\Deskto
p\Dev\claimshark-dashboard\node_modules\next\dist\build\webpack\loaders\next-swc-loader.js??ruleSet[1].rules[15].oneOf[5].use[1]!C:\Users\zacan\Desktop\Dev\claimshark-das
hboard\node_modules\next\dist\client\components\match-segments.js|app-pages-browser
* javascript/auto|C:\Users\zacan\Desktop\Dev\claimshark-dashboard\node_modules\next\dist\build\webpack\loaders\next-flight-client-module-loader.js!C:\Users\zacan\Desktop\
Dev\claimshark-dashboard\node_modules\next\dist\build\webpack\loaders\next-swc-loader.js??ruleSet[1].rules[15].oneOf[5].use[1]!C:\Users\zacan\desktop\dev\claimshark-dashb
oard\node_modules\next\dist\server\app-render\get-segment-param.js|app-pages-browser
    Used by 1 module(s), i. e.
    javascript/auto|C:\Users\zacan\Desktop\Dev\claimshark-dashboard\node_modules\next\dist\build\webpack\loaders\next-flight-client-module-loader.js!C:\Users\zacan\Deskto
p\Dev\claimshark-dashboard\node_modules\next\dist\build\webpack\loaders\next-swc-loader.js??ruleSet[1].rules[15].oneOf[5].use[1]!C:\Users\zacan\desktop\dev\claimshark-das
hboard\node_modules\next\dist\client\components\match-segments.js|app-pages-browser

Import trace for requested module:
./node_modules/next/dist/server/app-render/get-segment-param.js
./node_modules/next/dist/client/components/match-segments.js
./node_modules/next/dist/client/components/layout-router.js

./node_modules/next/dist/server/future/helpers/interception-routes.js
There are multiple modules with names that only differ in casing.
This can lead to unexpected behavior when compiling on a filesystem with other case-semantic.
Use equal casing. Compare these module identifiers:
* javascript/auto|C:\Users\zacan\Desktop\Dev\claimshark-dashboard\node_modules\next\dist\build\webpack\loaders\next-flight-client-module-loader.js!C:\Users\zacan\Desktop\
Dev\claimshark-dashboard\node_modules\next\dist\build\webpack\loaders\next-swc-loader.js??ruleSet[1].rules[15].oneOf[5].use[1]!C:\Users\zacan\Desktop\Dev\claimshark-dashb
oard\node_modules\next\dist\server\future\helpers\interception-routes.js|app-pages-browser
    Used by 4 module(s), i. e.
    javascript/auto|C:\Users\zacan\Desktop\Dev\claimshark-dashboard\node_modules\next\dist\build\webpack\loaders\next-flight-client-module-loader.js!C:\Users\zacan\Deskto
p\Dev\claimshark-dashboard\node_modules\next\dist\build\webpack\loaders\next-swc-loader.js??ruleSet[1].rules[15].oneOf[5].use[1]!C:\Users\zacan\Desktop\Dev\claimshark-das
hboard\node_modules\next\dist\client\components\router-reducer\reducers\has-interception-route-in-current-tree.js|app-pages-browser
* javascript/auto|C:\Users\zacan\Desktop\Dev\claimshark-dashboard\node_modules\next\dist\build\webpack\loaders\next-flight-client-module-loader.js!C:\Users\zacan\Desktop\
Dev\claimshark-dashboard\node_modules\next\dist\build\webpack\loaders\next-swc-loader.js??ruleSet[1].rules[15].oneOf[5].use[1]!C:\Users\zacan\desktop\dev\claimshark-dashb
oard\node_modules\next\dist\server\future\helpers\interception-routes.js|app-pages-browser
    Used by 4 module(s), i. e.
    javascript/auto|C:\Users\zacan\Desktop\Dev\claimshark-dashboard\node_modules\next\dist\build\webpack\loaders\next-flight-client-module-loader.js!C:\Users\zacan\Deskto
p\Dev\claimshark-dashboard\node_modules\next\dist\build\webpack\loaders\next-swc-loader.js??ruleSet[1].rules[15].oneOf[5].use[1]!C:\Users\zacan\desktop\dev\claimshark-das
hboard\node_modules\next\dist\client\components\router-reducer\compute-changed-path.js|app-pages-browser

Import trace for requested module:
./node_modules/next/dist/server/future/helpers/interception-routes.js
./node_modules/next/dist/client/components/router-reducer/reducers/has-interception-route-in-current-tree.js
./node_modules/next/dist/client/components/layout-router.js

./node_modules/next/dist/shared/lib/app-router-context.shared-runtime.js
There are multiple modules with names that only differ in casing.
This can lead to unexpected behavior when compiling on a filesystem with other case-semantic.
Use equal casing. Compare these module identifiers:
* javascript/auto|C:\Users\zacan\Desktop\Dev\claimshark-dashboard\node_modules\next\dist\build\webpack\loaders\next-flight-client-module-loader.js!C:\Users\zacan\Desktop\
Dev\claimshark-dashboard\node_modules\next\dist\build\webpack\loaders\next-swc-loader.js??ruleSet[1].rules[15].oneOf[5].use[1]!C:\Users\zacan\Desktop\Dev\claimshark-dashb
oard\node_modules\next\dist\shared\lib\app-router-context.shared-runtime.js|app-pages-browser
    Used by 6 module(s), i. e.
    javascript/auto|C:\Users\zacan\Desktop\Dev\claimshark-dashboard\node_modules\next\dist\build\webpack\loaders\next-flight-client-module-loader.js!C:\Users\zacan\Deskto
p\Dev\claimshark-dashboard\node_modules\next\dist\build\webpack\loaders\next-swc-loader.js??ruleSet[1].rules[15].oneOf[5].use[1]!C:\Users\zacan\Desktop\Dev\claimshark-das
hboard\node_modules\next\dist\client\components\app-router.js|app-pages-browser
* javascript/auto|C:\Users\zacan\Desktop\Dev\claimshark-dashboard\node_modules\next\dist\build\webpack\loaders\next-flight-client-module-loader.js!C:\Users\zacan\Desktop\
Dev\claimshark-dashboard\node_modules\next\dist\build\webpack\loaders\next-swc-loader.js??ruleSet[1].rules[15].oneOf[5].use[1]!C:\Users\zacan\desktop\dev\claimshark-dashb
oard\node_modules\next\dist\shared\lib\app-router-context.shared-runtime.js|app-pages-browser
    Used by 3 module(s), i. e.
    javascript/auto|C:\Users\zacan\Desktop\Dev\claimshark-dashboard\node_modules\next\dist\build\webpack\loaders\next-flight-client-module-loader.js!C:\Users\zacan\Deskto
p\Dev\claimshark-dashboard\node_modules\next\dist\build\webpack\loaders\next-swc-loader.js??ruleSet[1].rules[15].oneOf[5].use[1]!C:\Users\zacan\desktop\dev\claimshark-das
hboard\node_modules\next\dist\client\components\app-router.js|app-pages-browser

Import trace for requested module:
./node_modules/next/dist/shared/lib/app-router-context.shared-runtime.js
./node_modules/next/dist/client/components/app-router.js

./node_modules/next/dist/shared/lib/hash.js
There are multiple modules with names that only differ in casing.
This can lead to unexpected behavior when compiling on a filesystem with other case-semantic.
Use equal casing. Compare these module identifiers:
* javascript/auto|C:\Users\zacan\Desktop\Dev\claimshark-dashboard\node_modules\next\dist\build\webpack\loaders\next-flight-client-module-loader.js!C:\Users\zacan\Desktop\
Dev\claimshark-dashboard\node_modules\next\dist\build\webpack\loaders\next-swc-loader.js??ruleSet[1].rules[15].oneOf[5].use[1]!C:\Users\zacan\Desktop\Dev\claimshark-dashb
oard\node_modules\next\dist\shared\lib\hash.js|app-pages-browser
    Used by 2 module(s), i. e.
    javascript/auto|C:\Users\zacan\Desktop\Dev\claimshark-dashboard\node_modules\next\dist\build\webpack\loaders\next-flight-client-module-loader.js!C:\Users\zacan\Deskto
p\Dev\claimshark-dashboard\node_modules\next\dist\build\webpack\loaders\next-swc-loader.js??ruleSet[1].rules[15].oneOf[5].use[1]!C:\Users\zacan\Desktop\Dev\claimshark-das
hboard\node_modules\next\dist\client\components\router-reducer\fetch-server-response.js|app-pages-browser
* javascript/auto|C:\Users\zacan\Desktop\Dev\claimshark-dashboard\node_modules\next\dist\build\webpack\loaders\next-flight-client-module-loader.js!C:\Users\zacan\Desktop\
Dev\claimshark-dashboard\node_modules\next\dist\build\webpack\loaders\next-swc-loader.js??ruleSet[1].rules[15].oneOf[5].use[1]!C:\Users\zacan\desktop\dev\claimshark-dashb
oard\node_modules\next\dist\shared\lib\hash.js|app-pages-browser
    Used by 2 module(s), i. e.
    javascript/auto|C:\Users\zacan\Desktop\Dev\claimshark-dashboard\node_modules\next\dist\build\webpack\loaders\next-flight-client-module-loader.js!C:\Users\zacan\Deskto
p\Dev\claimshark-dashboard\node_modules\next\dist\build\webpack\loaders\next-swc-loader.js??ruleSet[1].rules[15].oneOf[5].use[1]!C:\Users\zacan\desktop\dev\claimshark-das
hboard\node_modules\next\dist\client\components\router-reducer\fetch-server-response.js|app-pages-browser

Import trace for requested module:
./node_modules/next/dist/shared/lib/hash.js
./node_modules/next/dist/client/components/router-reducer/fetch-server-response.js
./node_modules/next/dist/client/components/layout-router.js

./node_modules/next/dist/shared/lib/head-manager-context.shared-runtime.js
There are multiple modules with names that only differ in casing.
This can lead to unexpected behavior when compiling on a filesystem with other case-semantic.
Use equal casing. Compare these module identifiers:
* javascript/auto|C:\Users\zacan\Desktop\Dev\claimshark-dashboard\node_modules\next\dist\build\webpack\loaders\next-flight-client-module-loader.js!C:\Users\zacan\Desktop\
Dev\claimshark-dashboard\node_modules\next\dist\build\webpack\loaders\next-swc-loader.js??ruleSet[1].rules[15].oneOf[5].use[1]!C:\Users\zacan\Desktop\Dev\claimshark-dashb
oard\node_modules\next\dist\shared\lib\head-manager-context.shared-runtime.js|app-pages-browser
    Used by 1 module(s), i. e.
    javascript/auto|C:\Users\zacan\Desktop\Dev\claimshark-dashboard\node_modules\next\dist\build\webpack\loaders\next-flight-client-module-loader.js!C:\Users\zacan\Deskto
p\Dev\claimshark-dashboard\node_modules\next\dist\build\webpack\loaders\next-swc-loader.js??ruleSet[1].rules[15].oneOf[5].use[1]!C:\Users\zacan\Desktop\Dev\claimshark-das
hboard\node_modules\next\dist\shared\lib\head.js|app-pages-browser
* javascript/auto|C:\Users\zacan\Desktop\Dev\claimshark-dashboard\node_modules\next\dist\build\webpack\loaders\next-flight-client-module-loader.js!C:\Users\zacan\Desktop\
Dev\claimshark-dashboard\node_modules\next\dist\build\webpack\loaders\next-swc-loader.js??ruleSet[1].rules[15].oneOf[5].use[1]!C:\Users\zacan\desktop\dev\claimshark-dashb
oard\node_modules\next\dist\shared\lib\head-manager-context.shared-runtime.js|app-pages-browser
    Used by 1 module(s), i. e.
    javascript/auto|C:\Users\zacan\Desktop\Dev\claimshark-dashboard\node_modules\next\dist\build\webpack\loaders\next-flight-client-module-loader.js!C:\Users\zacan\Deskto
p\Dev\claimshark-dashboard\node_modules\next\dist\build\webpack\loaders\next-swc-loader.js??ruleSet[1].rules[15].oneOf[5].use[1]!C:\Users\zacan\desktop\dev\claimshark-das
hboard\node_modules\next\dist\client\app-index.js|app-pages-browser

Import trace for requested module:
./node_modules/next/dist/shared/lib/head-manager-context.shared-runtime.js
./node_modules/next/dist/shared/lib/head.js
./node_modules/next/dist/client/image-component.js
./node_modules/next/dist/shared/lib/image-external.js
./node_modules/next/dist/api/image.js
./src/components/ClaimSharkDashboard.tsx
./src/components/ClientClaimSharkDashboard.tsx

./node_modules/next/dist/shared/lib/hooks-client-context.shared-runtime.js
There are multiple modules with names that only differ in casing.
This can lead to unexpected behavior when compiling on a filesystem with other case-semantic.
Use equal casing. Compare these module identifiers:
* javascript/auto|C:\Users\zacan\Desktop\Dev\claimshark-dashboard\node_modules\next\dist\build\webpack\loaders\next-flight-client-module-loader.js!C:\Users\zacan\Desktop\
Dev\claimshark-dashboard\node_modules\next\dist\build\webpack\loaders\next-swc-loader.js??ruleSet[1].rules[15].oneOf[5].use[1]!C:\Users\zacan\Desktop\Dev\claimshark-dashb
oard\node_modules\next\dist\shared\lib\hooks-client-context.shared-runtime.js|app-pages-browser
    Used by 3 module(s), i. e.
    javascript/auto|C:\Users\zacan\Desktop\Dev\claimshark-dashboard\node_modules\next\dist\build\webpack\loaders\next-flight-client-module-loader.js!C:\Users\zacan\Deskto
p\Dev\claimshark-dashboard\node_modules\next\dist\build\webpack\loaders\next-swc-loader.js??ruleSet[1].rules[15].oneOf[5].use[1]!C:\Users\zacan\Desktop\Dev\claimshark-das
hboard\node_modules\next\dist\client\components\app-router.js|app-pages-browser
* javascript/auto|C:\Users\zacan\Desktop\Dev\claimshark-dashboard\node_modules\next\dist\build\webpack\loaders\next-flight-client-module-loader.js!C:\Users\zacan\Desktop\
Dev\claimshark-dashboard\node_modules\next\dist\build\webpack\loaders\next-swc-loader.js??ruleSet[1].rules[15].oneOf[5].use[1]!C:\Users\zacan\desktop\dev\claimshark-dashb
oard\node_modules\next\dist\shared\lib\hooks-client-context.shared-runtime.js|app-pages-browser
    Used by 3 module(s), i. e.
    javascript/auto|C:\Users\zacan\Desktop\Dev\claimshark-dashboard\node_modules\next\dist\build\webpack\loaders\next-flight-client-module-loader.js!C:\Users\zacan\Deskto
p\Dev\claimshark-dashboard\node_modules\next\dist\build\webpack\loaders\next-swc-loader.js??ruleSet[1].rules[15].oneOf[5].use[1]!C:\Users\zacan\desktop\dev\claimshark-das
hboard\node_modules\next\dist\client\components\app-router.js|app-pages-browser

Import trace for requested module:
./node_modules/next/dist/shared/lib/hooks-client-context.shared-runtime.js
./node_modules/next/dist/client/components/app-router.js

./node_modules/next/dist/shared/lib/lazy-dynamic/bailout-to-csr.js
There are multiple modules with names that only differ in casing.
This can lead to unexpected behavior when compiling on a filesystem with other case-semantic.
Use equal casing. Compare these module identifiers:
* javascript/auto|C:\Users\zacan\Desktop\Dev\claimshark-dashboard\node_modules\next\dist\build\webpack\loaders\next-flight-client-module-loader.js!C:\Users\zacan\Desktop\
Dev\claimshark-dashboard\node_modules\next\dist\build\webpack\loaders\next-swc-loader.js??ruleSet[1].rules[15].oneOf[5].use[1]!C:\Users\zacan\Desktop\Dev\claimshark-dashb
oard\node_modules\next\dist\shared\lib\lazy-dynamic\bailout-to-csr.js|app-pages-browser
    Used by 2 module(s), i. e.
    javascript/auto|C:\Users\zacan\Desktop\Dev\claimshark-dashboard\node_modules\next\dist\build\webpack\loaders\next-flight-client-module-loader.js!C:\Users\zacan\Deskto
p\Dev\claimshark-dashboard\node_modules\next\dist\build\webpack\loaders\next-swc-loader.js??ruleSet[1].rules[15].oneOf[5].use[1]!C:\Users\zacan\Desktop\Dev\claimshark-das
hboard\node_modules\next\dist\client\components\bailout-to-client-rendering.js|app-pages-browser
* javascript/auto|C:\Users\zacan\Desktop\Dev\claimshark-dashboard\node_modules\next\dist\build\webpack\loaders\next-flight-client-module-loader.js!C:\Users\zacan\Desktop\
Dev\claimshark-dashboard\node_modules\next\dist\build\webpack\loaders\next-swc-loader.js??ruleSet[1].rules[15].oneOf[5].use[1]!C:\Users\zacan\desktop\dev\claimshark-dashb
oard\node_modules\next\dist\shared\lib\lazy-dynamic\bailout-to-csr.js|app-pages-browser
    Used by 3 module(s), i. e.
    javascript/auto|C:\Users\zacan\Desktop\Dev\claimshark-dashboard\node_modules\next\dist\build\webpack\loaders\next-flight-client-module-loader.js!C:\Users\zacan\Deskto
p\Dev\claimshark-dashboard\node_modules\next\dist\build\webpack\loaders\next-swc-loader.js??ruleSet[1].rules[15].oneOf[5].use[1]!C:\Users\zacan\desktop\dev\claimshark-das
hboard\node_modules\next\dist\client\on-recoverable-error.js|app-pages-browser

Import trace for requested module:
./node_modules/next/dist/shared/lib/lazy-dynamic/bailout-to-csr.js
./node_modules/next/dist/client/components/bailout-to-client-rendering.js
./node_modules/next/dist/client/components/navigation.js
./node_modules/next/dist/client/components/error-boundary.js

./node_modules/next/dist/shared/lib/page-path/ensure-leading-slash.js
There are multiple modules with names that only differ in casing.
This can lead to unexpected behavior when compiling on a filesystem with other case-semantic.
Use equal casing. Compare these module identifiers:
* javascript/auto|C:\Users\zacan\Desktop\Dev\claimshark-dashboard\node_modules\next\dist\build\webpack\loaders\next-flight-client-module-loader.js!C:\Users\zacan\Desktop\
Dev\claimshark-dashboard\node_modules\next\dist\build\webpack\loaders\next-swc-loader.js??ruleSet[1].rules[15].oneOf[5].use[1]!C:\Users\zacan\Desktop\Dev\claimshark-dashb
oard\node_modules\next\dist\shared\lib\page-path\ensure-leading-slash.js|app-pages-browser
    Used by 1 module(s), i. e.
    javascript/auto|C:\Users\zacan\Desktop\Dev\claimshark-dashboard\node_modules\next\dist\build\webpack\loaders\next-flight-client-module-loader.js!C:\Users\zacan\Deskto
p\Dev\claimshark-dashboard\node_modules\next\dist\build\webpack\loaders\next-swc-loader.js??ruleSet[1].rules[15].oneOf[5].use[1]!C:\Users\zacan\Desktop\Dev\claimshark-das
hboard\node_modules\next\dist\shared\lib\router\utils\app-paths.js|app-pages-browser
* javascript/auto|C:\Users\zacan\Desktop\Dev\claimshark-dashboard\node_modules\next\dist\build\webpack\loaders\next-flight-client-module-loader.js!C:\Users\zacan\Desktop\
Dev\claimshark-dashboard\node_modules\next\dist\build\webpack\loaders\next-swc-loader.js??ruleSet[1].rules[15].oneOf[5].use[1]!C:\Users\zacan\desktop\dev\claimshark-dashb
oard\node_modules\next\dist\shared\lib\page-path\ensure-leading-slash.js|app-pages-browser
    Used by 1 module(s), i. e.
    javascript/auto|C:\Users\zacan\Desktop\Dev\claimshark-dashboard\node_modules\next\dist\build\webpack\loaders\next-flight-client-module-loader.js!C:\Users\zacan\Deskto
p\Dev\claimshark-dashboard\node_modules\next\dist\build\webpack\loaders\next-swc-loader.js??ruleSet[1].rules[15].oneOf[5].use[1]!C:\Users\zacan\desktop\dev\claimshark-das
hboard\node_modules\next\dist\shared\lib\router\utils\app-paths.js|app-pages-browser

Import trace for requested module:
./node_modules/next/dist/shared/lib/page-path/ensure-leading-slash.js
./node_modules/next/dist/shared/lib/router/utils/app-paths.js
./node_modules/next/dist/server/future/helpers/interception-routes.js
./node_modules/next/dist/client/components/router-reducer/reducers/has-interception-route-in-current-tree.js
./node_modules/next/dist/client/components/layout-router.js

./node_modules/next/dist/shared/lib/router/action-queue.js
There are multiple modules with names that only differ in casing.
This can lead to unexpected behavior when compiling on a filesystem with other case-semantic.
Use equal casing. Compare these module identifiers:
* javascript/auto|C:\Users\zacan\Desktop\Dev\claimshark-dashboard\node_modules\next\dist\build\webpack\loaders\next-flight-client-module-loader.js!C:\Users\zacan\Desktop\
Dev\claimshark-dashboard\node_modules\next\dist\build\webpack\loaders\next-swc-loader.js??ruleSet[1].rules[15].oneOf[5].use[1]!C:\Users\zacan\Desktop\Dev\claimshark-dashb
oard\node_modules\next\dist\shared\lib\router\action-queue.js|app-pages-browser
    Used by 2 module(s), i. e.
    javascript/auto|C:\Users\zacan\Desktop\Dev\claimshark-dashboard\node_modules\next\dist\build\webpack\loaders\next-flight-client-module-loader.js!C:\Users\zacan\Deskto
p\Dev\claimshark-dashboard\node_modules\next\dist\build\webpack\loaders\next-swc-loader.js??ruleSet[1].rules[15].oneOf[5].use[1]!C:\Users\zacan\Desktop\Dev\claimshark-das
hboard\node_modules\next\dist\client\components\use-reducer-with-devtools.js|app-pages-browser
* javascript/auto|C:\Users\zacan\Desktop\Dev\claimshark-dashboard\node_modules\next\dist\build\webpack\loaders\next-flight-client-module-loader.js!C:\Users\zacan\Desktop\
Dev\claimshark-dashboard\node_modules\next\dist\build\webpack\loaders\next-swc-loader.js??ruleSet[1].rules[15].oneOf[5].use[1]!C:\Users\zacan\desktop\dev\claimshark-dashb
oard\node_modules\next\dist\shared\lib\router\action-queue.js|app-pages-browser
    Used by 3 module(s), i. e.
    javascript/auto|C:\Users\zacan\Desktop\Dev\claimshark-dashboard\node_modules\next\dist\build\webpack\loaders\next-flight-client-module-loader.js!C:\Users\zacan\Deskto
p\Dev\claimshark-dashboard\node_modules\next\dist\build\webpack\loaders\next-swc-loader.js??ruleSet[1].rules[15].oneOf[5].use[1]!C:\Users\zacan\desktop\dev\claimshark-das
hboard\node_modules\next\dist\client\app-index.js|app-pages-browser

Import trace for requested module:
./node_modules/next/dist/shared/lib/router/action-queue.js
./node_modules/next/dist/client/components/use-reducer-with-devtools.js
./node_modules/next/dist/client/components/app-router.js

./node_modules/next/dist/shared/lib/router/utils/add-path-prefix.js
There are multiple modules with names that only differ in casing.
This can lead to unexpected behavior when compiling on a filesystem with other case-semantic.
Use equal casing. Compare these module identifiers:
* javascript/auto|C:\Users\zacan\Desktop\Dev\claimshark-dashboard\node_modules\next\dist\build\webpack\loaders\next-flight-client-module-loader.js!C:\Users\zacan\Desktop\
Dev\claimshark-dashboard\node_modules\next\dist\build\webpack\loaders\next-swc-loader.js??ruleSet[1].rules[15].oneOf[5].use[1]!C:\Users\zacan\Desktop\Dev\claimshark-dashb
oard\node_modules\next\dist\shared\lib\router\utils\add-path-prefix.js|app-pages-browser
    Used by 1 module(s), i. e.
    javascript/auto|C:\Users\zacan\Desktop\Dev\claimshark-dashboard\node_modules\next\dist\build\webpack\loaders\next-flight-client-module-loader.js!C:\Users\zacan\Deskto
p\Dev\claimshark-dashboard\node_modules\next\dist\build\webpack\loaders\next-swc-loader.js??ruleSet[1].rules[15].oneOf[5].use[1]!C:\Users\zacan\Desktop\Dev\claimshark-das
hboard\node_modules\next\dist\client\add-base-path.js|app-pages-browser
* javascript/auto|C:\Users\zacan\Desktop\Dev\claimshark-dashboard\node_modules\next\dist\build\webpack\loaders\next-flight-client-module-loader.js!C:\Users\zacan\Desktop\
Dev\claimshark-dashboard\node_modules\next\dist\build\webpack\loaders\next-swc-loader.js??ruleSet[1].rules[15].oneOf[5].use[1]!C:\Users\zacan\desktop\dev\claimshark-dashb
oard\node_modules\next\dist\shared\lib\router\utils\add-path-prefix.js|app-pages-browser
    Used by 1 module(s), i. e.
    javascript/auto|C:\Users\zacan\Desktop\Dev\claimshark-dashboard\node_modules\next\dist\build\webpack\loaders\next-flight-client-module-loader.js!C:\Users\zacan\Deskto
p\Dev\claimshark-dashboard\node_modules\next\dist\build\webpack\loaders\next-swc-loader.js??ruleSet[1].rules[15].oneOf[5].use[1]!C:\Users\zacan\desktop\dev\claimshark-das
hboard\node_modules\next\dist\client\add-base-path.js|app-pages-browser

Import trace for requested module:
./node_modules/next/dist/shared/lib/router/utils/add-path-prefix.js
./node_modules/next/dist/client/add-base-path.js
./node_modules/next/dist/client/components/app-router.js

./node_modules/next/dist/shared/lib/router/utils/app-paths.js
There are multiple modules with names that only differ in casing.
This can lead to unexpected behavior when compiling on a filesystem with other case-semantic.
Use equal casing. Compare these module identifiers:
* javascript/auto|C:\Users\zacan\Desktop\Dev\claimshark-dashboard\node_modules\next\dist\build\webpack\loaders\next-flight-client-module-loader.js!C:\Users\zacan\Desktop\
Dev\claimshark-dashboard\node_modules\next\dist\build\webpack\loaders\next-swc-loader.js??ruleSet[1].rules[15].oneOf[5].use[1]!C:\Users\zacan\Desktop\Dev\claimshark-dashb
oard\node_modules\next\dist\shared\lib\router\utils\app-paths.js|app-pages-browser
    Used by 2 module(s), i. e.
    javascript/auto|C:\Users\zacan\Desktop\Dev\claimshark-dashboard\node_modules\next\dist\build\webpack\loaders\next-flight-client-module-loader.js!C:\Users\zacan\Deskto
p\Dev\claimshark-dashboard\node_modules\next\dist\build\webpack\loaders\next-swc-loader.js??ruleSet[1].rules[15].oneOf[5].use[1]!C:\Users\zacan\Desktop\Dev\claimshark-das
hboard\node_modules\next\dist\server\future\helpers\interception-routes.js|app-pages-browser
* javascript/auto|C:\Users\zacan\Desktop\Dev\claimshark-dashboard\node_modules\next\dist\build\webpack\loaders\next-flight-client-module-loader.js!C:\Users\zacan\Desktop\
Dev\claimshark-dashboard\node_modules\next\dist\build\webpack\loaders\next-swc-loader.js??ruleSet[1].rules[15].oneOf[5].use[1]!C:\Users\zacan\desktop\dev\claimshark-dashb
oard\node_modules\next\dist\shared\lib\router\utils\app-paths.js|app-pages-browser
    Used by 2 module(s), i. e.
    javascript/auto|C:\Users\zacan\Desktop\Dev\claimshark-dashboard\node_modules\next\dist\build\webpack\loaders\next-flight-client-module-loader.js!C:\Users\zacan\Deskto
p\Dev\claimshark-dashboard\node_modules\next\dist\build\webpack\loaders\next-swc-loader.js??ruleSet[1].rules[15].oneOf[5].use[1]!C:\Users\zacan\desktop\dev\claimshark-das
hboard\node_modules\next\dist\server\future\helpers\interception-routes.js|app-pages-browser

Import trace for requested module:
./node_modules/next/dist/shared/lib/router/utils/app-paths.js
./node_modules/next/dist/server/future/helpers/interception-routes.js
./node_modules/next/dist/client/components/router-reducer/reducers/has-interception-route-in-current-tree.js
./node_modules/next/dist/client/components/layout-router.js

./node_modules/next/dist/shared/lib/router/utils/is-bot.js
There are multiple modules with names that only differ in casing.
This can lead to unexpected behavior when compiling on a filesystem with other case-semantic.
Use equal casing. Compare these module identifiers:
* javascript/auto|C:\Users\zacan\Desktop\Dev\claimshark-dashboard\node_modules\next\dist\build\webpack\loaders\next-flight-client-module-loader.js!C:\Users\zacan\Desktop\
Dev\claimshark-dashboard\node_modules\next\dist\build\webpack\loaders\next-swc-loader.js??ruleSet[1].rules[15].oneOf[5].use[1]!C:\Users\zacan\Desktop\Dev\claimshark-dashb
oard\node_modules\next\dist\shared\lib\router\utils\is-bot.js|app-pages-browser
    Used by 1 module(s), i. e.
    javascript/auto|C:\Users\zacan\Desktop\Dev\claimshark-dashboard\node_modules\next\dist\build\webpack\loaders\next-flight-client-module-loader.js!C:\Users\zacan\Deskto
p\Dev\claimshark-dashboard\node_modules\next\dist\build\webpack\loaders\next-swc-loader.js??ruleSet[1].rules[15].oneOf[5].use[1]!C:\Users\zacan\Desktop\Dev\claimshark-das
hboard\node_modules\next\dist\client\components\app-router.js|app-pages-browser
* javascript/auto|C:\Users\zacan\Desktop\Dev\claimshark-dashboard\node_modules\next\dist\build\webpack\loaders\next-flight-client-module-loader.js!C:\Users\zacan\Desktop\
Dev\claimshark-dashboard\node_modules\next\dist\build\webpack\loaders\next-swc-loader.js??ruleSet[1].rules[15].oneOf[5].use[1]!C:\Users\zacan\desktop\dev\claimshark-dashb
oard\node_modules\next\dist\shared\lib\router\utils\is-bot.js|app-pages-browser
    Used by 1 module(s), i. e.
    javascript/auto|C:\Users\zacan\Desktop\Dev\claimshark-dashboard\node_modules\next\dist\build\webpack\loaders\next-flight-client-module-loader.js!C:\Users\zacan\Deskto
p\Dev\claimshark-dashboard\node_modules\next\dist\build\webpack\loaders\next-swc-loader.js??ruleSet[1].rules[15].oneOf[5].use[1]!C:\Users\zacan\desktop\dev\claimshark-das
hboard\node_modules\next\dist\client\components\app-router.js|app-pages-browser

Import trace for requested module:
./node_modules/next/dist/shared/lib/router/utils/is-bot.js
./node_modules/next/dist/client/components/app-router.js

./node_modules/next/dist/shared/lib/router/utils/parse-path.js
There are multiple modules with names that only differ in casing.
This can lead to unexpected behavior when compiling on a filesystem with other case-semantic.
Use equal casing. Compare these module identifiers:
* javascript/auto|C:\Users\zacan\Desktop\Dev\claimshark-dashboard\node_modules\next\dist\build\webpack\loaders\next-flight-client-module-loader.js!C:\Users\zacan\Desktop\
Dev\claimshark-dashboard\node_modules\next\dist\build\webpack\loaders\next-swc-loader.js??ruleSet[1].rules[15].oneOf[5].use[1]!C:\Users\zacan\Desktop\Dev\claimshark-dashb
oard\node_modules\next\dist\shared\lib\router\utils\parse-path.js|app-pages-browser
    Used by 3 module(s), i. e.
    javascript/auto|C:\Users\zacan\Desktop\Dev\claimshark-dashboard\node_modules\next\dist\build\webpack\loaders\next-flight-client-module-loader.js!C:\Users\zacan\Deskto
p\Dev\claimshark-dashboard\node_modules\next\dist\build\webpack\loaders\next-swc-loader.js??ruleSet[1].rules[15].oneOf[5].use[1]!C:\Users\zacan\Desktop\Dev\claimshark-das
hboard\node_modules\next\dist\shared\lib\router\utils\add-path-prefix.js|app-pages-browser
* javascript/auto|C:\Users\zacan\Desktop\Dev\claimshark-dashboard\node_modules\next\dist\build\webpack\loaders\next-flight-client-module-loader.js!C:\Users\zacan\Desktop\
Dev\claimshark-dashboard\node_modules\next\dist\build\webpack\loaders\next-swc-loader.js??ruleSet[1].rules[15].oneOf[5].use[1]!C:\Users\zacan\desktop\dev\claimshark-dashb
oard\node_modules\next\dist\shared\lib\router\utils\parse-path.js|app-pages-browser
    Used by 3 module(s), i. e.
    javascript/auto|C:\Users\zacan\Desktop\Dev\claimshark-dashboard\node_modules\next\dist\build\webpack\loaders\next-flight-client-module-loader.js!C:\Users\zacan\Deskto
p\Dev\claimshark-dashboard\node_modules\next\dist\build\webpack\loaders\next-swc-loader.js??ruleSet[1].rules[15].oneOf[5].use[1]!C:\Users\zacan\desktop\dev\claimshark-das
hboard\node_modules\next\dist\shared\lib\router\utils\add-path-prefix.js|app-pages-browser

Import trace for requested module:
./node_modules/next/dist/shared/lib/router/utils/parse-path.js
./node_modules/next/dist/shared/lib/router/utils/add-path-prefix.js
./node_modules/next/dist/client/add-base-path.js
./node_modules/next/dist/client/components/app-router.js

./node_modules/next/dist/shared/lib/router/utils/path-has-prefix.js
There are multiple modules with names that only differ in casing.
This can lead to unexpected behavior when compiling on a filesystem with other case-semantic.
Use equal casing. Compare these module identifiers:
* javascript/auto|C:\Users\zacan\Desktop\Dev\claimshark-dashboard\node_modules\next\dist\build\webpack\loaders\next-flight-client-module-loader.js!C:\Users\zacan\Desktop\
Dev\claimshark-dashboard\node_modules\next\dist\build\webpack\loaders\next-swc-loader.js??ruleSet[1].rules[15].oneOf[5].use[1]!C:\Users\zacan\Desktop\Dev\claimshark-dashb
oard\node_modules\next\dist\shared\lib\router\utils\path-has-prefix.js|app-pages-browser
    Used by 1 module(s), i. e.
    javascript/auto|C:\Users\zacan\Desktop\Dev\claimshark-dashboard\node_modules\next\dist\build\webpack\loaders\next-flight-client-module-loader.js!C:\Users\zacan\Deskto
p\Dev\claimshark-dashboard\node_modules\next\dist\build\webpack\loaders\next-swc-loader.js??ruleSet[1].rules[15].oneOf[5].use[1]!C:\Users\zacan\Desktop\Dev\claimshark-das
hboard\node_modules\next\dist\client\has-base-path.js|app-pages-browser
* javascript/auto|C:\Users\zacan\Desktop\Dev\claimshark-dashboard\node_modules\next\dist\build\webpack\loaders\next-flight-client-module-loader.js!C:\Users\zacan\Desktop\
Dev\claimshark-dashboard\node_modules\next\dist\build\webpack\loaders\next-swc-loader.js??ruleSet[1].rules[15].oneOf[5].use[1]!C:\Users\zacan\desktop\dev\claimshark-dashb
oard\node_modules\next\dist\shared\lib\router\utils\path-has-prefix.js|app-pages-browser
    Used by 1 module(s), i. e.
    javascript/auto|C:\Users\zacan\Desktop\Dev\claimshark-dashboard\node_modules\next\dist\build\webpack\loaders\next-flight-client-module-loader.js!C:\Users\zacan\Deskto
p\Dev\claimshark-dashboard\node_modules\next\dist\build\webpack\loaders\next-swc-loader.js??ruleSet[1].rules[15].oneOf[5].use[1]!C:\Users\zacan\desktop\dev\claimshark-das
hboard\node_modules\next\dist\client\has-base-path.js|app-pages-browser

Import trace for requested module:
./node_modules/next/dist/shared/lib/router/utils/path-has-prefix.js
./node_modules/next/dist/client/has-base-path.js
./node_modules/next/dist/client/components/app-router.js

./node_modules/next/dist/shared/lib/router/utils/remove-trailing-slash.js
There are multiple modules with names that only differ in casing.
This can lead to unexpected behavior when compiling on a filesystem with other case-semantic.
Use equal casing. Compare these module identifiers:
* javascript/auto|C:\Users\zacan\Desktop\Dev\claimshark-dashboard\node_modules\next\dist\build\webpack\loaders\next-flight-client-module-loader.js!C:\Users\zacan\Desktop\
Dev\claimshark-dashboard\node_modules\next\dist\build\webpack\loaders\next-swc-loader.js??ruleSet[1].rules[15].oneOf[5].use[1]!C:\Users\zacan\Desktop\Dev\claimshark-dashb
oard\node_modules\next\dist\shared\lib\router\utils\remove-trailing-slash.js|app-pages-browser
    Used by 1 module(s), i. e.
    javascript/auto|C:\Users\zacan\Desktop\Dev\claimshark-dashboard\node_modules\next\dist\build\webpack\loaders\next-flight-client-module-loader.js!C:\Users\zacan\Deskto
p\Dev\claimshark-dashboard\node_modules\next\dist\build\webpack\loaders\next-swc-loader.js??ruleSet[1].rules[15].oneOf[5].use[1]!C:\Users\zacan\Desktop\Dev\claimshark-das
hboard\node_modules\next\dist\client\normalize-trailing-slash.js|app-pages-browser
* javascript/auto|C:\Users\zacan\Desktop\Dev\claimshark-dashboard\node_modules\next\dist\build\webpack\loaders\next-flight-client-module-loader.js!C:\Users\zacan\Desktop\
Dev\claimshark-dashboard\node_modules\next\dist\build\webpack\loaders\next-swc-loader.js??ruleSet[1].rules[15].oneOf[5].use[1]!C:\Users\zacan\desktop\dev\claimshark-dashb
oard\node_modules\next\dist\shared\lib\router\utils\remove-trailing-slash.js|app-pages-browser
    Used by 1 module(s), i. e.
    javascript/auto|C:\Users\zacan\Desktop\Dev\claimshark-dashboard\node_modules\next\dist\build\webpack\loaders\next-flight-client-module-loader.js!C:\Users\zacan\Deskto
p\Dev\claimshark-dashboard\node_modules\next\dist\build\webpack\loaders\next-swc-loader.js??ruleSet[1].rules[15].oneOf[5].use[1]!C:\Users\zacan\desktop\dev\claimshark-das
hboard\node_modules\next\dist\client\normalize-trailing-slash.js|app-pages-browser

Import trace for requested module:
./node_modules/next/dist/shared/lib/router/utils/remove-trailing-slash.js
./node_modules/next/dist/client/normalize-trailing-slash.js
./node_modules/next/dist/client/add-base-path.js
./node_modules/next/dist/client/components/app-router.js

./node_modules/next/dist/shared/lib/segment.js
There are multiple modules with names that only differ in casing.
This can lead to unexpected behavior when compiling on a filesystem with other case-semantic.
Use equal casing. Compare these module identifiers:
* javascript/auto|C:\Users\zacan\Desktop\Dev\claimshark-dashboard\node_modules\next\dist\build\webpack\loaders\next-flight-client-module-loader.js!C:\Users\zacan\Desktop\
Dev\claimshark-dashboard\node_modules\next\dist\build\webpack\loaders\next-swc-loader.js??ruleSet[1].rules[15].oneOf[5].use[1]!C:\Users\zacan\Desktop\Dev\claimshark-dashb
oard\node_modules\next\dist\shared\lib\segment.js|app-pages-browser
    Used by 10 module(s), i. e.
    javascript/auto|C:\Users\zacan\Desktop\Dev\claimshark-dashboard\node_modules\next\dist\build\webpack\loaders\next-flight-client-module-loader.js!C:\Users\zacan\Deskto
p\Dev\claimshark-dashboard\node_modules\next\dist\build\webpack\loaders\next-swc-loader.js??ruleSet[1].rules[15].oneOf[5].use[1]!C:\Users\zacan\Desktop\Dev\claimshark-das
hboard\node_modules\next\dist\client\components\app-router.js|app-pages-browser
* javascript/auto|C:\Users\zacan\Desktop\Dev\claimshark-dashboard\node_modules\next\dist\build\webpack\loaders\next-flight-client-module-loader.js!C:\Users\zacan\Desktop\
Dev\claimshark-dashboard\node_modules\next\dist\build\webpack\loaders\next-swc-loader.js??ruleSet[1].rules[15].oneOf[5].use[1]!C:\Users\zacan\desktop\dev\claimshark-dashb
oard\node_modules\next\dist\shared\lib\segment.js|app-pages-browser
    Used by 10 module(s), i. e.
    javascript/auto|C:\Users\zacan\Desktop\Dev\claimshark-dashboard\node_modules\next\dist\build\webpack\loaders\next-flight-client-module-loader.js!C:\Users\zacan\Deskto
p\Dev\claimshark-dashboard\node_modules\next\dist\build\webpack\loaders\next-swc-loader.js??ruleSet[1].rules[15].oneOf[5].use[1]!C:\Users\zacan\desktop\dev\claimshark-das
hboard\node_modules\next\dist\client\components\app-router.js|app-pages-browser

Import trace for requested module:
./node_modules/next/dist/shared/lib/segment.js
./node_modules/next/dist/client/components/app-router.js

./node_modules/next/dist/shared/lib/server-inserted-html.shared-runtime.js
There are multiple modules with names that only differ in casing.
This can lead to unexpected behavior when compiling on a filesystem with other case-semantic.
Use equal casing. Compare these module identifiers:
* javascript/auto|C:\Users\zacan\Desktop\Dev\claimshark-dashboard\node_modules\next\dist\build\webpack\loaders\next-flight-client-module-loader.js!C:\Users\zacan\Desktop\
Dev\claimshark-dashboard\node_modules\next\dist\build\webpack\loaders\next-swc-loader.js??ruleSet[1].rules[15].oneOf[5].use[1]!C:\Users\zacan\Desktop\Dev\claimshark-dashb
oard\node_modules\next\dist\shared\lib\server-inserted-html.shared-runtime.js|app-pages-browser
    Used by 2 module(s), i. e.
    javascript/auto|C:\Users\zacan\Desktop\Dev\claimshark-dashboard\node_modules\next\dist\build\webpack\loaders\next-flight-client-module-loader.js!C:\Users\zacan\Deskto
p\Dev\claimshark-dashboard\node_modules\next\dist\build\webpack\loaders\next-swc-loader.js??ruleSet[1].rules[15].oneOf[5].use[1]!C:\Users\zacan\Desktop\Dev\claimshark-das
hboard\node_modules\next\dist\client\components\navigation.js|app-pages-browser
* javascript/auto|C:\Users\zacan\Desktop\Dev\claimshark-dashboard\node_modules\next\dist\build\webpack\loaders\next-flight-client-module-loader.js!C:\Users\zacan\Desktop\
Dev\claimshark-dashboard\node_modules\next\dist\build\webpack\loaders\next-swc-loader.js??ruleSet[1].rules[15].oneOf[5].use[1]!C:\Users\zacan\desktop\dev\claimshark-dashb
oard\node_modules\next\dist\shared\lib\server-inserted-html.shared-runtime.js|app-pages-browser
    Used by 2 module(s), i. e.
    javascript/auto|C:\Users\zacan\Desktop\Dev\claimshark-dashboard\node_modules\next\dist\build\webpack\loaders\next-flight-client-module-loader.js!C:\Users\zacan\Deskto
p\Dev\claimshark-dashboard\node_modules\next\dist\build\webpack\loaders\next-swc-loader.js??ruleSet[1].rules[15].oneOf[5].use[1]!C:\Users\zacan\desktop\dev\claimshark-das
hboard\node_modules\next\dist\client\components\navigation.js|app-pages-browser

Import trace for requested module:
./node_modules/next/dist/shared/lib/server-inserted-html.shared-runtime.js
./node_modules/next/dist/client/components/navigation.js
./node_modules/next/dist/client/components/error-boundary.js

./node_modules/next/dist/client/components/action-async-storage-instance.js
There are multiple modules with names that only differ in casing.
This can lead to unexpected behavior when compiling on a filesystem with other case-semantic.
Use equal casing. Compare these module identifiers:
* javascript/auto|C:\Users\zacan\Desktop\Dev\claimshark-dashboard\node_modules\next\dist\build\webpack\loaders\next-swc-loader.js??ruleSet[1].rules[15].oneOf[7].use[0]!C:
\Users\zacan\Desktop\Dev\claimshark-dashboard\node_modules\next\dist\client\components\action-async-storage-instance.js|shared
    Used by 2 module(s), i. e.
    javascript/auto|C:\Users\zacan\Desktop\Dev\claimshark-dashboard\node_modules\next\dist\build\webpack\loaders\next-flight-client-module-loader.js!C:\Users\zacan\Deskto
p\Dev\claimshark-dashboard\node_modules\next\dist\build\webpack\loaders\next-swc-loader.js??ruleSet[1].rules[15].oneOf[5].use[1]!C:\Users\zacan\Desktop\Dev\claimshark-das
hboard\node_modules\next\dist\client\components\action-async-storage.external.js|shared
* javascript/auto|C:\Users\zacan\Desktop\Dev\claimshark-dashboard\node_modules\next\dist\build\webpack\loaders\next-swc-loader.js??ruleSet[1].rules[15].oneOf[7].use[0]!C:
\Users\zacan\desktop\dev\claimshark-dashboard\node_modules\next\dist\client\components\action-async-storage-instance.js|shared
    Used by 2 module(s), i. e.
    javascript/auto|C:\Users\zacan\Desktop\Dev\claimshark-dashboard\node_modules\next\dist\build\webpack\loaders\next-flight-client-module-loader.js!C:\Users\zacan\Deskto
p\Dev\claimshark-dashboard\node_modules\next\dist\build\webpack\loaders\next-swc-loader.js??ruleSet[1].rules[15].oneOf[5].use[1]!C:\Users\zacan\desktop\dev\claimshark-das
hboard\node_modules\next\dist\client\components\action-async-storage.external.js|shared

Import trace for requested module:
./node_modules/next/dist/client/components/action-async-storage-instance.js
./node_modules/next/dist/client/components/action-async-storage.external.js
./node_modules/next/dist/client/components/redirect.js
./node_modules/next/dist/client/components/redirect-boundary.js
./node_modules/next/dist/client/components/app-router.js

./node_modules/next/dist/client/components/async-local-storage.js
There are multiple modules with names that only differ in casing.
This can lead to unexpected behavior when compiling on a filesystem with other case-semantic.
Use equal casing. Compare these module identifiers:
* javascript/auto|C:\Users\zacan\Desktop\Dev\claimshark-dashboard\node_modules\next\dist\build\webpack\loaders\next-swc-loader.js??ruleSet[1].rules[15].oneOf[7].use[0]!C:
\Users\zacan\Desktop\Dev\claimshark-dashboard\node_modules\next\dist\client\components\async-local-storage.js|shared
    Used by 4 module(s), i. e.
    javascript/auto|C:\Users\zacan\Desktop\Dev\claimshark-dashboard\node_modules\next\dist\build\webpack\loaders\next-swc-loader.js??ruleSet[1].rules[15].oneOf[7].use[0]!
C:\Users\zacan\Desktop\Dev\claimshark-dashboard\node_modules\next\dist\client\components\static-generation-async-storage-instance.js|shared
* javascript/auto|C:\Users\zacan\Desktop\Dev\claimshark-dashboard\node_modules\next\dist\build\webpack\loaders\next-swc-loader.js??ruleSet[1].rules[15].oneOf[7].use[0]!C:
\Users\zacan\desktop\dev\claimshark-dashboard\node_modules\next\dist\client\components\async-local-storage.js|shared
    Used by 4 module(s), i. e.
    javascript/auto|C:\Users\zacan\Desktop\Dev\claimshark-dashboard\node_modules\next\dist\build\webpack\loaders\next-swc-loader.js??ruleSet[1].rules[15].oneOf[7].use[0]!
C:\Users\zacan\desktop\dev\claimshark-dashboard\node_modules\next\dist\client\components\request-async-storage-instance.js|shared

Import trace for requested module:
./node_modules/next/dist/client/components/async-local-storage.js
./node_modules/next/dist/client/components/static-generation-async-storage-instance.js
./node_modules/next/dist/client/components/static-generation-async-storage.external.js
./node_modules/next/dist/client/components/error-boundary.js

./node_modules/next/dist/client/components/request-async-storage-instance.js
There are multiple modules with names that only differ in casing.
This can lead to unexpected behavior when compiling on a filesystem with other case-semantic.
Use equal casing. Compare these module identifiers:
* javascript/auto|C:\Users\zacan\Desktop\Dev\claimshark-dashboard\node_modules\next\dist\build\webpack\loaders\next-swc-loader.js??ruleSet[1].rules[15].oneOf[7].use[0]!C:
\Users\zacan\Desktop\Dev\claimshark-dashboard\node_modules\next\dist\client\components\request-async-storage-instance.js|shared
    Used by 2 module(s), i. e.
    javascript/auto|C:\Users\zacan\Desktop\Dev\claimshark-dashboard\node_modules\next\dist\build\webpack\loaders\next-flight-client-module-loader.js!C:\Users\zacan\Deskto
p\Dev\claimshark-dashboard\node_modules\next\dist\build\webpack\loaders\next-swc-loader.js??ruleSet[1].rules[15].oneOf[5].use[1]!C:\Users\zacan\Desktop\Dev\claimshark-das
hboard\node_modules\next\dist\client\components\request-async-storage.external.js|shared
* javascript/auto|C:\Users\zacan\Desktop\Dev\claimshark-dashboard\node_modules\next\dist\build\webpack\loaders\next-swc-loader.js??ruleSet[1].rules[15].oneOf[7].use[0]!C:
\Users\zacan\desktop\dev\claimshark-dashboard\node_modules\next\dist\client\components\request-async-storage-instance.js|shared
    Used by 2 module(s), i. e.
    javascript/auto|C:\Users\zacan\Desktop\Dev\claimshark-dashboard\node_modules\next\dist\build\webpack\loaders\next-flight-client-module-loader.js!C:\Users\zacan\Deskto
p\Dev\claimshark-dashboard\node_modules\next\dist\build\webpack\loaders\next-swc-loader.js??ruleSet[1].rules[15].oneOf[5].use[1]!C:\Users\zacan\desktop\dev\claimshark-das
hboard\node_modules\next\dist\client\components\request-async-storage.external.js|shared

Import trace for requested module:
./node_modules/next/dist/client/components/request-async-storage-instance.js
./node_modules/next/dist/client/components/request-async-storage.external.js
./node_modules/next/dist/client/components/redirect.js
./node_modules/next/dist/client/components/redirect-boundary.js
./node_modules/next/dist/client/components/app-router.js

./node_modules/next/dist/client/components/static-generation-async-storage-instance.js
There are multiple modules with names that only differ in casing.
This can lead to unexpected behavior when compiling on a filesystem with other case-semantic.
Use equal casing. Compare these module identifiers:
* javascript/auto|C:\Users\zacan\Desktop\Dev\claimshark-dashboard\node_modules\next\dist\build\webpack\loaders\next-swc-loader.js??ruleSet[1].rules[15].oneOf[7].use[0]!C:
\Users\zacan\Desktop\Dev\claimshark-dashboard\node_modules\next\dist\client\components\static-generation-async-storage-instance.js|shared
    Used by 2 module(s), i. e.
    javascript/auto|C:\Users\zacan\Desktop\Dev\claimshark-dashboard\node_modules\next\dist\build\webpack\loaders\next-flight-client-module-loader.js!C:\Users\zacan\Deskto
p\Dev\claimshark-dashboard\node_modules\next\dist\build\webpack\loaders\next-swc-loader.js??ruleSet[1].rules[15].oneOf[5].use[1]!C:\Users\zacan\Desktop\Dev\claimshark-das
hboard\node_modules\next\dist\client\components\static-generation-async-storage.external.js|shared
* javascript/auto|C:\Users\zacan\Desktop\Dev\claimshark-dashboard\node_modules\next\dist\build\webpack\loaders\next-swc-loader.js??ruleSet[1].rules[15].oneOf[7].use[0]!C:
\Users\zacan\desktop\dev\claimshark-dashboard\node_modules\next\dist\client\components\static-generation-async-storage-instance.js|shared
    Used by 2 module(s), i. e.
    javascript/auto|C:\Users\zacan\Desktop\Dev\claimshark-dashboard\node_modules\next\dist\build\webpack\loaders\next-flight-client-module-loader.js!C:\Users\zacan\Deskto
p\Dev\claimshark-dashboard\node_modules\next\dist\build\webpack\loaders\next-swc-loader.js??ruleSet[1].rules[15].oneOf[5].use[1]!C:\Users\zacan\desktop\dev\claimshark-das
hboard\node_modules\next\dist\client\components\static-generation-async-storage.external.js|shared

Import trace for requested module:
./node_modules/next/dist/client/components/static-generation-async-storage-instance.js
./node_modules/next/dist/client/components/static-generation-async-storage.external.js
./node_modules/next/dist/client/components/error-boundary.js

 Ô£ô Compiled successfully
   Linting and checking validity of types ...
   Collecting page data ...
   Generating static pages (0/5) ...
   Generating static pages (1/5) 
TypeError: Cannot read properties of null (reading 'useContext')
    at exports.useContext (C:\Users\zacan\desktop\dev\claimshark-dashboard\node_modules\react\cjs\react.production.min.js:24:495)
    at h (C:\Users\zacan\desktop\dev\claimshark-dashboard\.next\server\pages\_error.js:1:5990)
    at Wc (C:\Users\zacan\Desktop\Dev\claimshark-dashboard\node_modules\react-dom\cjs\react-dom-server.browser.production.min.js:68:44)
    at Zc (C:\Users\zacan\Desktop\Dev\claimshark-dashboard\node_modules\react-dom\cjs\react-dom-server.browser.production.min.js:70:253)
    at Z (C:\Users\zacan\Desktop\Dev\claimshark-dashboard\node_modules\react-dom\cjs\react-dom-server.browser.production.min.js:76:89)
    at $c (C:\Users\zacan\Desktop\Dev\claimshark-dashboard\node_modules\react-dom\cjs\react-dom-server.browser.production.min.js:78:98)
    at bd (C:\Users\zacan\Desktop\Dev\claimshark-dashboard\node_modules\react-dom\cjs\react-dom-server.browser.production.min.js:77:404)
    at Z (C:\Users\zacan\Desktop\Dev\claimshark-dashboard\node_modules\react-dom\cjs\react-dom-server.browser.production.min.js:76:217)
    at $c (C:\Users\zacan\Desktop\Dev\claimshark-dashboard\node_modules\react-dom\cjs\react-dom-server.browser.production.min.js:78:98)
    at Zc (C:\Users\zacan\Desktop\Dev\claimshark-dashboard\node_modules\react-dom\cjs\react-dom-server.browser.production.min.js:71:145)

Error occurred prerendering page "/500". Read more: https://nextjs.org/docs/messages/prerender-error

TypeError: Cannot read properties of null (reading 'useContext')
    at exports.useContext (C:\Users\zacan\desktop\dev\claimshark-dashboard\node_modules\react\cjs\react.production.min.js:24:495)
    at h (C:\Users\zacan\desktop\dev\claimshark-dashboard\.next\server\pages\_error.js:1:5990)
    at Wc (C:\Users\zacan\Desktop\Dev\claimshark-dashboard\node_modules\react-dom\cjs\react-dom-server.browser.production.min.js:68:44)
    at Zc (C:\Users\zacan\Desktop\Dev\claimshark-dashboard\node_modules\react-dom\cjs\react-dom-server.browser.production.min.js:70:253)
    at Z (C:\Users\zacan\Desktop\Dev\claimshark-dashboard\node_modules\react-dom\cjs\react-dom-server.browser.production.min.js:76:89)
    at $c (C:\Users\zacan\Desktop\Dev\claimshark-dashboard\node_modules\react-dom\cjs\react-dom-server.browser.production.min.js:78:98)
    at bd (C:\Users\zacan\Desktop\Dev\claimshark-dashboard\node_modules\react-dom\cjs\react-dom-server.browser.production.min.js:77:404)
    at Z (C:\Users\zacan\Desktop\Dev\claimshark-dashboard\node_modules\react-dom\cjs\react-dom-server.browser.production.min.js:76:217)
    at $c (C:\Users\zacan\Desktop\Dev\claimshark-dashboard\node_modules\react-dom\cjs\react-dom-server.browser.production.min.js:78:98)
    at Zc (C:\Users\zacan\Desktop\Dev\claimshark-dashboard\node_modules\react-dom\cjs\react-dom-server.browser.production.min.js:71:145)
   Generating static pages (2/5) 
TypeError: Cannot read properties of null (reading 'useContext')
    at t.useContext (C:\Users\zacan\desktop\dev\claimshark-dashboard\node_modules\next\dist\compiled\next-server\app-page.runtime.prod.js:12:109363)
    at d (C:\Users\zacan\desktop\dev\claimshark-dashboard\.next\server\chunks\964.js:1:21713)
    at h (C:\Users\zacan\desktop\dev\claimshark-dashboard\.next\server\chunks\964.js:1:13637)
    at nj (C:\Users\zacan\Desktop\Dev\claimshark-dashboard\node_modules\next\dist\compiled\next-server\app-page.runtime.prod.js:12:46251)
    at nM (C:\Users\zacan\Desktop\Dev\claimshark-dashboard\node_modules\next\dist\compiled\next-server\app-page.runtime.prod.js:12:47571)
    at nN (C:\Users\zacan\Desktop\Dev\claimshark-dashboard\node_modules\next\dist\compiled\next-server\app-page.runtime.prod.js:12:64546)
    at nI (C:\Users\zacan\Desktop\Dev\claimshark-dashboard\node_modules\next\dist\compiled\next-server\app-page.runtime.prod.js:12:47010)
    at nM (C:\Users\zacan\Desktop\Dev\claimshark-dashboard\node_modules\next\dist\compiled\next-server\app-page.runtime.prod.js:12:47717)
    at nM (C:\Users\zacan\Desktop\Dev\claimshark-dashboard\node_modules\next\dist\compiled\next-server\app-page.runtime.prod.js:12:61546)
    at nN (C:\Users\zacan\Desktop\Dev\claimshark-dashboard\node_modules\next\dist\compiled\next-server\app-page.runtime.prod.js:12:64546) {
  digest: '2689738441'
}
TypeError: Cannot read properties of null (reading 'useContext')
    at t.useContext (C:\Users\zacan\desktop\dev\claimshark-dashboard\node_modules\next\dist\compiled\next-server\app-page.runtime.prod.js:12:109363)
    at d (C:\Users\zacan\desktop\dev\claimshark-dashboard\.next\server\chunks\964.js:1:21713)
    at h (C:\Users\zacan\desktop\dev\claimshark-dashboard\.next\server\chunks\964.js:1:13637)
    at nj (C:\Users\zacan\Desktop\Dev\claimshark-dashboard\node_modules\next\dist\compiled\next-server\app-page.runtime.prod.js:12:46251)
    at nM (C:\Users\zacan\Desktop\Dev\claimshark-dashboard\node_modules\next\dist\compiled\next-server\app-page.runtime.prod.js:12:47571)
    at nN (C:\Users\zacan\Desktop\Dev\claimshark-dashboard\node_modules\next\dist\compiled\next-server\app-page.runtime.prod.js:12:64546)
    at nI (C:\Users\zacan\Desktop\Dev\claimshark-dashboard\node_modules\next\dist\compiled\next-server\app-page.runtime.prod.js:12:47010)
    at nM (C:\Users\zacan\Desktop\Dev\claimshark-dashboard\node_modules\next\dist\compiled\next-server\app-page.runtime.prod.js:12:47717)
    at nM (C:\Users\zacan\Desktop\Dev\claimshark-dashboard\node_modules\next\dist\compiled\next-server\app-page.runtime.prod.js:12:61546)
    at nN (C:\Users\zacan\Desktop\Dev\claimshark-dashboard\node_modules\next\dist\compiled\next-server\app-page.runtime.prod.js:12:64546)

Error occurred prerendering page "/_not-found". Read more: https://nextjs.org/docs/messages/prerender-error

TypeError: Cannot read properties of null (reading 'useContext')
    at t.useContext (C:\Users\zacan\desktop\dev\claimshark-dashboard\node_modules\next\dist\compiled\next-server\app-page.runtime.prod.js:12:109363)
    at d (C:\Users\zacan\desktop\dev\claimshark-dashboard\.next\server\chunks\964.js:1:21713)
    at h (C:\Users\zacan\desktop\dev\claimshark-dashboard\.next\server\chunks\964.js:1:13637)
    at nj (C:\Users\zacan\Desktop\Dev\claimshark-dashboard\node_modules\next\dist\compiled\next-server\app-page.runtime.prod.js:12:46251)
    at nM (C:\Users\zacan\Desktop\Dev\claimshark-dashboard\node_modules\next\dist\compiled\next-server\app-page.runtime.prod.js:12:47571)
    at nN (C:\Users\zacan\Desktop\Dev\claimshark-dashboard\node_modules\next\dist\compiled\next-server\app-page.runtime.prod.js:12:64546)
    at nI (C:\Users\zacan\Desktop\Dev\claimshark-dashboard\node_modules\next\dist\compiled\next-server\app-page.runtime.prod.js:12:47010)
    at nM (C:\Users\zacan\Desktop\Dev\claimshark-dashboard\node_modules\next\dist\compiled\next-server\app-page.runtime.prod.js:12:47717)
    at nM (C:\Users\zacan\Desktop\Dev\claimshark-dashboard\node_modules\next\dist\compiled\next-server\app-page.runtime.prod.js:12:61546)
    at nN (C:\Users\zacan\Desktop\Dev\claimshark-dashboard\node_modules\next\dist\compiled\next-server\app-page.runtime.prod.js:12:64546)
   Generating static pages (3/5) 
TypeError: Cannot read properties of null (reading 'useContext')
    at t.useContext (C:\Users\zacan\desktop\dev\claimshark-dashboard\node_modules\next\dist\compiled\next-server\app-page.runtime.prod.js:12:109363)
    at d (C:\Users\zacan\desktop\dev\claimshark-dashboard\.next\server\chunks\964.js:1:21713)
    at h (C:\Users\zacan\desktop\dev\claimshark-dashboard\.next\server\chunks\964.js:1:13637)
    at nj (C:\Users\zacan\Desktop\Dev\claimshark-dashboard\node_modules\next\dist\compiled\next-server\app-page.runtime.prod.js:12:46251)
    at nM (C:\Users\zacan\Desktop\Dev\claimshark-dashboard\node_modules\next\dist\compiled\next-server\app-page.runtime.prod.js:12:47571)
    at nN (C:\Users\zacan\Desktop\Dev\claimshark-dashboard\node_modules\next\dist\compiled\next-server\app-page.runtime.prod.js:12:64546)
    at nI (C:\Users\zacan\Desktop\Dev\claimshark-dashboard\node_modules\next\dist\compiled\next-server\app-page.runtime.prod.js:12:47010)
    at nM (C:\Users\zacan\Desktop\Dev\claimshark-dashboard\node_modules\next\dist\compiled\next-server\app-page.runtime.prod.js:12:47717)
    at nM (C:\Users\zacan\Desktop\Dev\claimshark-dashboard\node_modules\next\dist\compiled\next-server\app-page.runtime.prod.js:12:61546)
    at nN (C:\Users\zacan\Desktop\Dev\claimshark-dashboard\node_modules\next\dist\compiled\next-server\app-page.runtime.prod.js:12:64546) {
  digest: '2689738441'
}
TypeError: Cannot read properties of null (reading 'useContext')
    at t.useContext (C:\Users\zacan\desktop\dev\claimshark-dashboard\node_modules\next\dist\compiled\next-server\app-page.runtime.prod.js:12:109363)
    at d (C:\Users\zacan\desktop\dev\claimshark-dashboard\.next\server\chunks\964.js:1:21713)
    at h (C:\Users\zacan\desktop\dev\claimshark-dashboard\.next\server\chunks\964.js:1:13637)
    at nj (C:\Users\zacan\Desktop\Dev\claimshark-dashboard\node_modules\next\dist\compiled\next-server\app-page.runtime.prod.js:12:46251)
    at nM (C:\Users\zacan\Desktop\Dev\claimshark-dashboard\node_modules\next\dist\compiled\next-server\app-page.runtime.prod.js:12:47571)
    at nN (C:\Users\zacan\Desktop\Dev\claimshark-dashboard\node_modules\next\dist\compiled\next-server\app-page.runtime.prod.js:12:64546)
    at nI (C:\Users\zacan\Desktop\Dev\claimshark-dashboard\node_modules\next\dist\compiled\next-server\app-page.runtime.prod.js:12:47010)
    at nM (C:\Users\zacan\Desktop\Dev\claimshark-dashboard\node_modules\next\dist\compiled\next-server\app-page.runtime.prod.js:12:47717)
    at nM (C:\Users\zacan\Desktop\Dev\claimshark-dashboard\node_modules\next\dist\compiled\next-server\app-page.runtime.prod.js:12:61546)
    at nN (C:\Users\zacan\Desktop\Dev\claimshark-dashboard\node_modules\next\dist\compiled\next-server\app-page.runtime.prod.js:12:64546)

Error occurred prerendering page "/". Read more: https://nextjs.org/docs/messages/prerender-error

TypeError: Cannot read properties of null (reading 'useContext')
    at t.useContext (C:\Users\zacan\desktop\dev\claimshark-dashboard\node_modules\next\dist\compiled\next-server\app-page.runtime.prod.js:12:109363)
    at d (C:\Users\zacan\desktop\dev\claimshark-dashboard\.next\server\chunks\964.js:1:21713)
    at h (C:\Users\zacan\desktop\dev\claimshark-dashboard\.next\server\chunks\964.js:1:13637)
    at nj (C:\Users\zacan\Desktop\Dev\claimshark-dashboard\node_modules\next\dist\compiled\next-server\app-page.runtime.prod.js:12:46251)
    at nM (C:\Users\zacan\Desktop\Dev\claimshark-dashboard\node_modules\next\dist\compiled\next-server\app-page.runtime.prod.js:12:47571)
    at nN (C:\Users\zacan\Desktop\Dev\claimshark-dashboard\node_modules\next\dist\compiled\next-server\app-page.runtime.prod.js:12:64546)
    at nI (C:\Users\zacan\Desktop\Dev\claimshark-dashboard\node_modules\next\dist\compiled\next-server\app-page.runtime.prod.js:12:47010)
    at nM (C:\Users\zacan\Desktop\Dev\claimshark-dashboard\node_modules\next\dist\compiled\next-server\app-page.runtime.prod.js:12:47717)
    at nM (C:\Users\zacan\Desktop\Dev\claimshark-dashboard\node_modules\next\dist\compiled\next-server\app-page.runtime.prod.js:12:61546)
    at nN (C:\Users\zacan\Desktop\Dev\claimshark-dashboard\node_modules\next\dist\compiled\next-server\app-page.runtime.prod.js:12:64546)
TypeError: Cannot read properties of null (reading 'useContext')
    at exports.useContext (C:\Users\zacan\desktop\dev\claimshark-dashboard\node_modules\react\cjs\react.production.min.js:24:495)
    at h (C:\Users\zacan\desktop\dev\claimshark-dashboard\.next\server\pages\_error.js:1:5990)
    at Wc (C:\Users\zacan\Desktop\Dev\claimshark-dashboard\node_modules\react-dom\cjs\react-dom-server.browser.production.min.js:68:44)
    at Zc (C:\Users\zacan\Desktop\Dev\claimshark-dashboard\node_modules\react-dom\cjs\react-dom-server.browser.production.min.js:70:253)
    at Z (C:\Users\zacan\Desktop\Dev\claimshark-dashboard\node_modules\react-dom\cjs\react-dom-server.browser.production.min.js:76:89)
    at $c (C:\Users\zacan\Desktop\Dev\claimshark-dashboard\node_modules\react-dom\cjs\react-dom-server.browser.production.min.js:78:98)
    at bd (C:\Users\zacan\Desktop\Dev\claimshark-dashboard\node_modules\react-dom\cjs\react-dom-server.browser.production.min.js:77:404)
    at Z (C:\Users\zacan\Desktop\Dev\claimshark-dashboard\node_modules\react-dom\cjs\react-dom-server.browser.production.min.js:76:217)
    at $c (C:\Users\zacan\Desktop\Dev\claimshark-dashboard\node_modules\react-dom\cjs\react-dom-server.browser.production.min.js:78:98)
    at Zc (C:\Users\zacan\Desktop\Dev\claimshark-dashboard\node_modules\react-dom\cjs\react-dom-server.browser.production.min.js:71:145)

Error occurred prerendering page "/404". Read more: https://nextjs.org/docs/messages/prerender-error

TypeError: Cannot read properties of null (reading 'useContext')
    at exports.useContext (C:\Users\zacan\desktop\dev\claimshark-dashboard\node_modules\react\cjs\react.production.min.js:24:495)
    at h (C:\Users\zacan\desktop\dev\claimshark-dashboard\.next\server\pages\_error.js:1:5990)
    at Wc (C:\Users\zacan\Desktop\Dev\claimshark-dashboard\node_modules\react-dom\cjs\react-dom-server.browser.production.min.js:68:44)
    at Zc (C:\Users\zacan\Desktop\Dev\claimshark-dashboard\node_modules\react-dom\cjs\react-dom-server.browser.production.min.js:70:253)
    at Z (C:\Users\zacan\Desktop\Dev\claimshark-dashboard\node_modules\react-dom\cjs\react-dom-server.browser.production.min.js:76:89)
    at $c (C:\Users\zacan\Desktop\Dev\claimshark-dashboard\node_modules\react-dom\cjs\react-dom-server.browser.production.min.js:78:98)
    at bd (C:\Users\zacan\Desktop\Dev\claimshark-dashboard\node_modules\react-dom\cjs\react-dom-server.browser.production.min.js:77:404)
    at Z (C:\Users\zacan\Desktop\Dev\claimshark-dashboard\node_modules\react-dom\cjs\react-dom-server.browser.production.min.js:76:217)
    at $c (C:\Users\zacan\Desktop\Dev\claimshark-dashboard\node_modules\react-dom\cjs\react-dom-server.browser.production.min.js:78:98)
    at Zc (C:\Users\zacan\Desktop\Dev\claimshark-dashboard\node_modules\react-dom\cjs\react-dom-server.browser.production.min.js:71:145)
 Ô£ô Generating static pages (5/5)

> Export encountered errors on following paths:
	/_error: /404
	/_error: /500
	/_not-found/page: /_not-found
	/page: /
